00:36:05 **** Build of configuration Debug for project midterm ****
make -j4 all 
arm-none-eabi-gcc "../Drivers/STM32F1xx_HAL_Driver/Src/stm32f1xx_hal.c" -mcpu=cortex-m3 -std=gnu11 -g3 -DDEBUG -DUSE_HAL_DRIVER -DSTM32F103x6 -c -I../Core/Inc -I../Drivers/STM32F1xx_HAL_Driver/Inc/Legacy -I../Drivers/STM32F1xx_HAL_Driver/Inc -I../Drivers/CMSIS/Device/ST/STM32F1xx/Include -I../Drivers/CMSIS/Include -O0 -ffunction-sections -fdata-sections -Wall -fstack-usage -MMD -MP -MF"Drivers/STM32F1xx_HAL_Driver/Src/stm32f1xx_hal.d" -MT"Drivers/STM32F1xx_HAL_Driver/Src/stm32f1xx_hal.o" --specs=nano.specs -mfloat-abi=soft -mthumb -o "Drivers/STM32F1xx_HAL_Driver/Src/stm32f1xx_hal.o"
arm-none-eabi-gcc "../Drivers/STM32F1xx_HAL_Driver/Src/stm32f1xx_hal_cortex.c" -mcpu=cortex-m3 -std=gnu11 -g3 -DDEBUG -DUSE_HAL_DRIVER -DSTM32F103x6 -c -I../Core/Inc -I../Drivers/STM32F1xx_HAL_Driver/Inc/Legacy -I../Drivers/STM32F1xx_HAL_Driver/Inc -I../Drivers/CMSIS/Device/ST/STM32F1xx/Include -I../Drivers/CMSIS/Include -O0 -ffunction-sections -fdata-sections -Wall -fstack-usage -MMD -MP -MF"Drivers/STM32F1xx_HAL_Driver/Src/stm32f1xx_hal_cortex.d" -MT"Drivers/STM32F1xx_HAL_Driver/Src/stm32f1xx_hal_cortex.o" --specs=nano.specs -mfloat-abi=soft -mthumb -o "Drivers/STM32F1xx_HAL_Driver/Src/stm32f1xx_hal_cortex.o"
arm-none-eabi-gcc "../Drivers/STM32F1xx_HAL_Driver/Src/stm32f1xx_hal_dma.c" -mcpu=cortex-m3 -std=gnu11 -g3 -DDEBUG -DUSE_HAL_DRIVER -DSTM32F103x6 -c -I../Core/Inc -I../Drivers/STM32F1xx_HAL_Driver/Inc/Legacy -I../Drivers/STM32F1xx_HAL_Driver/Inc -I../Drivers/CMSIS/Device/ST/STM32F1xx/Include -I../Drivers/CMSIS/Include -O0 -ffunction-sections -fdata-sections -Wall -fstack-usage -MMD -MP -MF"Drivers/STM32F1xx_HAL_Driver/Src/stm32f1xx_hal_dma.d" -MT"Drivers/STM32F1xx_HAL_Driver/Src/stm32f1xx_hal_dma.o" --specs=nano.specs -mfloat-abi=soft -mthumb -o "Drivers/STM32F1xx_HAL_Driver/Src/stm32f1xx_hal_dma.o"
arm-none-eabi-gcc "../Drivers/STM32F1xx_HAL_Driver/Src/stm32f1xx_hal_exti.c" -mcpu=cortex-m3 -std=gnu11 -g3 -DDEBUG -DUSE_HAL_DRIVER -DSTM32F103x6 -c -I../Core/Inc -I../Drivers/STM32F1xx_HAL_Driver/Inc/Legacy -I../Drivers/STM32F1xx_HAL_Driver/Inc -I../Drivers/CMSIS/Device/ST/STM32F1xx/Include -I../Drivers/CMSIS/Include -O0 -ffunction-sections -fdata-sections -Wall -fstack-usage -MMD -MP -MF"Drivers/STM32F1xx_HAL_Driver/Src/stm32f1xx_hal_exti.d" -MT"Drivers/STM32F1xx_HAL_Driver/Src/stm32f1xx_hal_exti.o" --specs=nano.specs -mfloat-abi=soft -mthumb -o "Drivers/STM32F1xx_HAL_Driver/Src/stm32f1xx_hal_exti.o"
arm-none-eabi-gcc "../Drivers/STM32F1xx_HAL_Driver/Src/stm32f1xx_hal_flash.c" -mcpu=cortex-m3 -std=gnu11 -g3 -DDEBUG -DUSE_HAL_DRIVER -DSTM32F103x6 -c -I../Core/Inc -I../Drivers/STM32F1xx_HAL_Driver/Inc/Legacy -I../Drivers/STM32F1xx_HAL_Driver/Inc -I../Drivers/CMSIS/Device/ST/STM32F1xx/Include -I../Drivers/CMSIS/Include -O0 -ffunction-sections -fdata-sections -Wall -fstack-usage -MMD -MP -MF"Drivers/STM32F1xx_HAL_Driver/Src/stm32f1xx_hal_flash.d" -MT"Drivers/STM32F1xx_HAL_Driver/Src/stm32f1xx_hal_flash.o" --specs=nano.specs -mfloat-abi=soft -mthumb -o "Drivers/STM32F1xx_HAL_Driver/Src/stm32f1xx_hal_flash.o"
arm-none-eabi-gcc "../Drivers/STM32F1xx_HAL_Driver/Src/stm32f1xx_hal_flash_ex.c" -mcpu=cortex-m3 -std=gnu11 -g3 -DDEBUG -DUSE_HAL_DRIVER -DSTM32F103x6 -c -I../Core/Inc -I../Drivers/STM32F1xx_HAL_Driver/Inc/Legacy -I../Drivers/STM32F1xx_HAL_Driver/Inc -I../Drivers/CMSIS/Device/ST/STM32F1xx/Include -I../Drivers/CMSIS/Include -O0 -ffunction-sections -fdata-sections -Wall -fstack-usage -MMD -MP -MF"Drivers/STM32F1xx_HAL_Driver/Src/stm32f1xx_hal_flash_ex.d" -MT"Drivers/STM32F1xx_HAL_Driver/Src/stm32f1xx_hal_flash_ex.o" --specs=nano.specs -mfloat-abi=soft -mthumb -o "Drivers/STM32F1xx_HAL_Driver/Src/stm32f1xx_hal_flash_ex.o"
arm-none-eabi-gcc "../Drivers/STM32F1xx_HAL_Driver/Src/stm32f1xx_hal_gpio.c" -mcpu=cortex-m3 -std=gnu11 -g3 -DDEBUG -DUSE_HAL_DRIVER -DSTM32F103x6 -c -I../Core/Inc -I../Drivers/STM32F1xx_HAL_Driver/Inc/Legacy -I../Drivers/STM32F1xx_HAL_Driver/Inc -I../Drivers/CMSIS/Device/ST/STM32F1xx/Include -I../Drivers/CMSIS/Include -O0 -ffunction-sections -fdata-sections -Wall -fstack-usage -MMD -MP -MF"Drivers/STM32F1xx_HAL_Driver/Src/stm32f1xx_hal_gpio.d" -MT"Drivers/STM32F1xx_HAL_Driver/Src/stm32f1xx_hal_gpio.o" --specs=nano.specs -mfloat-abi=soft -mthumb -o "Drivers/STM32F1xx_HAL_Driver/Src/stm32f1xx_hal_gpio.o"
arm-none-eabi-gcc "../Drivers/STM32F1xx_HAL_Driver/Src/stm32f1xx_hal_gpio_ex.c" -mcpu=cortex-m3 -std=gnu11 -g3 -DDEBUG -DUSE_HAL_DRIVER -DSTM32F103x6 -c -I../Core/Inc -I../Drivers/STM32F1xx_HAL_Driver/Inc/Legacy -I../Drivers/STM32F1xx_HAL_Driver/Inc -I../Drivers/CMSIS/Device/ST/STM32F1xx/Include -I../Drivers/CMSIS/Include -O0 -ffunction-sections -fdata-sections -Wall -fstack-usage -MMD -MP -MF"Drivers/STM32F1xx_HAL_Driver/Src/stm32f1xx_hal_gpio_ex.d" -MT"Drivers/STM32F1xx_HAL_Driver/Src/stm32f1xx_hal_gpio_ex.o" --specs=nano.specs -mfloat-abi=soft -mthumb -o "Drivers/STM32F1xx_HAL_Driver/Src/stm32f1xx_hal_gpio_ex.o"
arm-none-eabi-gcc "../Drivers/STM32F1xx_HAL_Driver/Src/stm32f1xx_hal_pwr.c" -mcpu=cortex-m3 -std=gnu11 -g3 -DDEBUG -DUSE_HAL_DRIVER -DSTM32F103x6 -c -I../Core/Inc -I../Drivers/STM32F1xx_HAL_Driver/Inc/Legacy -I../Drivers/STM32F1xx_HAL_Driver/Inc -I../Drivers/CMSIS/Device/ST/STM32F1xx/Include -I../Drivers/CMSIS/Include -O0 -ffunction-sections -fdata-sections -Wall -fstack-usage -MMD -MP -MF"Drivers/STM32F1xx_HAL_Driver/Src/stm32f1xx_hal_pwr.d" -MT"Drivers/STM32F1xx_HAL_Driver/Src/stm32f1xx_hal_pwr.o" --specs=nano.specs -mfloat-abi=soft -mthumb -o "Drivers/STM32F1xx_HAL_Driver/Src/stm32f1xx_hal_pwr.o"
arm-none-eabi-gcc "../Drivers/STM32F1xx_HAL_Driver/Src/stm32f1xx_hal_rcc.c" -mcpu=cortex-m3 -std=gnu11 -g3 -DDEBUG -DUSE_HAL_DRIVER -DSTM32F103x6 -c -I../Core/Inc -I../Drivers/STM32F1xx_HAL_Driver/Inc/Legacy -I../Drivers/STM32F1xx_HAL_Driver/Inc -I../Drivers/CMSIS/Device/ST/STM32F1xx/Include -I../Drivers/CMSIS/Include -O0 -ffunction-sections -fdata-sections -Wall -fstack-usage -MMD -MP -MF"Drivers/STM32F1xx_HAL_Driver/Src/stm32f1xx_hal_rcc.d" -MT"Drivers/STM32F1xx_HAL_Driver/Src/stm32f1xx_hal_rcc.o" --specs=nano.specs -mfloat-abi=soft -mthumb -o "Drivers/STM32F1xx_HAL_Driver/Src/stm32f1xx_hal_rcc.o"
arm-none-eabi-gcc "../Drivers/STM32F1xx_HAL_Driver/Src/stm32f1xx_hal_rcc_ex.c" -mcpu=cortex-m3 -std=gnu11 -g3 -DDEBUG -DUSE_HAL_DRIVER -DSTM32F103x6 -c -I../Core/Inc -I../Drivers/STM32F1xx_HAL_Driver/Inc/Legacy -I../Drivers/STM32F1xx_HAL_Driver/Inc -I../Drivers/CMSIS/Device/ST/STM32F1xx/Include -I../Drivers/CMSIS/Include -O0 -ffunction-sections -fdata-sections -Wall -fstack-usage -MMD -MP -MF"Drivers/STM32F1xx_HAL_Driver/Src/stm32f1xx_hal_rcc_ex.d" -MT"Drivers/STM32F1xx_HAL_Driver/Src/stm32f1xx_hal_rcc_ex.o" --specs=nano.specs -mfloat-abi=soft -mthumb -o "Drivers/STM32F1xx_HAL_Driver/Src/stm32f1xx_hal_rcc_ex.o"
arm-none-eabi-gcc "../Drivers/STM32F1xx_HAL_Driver/Src/stm32f1xx_hal_tim.c" -mcpu=cortex-m3 -std=gnu11 -g3 -DDEBUG -DUSE_HAL_DRIVER -DSTM32F103x6 -c -I../Core/Inc -I../Drivers/STM32F1xx_HAL_Driver/Inc/Legacy -I../Drivers/STM32F1xx_HAL_Driver/Inc -I../Drivers/CMSIS/Device/ST/STM32F1xx/Include -I../Drivers/CMSIS/Include -O0 -ffunction-sections -fdata-sections -Wall -fstack-usage -MMD -MP -MF"Drivers/STM32F1xx_HAL_Driver/Src/stm32f1xx_hal_tim.d" -MT"Drivers/STM32F1xx_HAL_Driver/Src/stm32f1xx_hal_tim.o" --specs=nano.specs -mfloat-abi=soft -mthumb -o "Drivers/STM32F1xx_HAL_Driver/Src/stm32f1xx_hal_tim.o"
arm-none-eabi-gcc "../Drivers/STM32F1xx_HAL_Driver/Src/stm32f1xx_hal_tim_ex.c" -mcpu=cortex-m3 -std=gnu11 -g3 -DDEBUG -DUSE_HAL_DRIVER -DSTM32F103x6 -c -I../Core/Inc -I../Drivers/STM32F1xx_HAL_Driver/Inc/Legacy -I../Drivers/STM32F1xx_HAL_Driver/Inc -I../Drivers/CMSIS/Device/ST/STM32F1xx/Include -I../Drivers/CMSIS/Include -O0 -ffunction-sections -fdata-sections -Wall -fstack-usage -MMD -MP -MF"Drivers/STM32F1xx_HAL_Driver/Src/stm32f1xx_hal_tim_ex.d" -MT"Drivers/STM32F1xx_HAL_Driver/Src/stm32f1xx_hal_tim_ex.o" --specs=nano.specs -mfloat-abi=soft -mthumb -o "Drivers/STM32F1xx_HAL_Driver/Src/stm32f1xx_hal_tim_ex.o"
arm-none-eabi-gcc -mcpu=cortex-m3 -g3 -DDEBUG -c -x assembler-with-cpp -MMD -MP -MF"Core/Startup/startup_stm32f103c6ux.d" -MT"Core/Startup/startup_stm32f103c6ux.o" --specs=nano.specs -mfloat-abi=soft -mthumb -o "Core/Startup/startup_stm32f103c6ux.o" "../Core/Startup/startup_stm32f103c6ux.s"
arm-none-eabi-gcc "../Core/Src/button.c" -mcpu=cortex-m3 -std=gnu11 -g3 -DDEBUG -DUSE_HAL_DRIVER -DSTM32F103x6 -c -I../Core/Inc -I../Drivers/STM32F1xx_HAL_Driver/Inc/Legacy -I../Drivers/STM32F1xx_HAL_Driver/Inc -I../Drivers/CMSIS/Device/ST/STM32F1xx/Include -I../Drivers/CMSIS/Include -O0 -ffunction-sections -fdata-sections -Wall -fstack-usage -MMD -MP -MF"Core/Src/button.d" -MT"Core/Src/button.o" --specs=nano.specs -mfloat-abi=soft -mthumb -o "Core/Src/button.o"
../Core/Src/button.c: In function 'isButtonLongPressed':
../Core/Src/button.c:30:1: error: number of arguments doesn't match prototype
   30 | int isButtonLongPressed() {
      | ^~~
In file included from ../Core/Src/button.c:9:
../Core/Inc/button.h:23:5: error: prototype declaration
   23 | int isButtonLongPressed(int index);
      |     ^~~~~~~~~~~~~~~~~~~
../Core/Src/button.c:31:30: error: 'index' undeclared (first use in this function)
   31 |  if (button_flag_longpressed[index] == 1) {
      |                              ^~~~~
../Core/Src/button.c:31:30: note: each undeclared identifier is reported only once for each function it appears in
../Core/Src/button.c: In function 'isButtonDoubleClickPressed':
../Core/Src/button.c:40:1: warning: control reaches end of non-void function [-Wreturn-type]
   40 | }
      | ^
make: *** [Core/Src/subdir.mk:46: Core/Src/button.o] Error 1
make: *** Waiting for unfinished jobs....
"make -j4 all" terminated with exit code 2. Build might be incomplete.
00:36:21 **** Incremental Build of configuration Debug for project midterm ****
make -j4 all 
arm-none-eabi-gcc "../Core/Src/button.c" -mcpu=cortex-m3 -std=gnu11 -g3 -DDEBUG -DUSE_HAL_DRIVER -DSTM32F103x6 -c -I../Core/Inc -I../Drivers/STM32F1xx_HAL_Driver/Inc/Legacy -I../Drivers/STM32F1xx_HAL_Driver/Inc -I../Drivers/CMSIS/Device/ST/STM32F1xx/Include -I../Drivers/CMSIS/Include -O0 -ffunction-sections -fdata-sections -Wall -fstack-usage -MMD -MP -MF"Core/Src/button.d" -MT"Core/Src/button.o" --specs=nano.specs -mfloat-abi=soft -mthumb -o "Core/Src/button.o"
arm-none-eabi-gcc "../Core/Src/global.c" -mcpu=cortex-m3 -std=gnu11 -g3 -DDEBUG -DUSE_HAL_DRIVER -DSTM32F103x6 -c -I../Core/Inc -I../Drivers/STM32F1xx_HAL_Driver/Inc/Legacy -I../Drivers/STM32F1xx_HAL_Driver/Inc -I../Drivers/CMSIS/Device/ST/STM32F1xx/Include -I../Drivers/CMSIS/Include -O0 -ffunction-sections -fdata-sections -Wall -fstack-usage -MMD -MP -MF"Core/Src/global.d" -MT"Core/Src/global.o" --specs=nano.specs -mfloat-abi=soft -mthumb -o "Core/Src/global.o"
arm-none-eabi-gcc "../Core/Src/led_display.c" -mcpu=cortex-m3 -std=gnu11 -g3 -DDEBUG -DUSE_HAL_DRIVER -DSTM32F103x6 -c -I../Core/Inc -I../Drivers/STM32F1xx_HAL_Driver/Inc/Legacy -I../Drivers/STM32F1xx_HAL_Driver/Inc -I../Drivers/CMSIS/Device/ST/STM32F1xx/Include -I../Drivers/CMSIS/Include -O0 -ffunction-sections -fdata-sections -Wall -fstack-usage -MMD -MP -MF"Core/Src/led_display.d" -MT"Core/Src/led_display.o" --specs=nano.specs -mfloat-abi=soft -mthumb -o "Core/Src/led_display.o"
arm-none-eabi-gcc "../Core/Src/main.c" -mcpu=cortex-m3 -std=gnu11 -g3 -DDEBUG -DUSE_HAL_DRIVER -DSTM32F103x6 -c -I../Core/Inc -I../Drivers/STM32F1xx_HAL_Driver/Inc/Legacy -I../Drivers/STM32F1xx_HAL_Driver/Inc -I../Drivers/CMSIS/Device/ST/STM32F1xx/Include -I../Drivers/CMSIS/Include -O0 -ffunction-sections -fdata-sections -Wall -fstack-usage -MMD -MP -MF"Core/Src/main.d" -MT"Core/Src/main.o" --specs=nano.specs -mfloat-abi=soft -mthumb -o "Core/Src/main.o"
../Core/Src/button.c: In function 'isButtonDoubleClickPressed':
../Core/Src/button.c:40:1: warning: control reaches end of non-void function [-Wreturn-type]
   40 | }
      | ^
../Core/Src/led_display.c: In function 'display7SEG':
../Core/Src/led_display.c:14:32: error: 'SEG2_Pin' undeclared (first use in this function); did you mean 'SEG0_Pin'?
   14 |   HAL_GPIO_WritePin(SEG7_PORT, SEG2_Pin, RESET);
      |                                ^~~~~~~~
      |                                SEG0_Pin
../Core/Src/led_display.c:14:32: note: each undeclared identifier is reported only once for each function it appears in
make: *** [Core/Src/subdir.mk:46: Core/Src/led_display.o] Error 1
make: *** Waiting for unfinished jobs....
"make -j4 all" terminated with exit code 2. Build might be incomplete.
00:37:19 **** Incremental Build of configuration Debug for project midterm ****
make -j4 all 
arm-none-eabi-gcc "../Core/Src/button.c" -mcpu=cortex-m3 -std=gnu11 -g3 -DDEBUG -DUSE_HAL_DRIVER -DSTM32F103x6 -c -I../Core/Inc -I../Drivers/STM32F1xx_HAL_Driver/Inc/Legacy -I../Drivers/STM32F1xx_HAL_Driver/Inc -I../Drivers/CMSIS/Device/ST/STM32F1xx/Include -I../Drivers/CMSIS/Include -O0 -ffunction-sections -fdata-sections -Wall -fstack-usage -MMD -MP -MF"Core/Src/button.d" -MT"Core/Src/button.o" --specs=nano.specs -mfloat-abi=soft -mthumb -o "Core/Src/button.o"
arm-none-eabi-gcc "../Core/Src/led_display.c" -mcpu=cortex-m3 -std=gnu11 -g3 -DDEBUG -DUSE_HAL_DRIVER -DSTM32F103x6 -c -I../Core/Inc -I../Drivers/STM32F1xx_HAL_Driver/Inc/Legacy -I../Drivers/STM32F1xx_HAL_Driver/Inc -I../Drivers/CMSIS/Device/ST/STM32F1xx/Include -I../Drivers/CMSIS/Include -O0 -ffunction-sections -fdata-sections -Wall -fstack-usage -MMD -MP -MF"Core/Src/led_display.d" -MT"Core/Src/led_display.o" --specs=nano.specs -mfloat-abi=soft -mthumb -o "Core/Src/led_display.o"
arm-none-eabi-gcc "../Core/Src/stm32f1xx_hal_msp.c" -mcpu=cortex-m3 -std=gnu11 -g3 -DDEBUG -DUSE_HAL_DRIVER -DSTM32F103x6 -c -I../Core/Inc -I../Drivers/STM32F1xx_HAL_Driver/Inc/Legacy -I../Drivers/STM32F1xx_HAL_Driver/Inc -I../Drivers/CMSIS/Device/ST/STM32F1xx/Include -I../Drivers/CMSIS/Include -O0 -ffunction-sections -fdata-sections -Wall -fstack-usage -MMD -MP -MF"Core/Src/stm32f1xx_hal_msp.d" -MT"Core/Src/stm32f1xx_hal_msp.o" --specs=nano.specs -mfloat-abi=soft -mthumb -o "Core/Src/stm32f1xx_hal_msp.o"
arm-none-eabi-gcc "../Core/Src/stm32f1xx_it.c" -mcpu=cortex-m3 -std=gnu11 -g3 -DDEBUG -DUSE_HAL_DRIVER -DSTM32F103x6 -c -I../Core/Inc -I../Drivers/STM32F1xx_HAL_Driver/Inc/Legacy -I../Drivers/STM32F1xx_HAL_Driver/Inc -I../Drivers/CMSIS/Device/ST/STM32F1xx/Include -I../Drivers/CMSIS/Include -O0 -ffunction-sections -fdata-sections -Wall -fstack-usage -MMD -MP -MF"Core/Src/stm32f1xx_it.d" -MT"Core/Src/stm32f1xx_it.o" --specs=nano.specs -mfloat-abi=soft -mthumb -o "Core/Src/stm32f1xx_it.o"
../Core/Src/led_display.c: In function 'display7SEG':
../Core/Src/led_display.c:12:10: error: duplicate case value
   12 |  case 0: case 0:
      |          ^~~~
../Core/Src/led_display.c:12:2: note: previously used here
   12 |  case 0: case 0:
      |  ^~~~
../Core/Src/led_display.c:15:32: error: 'SEG2_Pin' undeclared (first use in this function); did you mean 'SEG0_Pin'?
   15 |   HAL_GPIO_WritePin(SEG7_PORT, SEG2_Pin, RESET);
      |                                ^~~~~~~~
      |                                SEG0_Pin
../Core/Src/led_display.c:15:32: note: each undeclared identifier is reported only once for each function it appears in
make: *** [Core/Src/subdir.mk:46: Core/Src/led_display.o] Error 1
make: *** Waiting for unfinished jobs....
"make -j4 all" terminated with exit code 2. Build might be incomplete.
00:38:02 **** Incremental Build of configuration Debug for project midterm ****
make -j4 all 
arm-none-eabi-gcc "../Drivers/STM32F1xx_HAL_Driver/Src/stm32f1xx_hal.c" -mcpu=cortex-m3 -std=gnu11 -g3 -DDEBUG -DUSE_HAL_DRIVER -DSTM32F103x6 -c -I../Core/Inc -I../Drivers/STM32F1xx_HAL_Driver/Inc/Legacy -I../Drivers/STM32F1xx_HAL_Driver/Inc -I../Drivers/CMSIS/Device/ST/STM32F1xx/Include -I../Drivers/CMSIS/Include -O0 -ffunction-sections -fdata-sections -Wall -fstack-usage -MMD -MP -MF"Drivers/STM32F1xx_HAL_Driver/Src/stm32f1xx_hal.d" -MT"Drivers/STM32F1xx_HAL_Driver/Src/stm32f1xx_hal.o" --specs=nano.specs -mfloat-abi=soft -mthumb -o "Drivers/STM32F1xx_HAL_Driver/Src/stm32f1xx_hal.o"
arm-none-eabi-gcc "../Drivers/STM32F1xx_HAL_Driver/Src/stm32f1xx_hal_cortex.c" -mcpu=cortex-m3 -std=gnu11 -g3 -DDEBUG -DUSE_HAL_DRIVER -DSTM32F103x6 -c -I../Core/Inc -I../Drivers/STM32F1xx_HAL_Driver/Inc/Legacy -I../Drivers/STM32F1xx_HAL_Driver/Inc -I../Drivers/CMSIS/Device/ST/STM32F1xx/Include -I../Drivers/CMSIS/Include -O0 -ffunction-sections -fdata-sections -Wall -fstack-usage -MMD -MP -MF"Drivers/STM32F1xx_HAL_Driver/Src/stm32f1xx_hal_cortex.d" -MT"Drivers/STM32F1xx_HAL_Driver/Src/stm32f1xx_hal_cortex.o" --specs=nano.specs -mfloat-abi=soft -mthumb -o "Drivers/STM32F1xx_HAL_Driver/Src/stm32f1xx_hal_cortex.o"
arm-none-eabi-gcc "../Drivers/STM32F1xx_HAL_Driver/Src/stm32f1xx_hal_dma.c" -mcpu=cortex-m3 -std=gnu11 -g3 -DDEBUG -DUSE_HAL_DRIVER -DSTM32F103x6 -c -I../Core/Inc -I../Drivers/STM32F1xx_HAL_Driver/Inc/Legacy -I../Drivers/STM32F1xx_HAL_Driver/Inc -I../Drivers/CMSIS/Device/ST/STM32F1xx/Include -I../Drivers/CMSIS/Include -O0 -ffunction-sections -fdata-sections -Wall -fstack-usage -MMD -MP -MF"Drivers/STM32F1xx_HAL_Driver/Src/stm32f1xx_hal_dma.d" -MT"Drivers/STM32F1xx_HAL_Driver/Src/stm32f1xx_hal_dma.o" --specs=nano.specs -mfloat-abi=soft -mthumb -o "Drivers/STM32F1xx_HAL_Driver/Src/stm32f1xx_hal_dma.o"
arm-none-eabi-gcc "../Drivers/STM32F1xx_HAL_Driver/Src/stm32f1xx_hal_exti.c" -mcpu=cortex-m3 -std=gnu11 -g3 -DDEBUG -DUSE_HAL_DRIVER -DSTM32F103x6 -c -I../Core/Inc -I../Drivers/STM32F1xx_HAL_Driver/Inc/Legacy -I../Drivers/STM32F1xx_HAL_Driver/Inc -I../Drivers/CMSIS/Device/ST/STM32F1xx/Include -I../Drivers/CMSIS/Include -O0 -ffunction-sections -fdata-sections -Wall -fstack-usage -MMD -MP -MF"Drivers/STM32F1xx_HAL_Driver/Src/stm32f1xx_hal_exti.d" -MT"Drivers/STM32F1xx_HAL_Driver/Src/stm32f1xx_hal_exti.o" --specs=nano.specs -mfloat-abi=soft -mthumb -o "Drivers/STM32F1xx_HAL_Driver/Src/stm32f1xx_hal_exti.o"
arm-none-eabi-gcc "../Drivers/STM32F1xx_HAL_Driver/Src/stm32f1xx_hal_flash.c" -mcpu=cortex-m3 -std=gnu11 -g3 -DDEBUG -DUSE_HAL_DRIVER -DSTM32F103x6 -c -I../Core/Inc -I../Drivers/STM32F1xx_HAL_Driver/Inc/Legacy -I../Drivers/STM32F1xx_HAL_Driver/Inc -I../Drivers/CMSIS/Device/ST/STM32F1xx/Include -I../Drivers/CMSIS/Include -O0 -ffunction-sections -fdata-sections -Wall -fstack-usage -MMD -MP -MF"Drivers/STM32F1xx_HAL_Driver/Src/stm32f1xx_hal_flash.d" -MT"Drivers/STM32F1xx_HAL_Driver/Src/stm32f1xx_hal_flash.o" --specs=nano.specs -mfloat-abi=soft -mthumb -o "Drivers/STM32F1xx_HAL_Driver/Src/stm32f1xx_hal_flash.o"
arm-none-eabi-gcc "../Drivers/STM32F1xx_HAL_Driver/Src/stm32f1xx_hal_flash_ex.c" -mcpu=cortex-m3 -std=gnu11 -g3 -DDEBUG -DUSE_HAL_DRIVER -DSTM32F103x6 -c -I../Core/Inc -I../Drivers/STM32F1xx_HAL_Driver/Inc/Legacy -I../Drivers/STM32F1xx_HAL_Driver/Inc -I../Drivers/CMSIS/Device/ST/STM32F1xx/Include -I../Drivers/CMSIS/Include -O0 -ffunction-sections -fdata-sections -Wall -fstack-usage -MMD -MP -MF"Drivers/STM32F1xx_HAL_Driver/Src/stm32f1xx_hal_flash_ex.d" -MT"Drivers/STM32F1xx_HAL_Driver/Src/stm32f1xx_hal_flash_ex.o" --specs=nano.specs -mfloat-abi=soft -mthumb -o "Drivers/STM32F1xx_HAL_Driver/Src/stm32f1xx_hal_flash_ex.o"
arm-none-eabi-gcc "../Drivers/STM32F1xx_HAL_Driver/Src/stm32f1xx_hal_gpio.c" -mcpu=cortex-m3 -std=gnu11 -g3 -DDEBUG -DUSE_HAL_DRIVER -DSTM32F103x6 -c -I../Core/Inc -I../Drivers/STM32F1xx_HAL_Driver/Inc/Legacy -I../Drivers/STM32F1xx_HAL_Driver/Inc -I../Drivers/CMSIS/Device/ST/STM32F1xx/Include -I../Drivers/CMSIS/Include -O0 -ffunction-sections -fdata-sections -Wall -fstack-usage -MMD -MP -MF"Drivers/STM32F1xx_HAL_Driver/Src/stm32f1xx_hal_gpio.d" -MT"Drivers/STM32F1xx_HAL_Driver/Src/stm32f1xx_hal_gpio.o" --specs=nano.specs -mfloat-abi=soft -mthumb -o "Drivers/STM32F1xx_HAL_Driver/Src/stm32f1xx_hal_gpio.o"
arm-none-eabi-gcc "../Drivers/STM32F1xx_HAL_Driver/Src/stm32f1xx_hal_gpio_ex.c" -mcpu=cortex-m3 -std=gnu11 -g3 -DDEBUG -DUSE_HAL_DRIVER -DSTM32F103x6 -c -I../Core/Inc -I../Drivers/STM32F1xx_HAL_Driver/Inc/Legacy -I../Drivers/STM32F1xx_HAL_Driver/Inc -I../Drivers/CMSIS/Device/ST/STM32F1xx/Include -I../Drivers/CMSIS/Include -O0 -ffunction-sections -fdata-sections -Wall -fstack-usage -MMD -MP -MF"Drivers/STM32F1xx_HAL_Driver/Src/stm32f1xx_hal_gpio_ex.d" -MT"Drivers/STM32F1xx_HAL_Driver/Src/stm32f1xx_hal_gpio_ex.o" --specs=nano.specs -mfloat-abi=soft -mthumb -o "Drivers/STM32F1xx_HAL_Driver/Src/stm32f1xx_hal_gpio_ex.o"
arm-none-eabi-gcc "../Drivers/STM32F1xx_HAL_Driver/Src/stm32f1xx_hal_pwr.c" -mcpu=cortex-m3 -std=gnu11 -g3 -DDEBUG -DUSE_HAL_DRIVER -DSTM32F103x6 -c -I../Core/Inc -I../Drivers/STM32F1xx_HAL_Driver/Inc/Legacy -I../Drivers/STM32F1xx_HAL_Driver/Inc -I../Drivers/CMSIS/Device/ST/STM32F1xx/Include -I../Drivers/CMSIS/Include -O0 -ffunction-sections -fdata-sections -Wall -fstack-usage -MMD -MP -MF"Drivers/STM32F1xx_HAL_Driver/Src/stm32f1xx_hal_pwr.d" -MT"Drivers/STM32F1xx_HAL_Driver/Src/stm32f1xx_hal_pwr.o" --specs=nano.specs -mfloat-abi=soft -mthumb -o "Drivers/STM32F1xx_HAL_Driver/Src/stm32f1xx_hal_pwr.o"
arm-none-eabi-gcc "../Drivers/STM32F1xx_HAL_Driver/Src/stm32f1xx_hal_rcc.c" -mcpu=cortex-m3 -std=gnu11 -g3 -DDEBUG -DUSE_HAL_DRIVER -DSTM32F103x6 -c -I../Core/Inc -I../Drivers/STM32F1xx_HAL_Driver/Inc/Legacy -I../Drivers/STM32F1xx_HAL_Driver/Inc -I../Drivers/CMSIS/Device/ST/STM32F1xx/Include -I../Drivers/CMSIS/Include -O0 -ffunction-sections -fdata-sections -Wall -fstack-usage -MMD -MP -MF"Drivers/STM32F1xx_HAL_Driver/Src/stm32f1xx_hal_rcc.d" -MT"Drivers/STM32F1xx_HAL_Driver/Src/stm32f1xx_hal_rcc.o" --specs=nano.specs -mfloat-abi=soft -mthumb -o "Drivers/STM32F1xx_HAL_Driver/Src/stm32f1xx_hal_rcc.o"
arm-none-eabi-gcc "../Drivers/STM32F1xx_HAL_Driver/Src/stm32f1xx_hal_rcc_ex.c" -mcpu=cortex-m3 -std=gnu11 -g3 -DDEBUG -DUSE_HAL_DRIVER -DSTM32F103x6 -c -I../Core/Inc -I../Drivers/STM32F1xx_HAL_Driver/Inc/Legacy -I../Drivers/STM32F1xx_HAL_Driver/Inc -I../Drivers/CMSIS/Device/ST/STM32F1xx/Include -I../Drivers/CMSIS/Include -O0 -ffunction-sections -fdata-sections -Wall -fstack-usage -MMD -MP -MF"Drivers/STM32F1xx_HAL_Driver/Src/stm32f1xx_hal_rcc_ex.d" -MT"Drivers/STM32F1xx_HAL_Driver/Src/stm32f1xx_hal_rcc_ex.o" --specs=nano.specs -mfloat-abi=soft -mthumb -o "Drivers/STM32F1xx_HAL_Driver/Src/stm32f1xx_hal_rcc_ex.o"
arm-none-eabi-gcc "../Drivers/STM32F1xx_HAL_Driver/Src/stm32f1xx_hal_tim.c" -mcpu=cortex-m3 -std=gnu11 -g3 -DDEBUG -DUSE_HAL_DRIVER -DSTM32F103x6 -c -I../Core/Inc -I../Drivers/STM32F1xx_HAL_Driver/Inc/Legacy -I../Drivers/STM32F1xx_HAL_Driver/Inc -I../Drivers/CMSIS/Device/ST/STM32F1xx/Include -I../Drivers/CMSIS/Include -O0 -ffunction-sections -fdata-sections -Wall -fstack-usage -MMD -MP -MF"Drivers/STM32F1xx_HAL_Driver/Src/stm32f1xx_hal_tim.d" -MT"Drivers/STM32F1xx_HAL_Driver/Src/stm32f1xx_hal_tim.o" --specs=nano.specs -mfloat-abi=soft -mthumb -o "Drivers/STM32F1xx_HAL_Driver/Src/stm32f1xx_hal_tim.o"
arm-none-eabi-gcc "../Drivers/STM32F1xx_HAL_Driver/Src/stm32f1xx_hal_tim_ex.c" -mcpu=cortex-m3 -std=gnu11 -g3 -DDEBUG -DUSE_HAL_DRIVER -DSTM32F103x6 -c -I../Core/Inc -I../Drivers/STM32F1xx_HAL_Driver/Inc/Legacy -I../Drivers/STM32F1xx_HAL_Driver/Inc -I../Drivers/CMSIS/Device/ST/STM32F1xx/Include -I../Drivers/CMSIS/Include -O0 -ffunction-sections -fdata-sections -Wall -fstack-usage -MMD -MP -MF"Drivers/STM32F1xx_HAL_Driver/Src/stm32f1xx_hal_tim_ex.d" -MT"Drivers/STM32F1xx_HAL_Driver/Src/stm32f1xx_hal_tim_ex.o" --specs=nano.specs -mfloat-abi=soft -mthumb -o "Drivers/STM32F1xx_HAL_Driver/Src/stm32f1xx_hal_tim_ex.o"
arm-none-eabi-gcc "../Core/Src/button.c" -mcpu=cortex-m3 -std=gnu11 -g3 -DDEBUG -DUSE_HAL_DRIVER -DSTM32F103x6 -c -I../Core/Inc -I../Drivers/STM32F1xx_HAL_Driver/Inc/Legacy -I../Drivers/STM32F1xx_HAL_Driver/Inc -I../Drivers/CMSIS/Device/ST/STM32F1xx/Include -I../Drivers/CMSIS/Include -O0 -ffunction-sections -fdata-sections -Wall -fstack-usage -MMD -MP -MF"Core/Src/button.d" -MT"Core/Src/button.o" --specs=nano.specs -mfloat-abi=soft -mthumb -o "Core/Src/button.o"
arm-none-eabi-gcc "../Core/Src/global.c" -mcpu=cortex-m3 -std=gnu11 -g3 -DDEBUG -DUSE_HAL_DRIVER -DSTM32F103x6 -c -I../Core/Inc -I../Drivers/STM32F1xx_HAL_Driver/Inc/Legacy -I../Drivers/STM32F1xx_HAL_Driver/Inc -I../Drivers/CMSIS/Device/ST/STM32F1xx/Include -I../Drivers/CMSIS/Include -O0 -ffunction-sections -fdata-sections -Wall -fstack-usage -MMD -MP -MF"Core/Src/global.d" -MT"Core/Src/global.o" --specs=nano.specs -mfloat-abi=soft -mthumb -o "Core/Src/global.o"
arm-none-eabi-gcc "../Core/Src/led_display.c" -mcpu=cortex-m3 -std=gnu11 -g3 -DDEBUG -DUSE_HAL_DRIVER -DSTM32F103x6 -c -I../Core/Inc -I../Drivers/STM32F1xx_HAL_Driver/Inc/Legacy -I../Drivers/STM32F1xx_HAL_Driver/Inc -I../Drivers/CMSIS/Device/ST/STM32F1xx/Include -I../Drivers/CMSIS/Include -O0 -ffunction-sections -fdata-sections -Wall -fstack-usage -MMD -MP -MF"Core/Src/led_display.d" -MT"Core/Src/led_display.o" --specs=nano.specs -mfloat-abi=soft -mthumb -o "Core/Src/led_display.o"
arm-none-eabi-gcc "../Core/Src/main.c" -mcpu=cortex-m3 -std=gnu11 -g3 -DDEBUG -DUSE_HAL_DRIVER -DSTM32F103x6 -c -I../Core/Inc -I../Drivers/STM32F1xx_HAL_Driver/Inc/Legacy -I../Drivers/STM32F1xx_HAL_Driver/Inc -I../Drivers/CMSIS/Device/ST/STM32F1xx/Include -I../Drivers/CMSIS/Include -O0 -ffunction-sections -fdata-sections -Wall -fstack-usage -MMD -MP -MF"Core/Src/main.d" -MT"Core/Src/main.o" --specs=nano.specs -mfloat-abi=soft -mthumb -o "Core/Src/main.o"
arm-none-eabi-gcc "../Core/Src/stm32f1xx_hal_msp.c" -mcpu=cortex-m3 -std=gnu11 -g3 -DDEBUG -DUSE_HAL_DRIVER -DSTM32F103x6 -c -I../Core/Inc -I../Drivers/STM32F1xx_HAL_Driver/Inc/Legacy -I../Drivers/STM32F1xx_HAL_Driver/Inc -I../Drivers/CMSIS/Device/ST/STM32F1xx/Include -I../Drivers/CMSIS/Include -O0 -ffunction-sections -fdata-sections -Wall -fstack-usage -MMD -MP -MF"Core/Src/stm32f1xx_hal_msp.d" -MT"Core/Src/stm32f1xx_hal_msp.o" --specs=nano.specs -mfloat-abi=soft -mthumb -o "Core/Src/stm32f1xx_hal_msp.o"
arm-none-eabi-gcc "../Core/Src/stm32f1xx_it.c" -mcpu=cortex-m3 -std=gnu11 -g3 -DDEBUG -DUSE_HAL_DRIVER -DSTM32F103x6 -c -I../Core/Inc -I../Drivers/STM32F1xx_HAL_Driver/Inc/Legacy -I../Drivers/STM32F1xx_HAL_Driver/Inc -I../Drivers/CMSIS/Device/ST/STM32F1xx/Include -I../Drivers/CMSIS/Include -O0 -ffunction-sections -fdata-sections -Wall -fstack-usage -MMD -MP -MF"Core/Src/stm32f1xx_it.d" -MT"Core/Src/stm32f1xx_it.o" --specs=nano.specs -mfloat-abi=soft -mthumb -o "Core/Src/stm32f1xx_it.o"
../Core/Src/led_display.c: In function 'display7SEG':
../Core/Src/led_display.c:12:10: error: duplicate case value
   12 |  case 0: case 0:
      |          ^~~~
../Core/Src/led_display.c:12:2: note: previously used here
   12 |  case 0: case 0:
      |  ^~~~
make: *** [Core/Src/subdir.mk:46: Core/Src/led_display.o] Error 1
make: *** Waiting for unfinished jobs....
"make -j4 all" terminated with exit code 2. Build might be incomplete.
00:38:13 **** Incremental Build of configuration Debug for project midterm ****
make -j4 all 
arm-none-eabi-gcc "../Core/Src/led_display.c" -mcpu=cortex-m3 -std=gnu11 -g3 -DDEBUG -DUSE_HAL_DRIVER -DSTM32F103x6 -c -I../Core/Inc -I../Drivers/STM32F1xx_HAL_Driver/Inc/Legacy -I../Drivers/STM32F1xx_HAL_Driver/Inc -I../Drivers/CMSIS/Device/ST/STM32F1xx/Include -I../Drivers/CMSIS/Include -O0 -ffunction-sections -fdata-sections -Wall -fstack-usage -MMD -MP -MF"Core/Src/led_display.d" -MT"Core/Src/led_display.o" --specs=nano.specs -mfloat-abi=soft -mthumb -o "Core/Src/led_display.o"
arm-none-eabi-gcc "../Core/Src/syscalls.c" -mcpu=cortex-m3 -std=gnu11 -g3 -DDEBUG -DUSE_HAL_DRIVER -DSTM32F103x6 -c -I../Core/Inc -I../Drivers/STM32F1xx_HAL_Driver/Inc/Legacy -I../Drivers/STM32F1xx_HAL_Driver/Inc -I../Drivers/CMSIS/Device/ST/STM32F1xx/Include -I../Drivers/CMSIS/Include -O0 -ffunction-sections -fdata-sections -Wall -fstack-usage -MMD -MP -MF"Core/Src/syscalls.d" -MT"Core/Src/syscalls.o" --specs=nano.specs -mfloat-abi=soft -mthumb -o "Core/Src/syscalls.o"
arm-none-eabi-gcc "../Core/Src/sysmem.c" -mcpu=cortex-m3 -std=gnu11 -g3 -DDEBUG -DUSE_HAL_DRIVER -DSTM32F103x6 -c -I../Core/Inc -I../Drivers/STM32F1xx_HAL_Driver/Inc/Legacy -I../Drivers/STM32F1xx_HAL_Driver/Inc -I../Drivers/CMSIS/Device/ST/STM32F1xx/Include -I../Drivers/CMSIS/Include -O0 -ffunction-sections -fdata-sections -Wall -fstack-usage -MMD -MP -MF"Core/Src/sysmem.d" -MT"Core/Src/sysmem.o" --specs=nano.specs -mfloat-abi=soft -mthumb -o "Core/Src/sysmem.o"
arm-none-eabi-gcc "../Core/Src/system_stm32f1xx.c" -mcpu=cortex-m3 -std=gnu11 -g3 -DDEBUG -DUSE_HAL_DRIVER -DSTM32F103x6 -c -I../Core/Inc -I../Drivers/STM32F1xx_HAL_Driver/Inc/Legacy -I../Drivers/STM32F1xx_HAL_Driver/Inc -I../Drivers/CMSIS/Device/ST/STM32F1xx/Include -I../Drivers/CMSIS/Include -O0 -ffunction-sections -fdata-sections -Wall -fstack-usage -MMD -MP -MF"Core/Src/system_stm32f1xx.d" -MT"Core/Src/system_stm32f1xx.o" --specs=nano.specs -mfloat-abi=soft -mthumb -o "Core/Src/system_stm32f1xx.o"
arm-none-eabi-gcc "../Core/Src/timer.c" -mcpu=cortex-m3 -std=gnu11 -g3 -DDEBUG -DUSE_HAL_DRIVER -DSTM32F103x6 -c -I../Core/Inc -I../Drivers/STM32F1xx_HAL_Driver/Inc/Legacy -I../Drivers/STM32F1xx_HAL_Driver/Inc -I../Drivers/CMSIS/Device/ST/STM32F1xx/Include -I../Drivers/CMSIS/Include -O0 -ffunction-sections -fdata-sections -Wall -fstack-usage -MMD -MP -MF"Core/Src/timer.d" -MT"Core/Src/timer.o" --specs=nano.specs -mfloat-abi=soft -mthumb -o "Core/Src/timer.o"
arm-none-eabi-gcc -o "midterm.elf" @"objects.list"   -mcpu=cortex-m3 -T"F:\UNIVERSITY\HK221\VIXULY\MIDTERM\midterm\STM32F103C6UX_FLASH.ld" --specs=nosys.specs -Wl,-Map="midterm.map" -Wl,--gc-sections -static --specs=nano.specs -mfloat-abi=soft -mthumb -Wl,--start-group -lc -lm -Wl,--end-group
Finished building target: midterm.elf
 
arm-none-eabi-size   midterm.elf 
arm-none-eabi-objdump -h -S  midterm.elf  > "midterm.list"
   text	   data	    bss	    dec	    hex	filename
   7372	     80	   1680	   9132	   23ac	midterm.elf
Finished building: default.size.stdout
 
Finished building: midterm.list
 
00:39:39 **** Incremental Build of configuration Debug for project midterm ****
make -j4 all 
arm-none-eabi-gcc -o "midterm.elf" @"objects.list"   -mcpu=cortex-m3 -T"F:\UNIVERSITY\HK221\VIXULY\MIDTERM\midterm\STM32F103C6UX_FLASH.ld" --specs=nosys.specs -Wl,-Map="midterm.map" -Wl,--gc-sections -static --specs=nano.specs -mfloat-abi=soft -mthumb -Wl,--start-group -lc -lm -Wl,--end-group
Finished building target: midterm.elf
 
arm-none-eabi-size   midterm.elf 
arm-none-eabi-objdump -h -S  midterm.elf  > "midterm.list"
arm-none-eabi-objcopy  -O ihex  midterm.elf  "midterm.hex"
   text	   data	    bss	    dec	    hex	filename
   7372	     80	   1680	   9132	   23ac	midterm.elf
Finished building: default.size.stdout
 
Finished building: midterm.list
 
Finished building: midterm.hex
 
00:45:07 **** Incremental Build of configuration Debug for project midterm ****
make -j4 all 
arm-none-eabi-gcc "../Core/Src/main.c" -mcpu=cortex-m3 -std=gnu11 -g3 -DDEBUG -DUSE_HAL_DRIVER -DSTM32F103x6 -c -I../Core/Inc -I../Drivers/STM32F1xx_HAL_Driver/Inc/Legacy -I../Drivers/STM32F1xx_HAL_Driver/Inc -I../Drivers/CMSIS/Device/ST/STM32F1xx/Include -I../Drivers/CMSIS/Include -O0 -ffunction-sections -fdata-sections -Wall -fstack-usage -MMD -MP -MF"Core/Src/main.d" -MT"Core/Src/main.o" --specs=nano.specs -mfloat-abi=soft -mthumb -o "Core/Src/main.o"
arm-none-eabi-gcc -o "midterm.elf" @"objects.list"   -mcpu=cortex-m3 -T"F:\UNIVERSITY\HK221\VIXULY\MIDTERM\midterm\STM32F103C6UX_FLASH.ld" --specs=nosys.specs -Wl,-Map="midterm.map" -Wl,--gc-sections -static --specs=nano.specs -mfloat-abi=soft -mthumb -Wl,--start-group -lc -lm -Wl,--end-group
Finished building target: midterm.elf
 
arm-none-eabi-size   midterm.elf 
arm-none-eabi-objdump -h -S  midterm.elf  > "midterm.list"
arm-none-eabi-objcopy  -O ihex  midterm.elf  "midterm.hex"
   text	   data	    bss	    dec	    hex	filename
   8300	     80	   1680	  10060	   274c	midterm.elf
Finished building: default.size.stdout
 
Finished building: midterm.hex
 
Finished building: midterm.list
 
00:46:24 **** Incremental Build of configuration Debug for project midterm ****
make -j4 all 
arm-none-eabi-gcc "../Core/Src/button.c" -mcpu=cortex-m3 -std=gnu11 -g3 -DDEBUG -DUSE_HAL_DRIVER -DSTM32F103x6 -c -I../Core/Inc -I../Drivers/STM32F1xx_HAL_Driver/Inc/Legacy -I../Drivers/STM32F1xx_HAL_Driver/Inc -I../Drivers/CMSIS/Device/ST/STM32F1xx/Include -I../Drivers/CMSIS/Include -O0 -ffunction-sections -fdata-sections -Wall -fstack-usage -MMD -MP -MF"Core/Src/button.d" -MT"Core/Src/button.o" --specs=nano.specs -mfloat-abi=soft -mthumb -o "Core/Src/button.o"
arm-none-eabi-gcc -o "midterm.elf" @"objects.list"   -mcpu=cortex-m3 -T"F:\UNIVERSITY\HK221\VIXULY\MIDTERM\midterm\STM32F103C6UX_FLASH.ld" --specs=nosys.specs -Wl,-Map="midterm.map" -Wl,--gc-sections -static --specs=nano.specs -mfloat-abi=soft -mthumb -Wl,--start-group -lc -lm -Wl,--end-group
Finished building target: midterm.elf
 
arm-none-eabi-size   midterm.elf 
arm-none-eabi-objdump -h -S  midterm.elf  > "midterm.list"
arm-none-eabi-objcopy  -O ihex  midterm.elf  "midterm.hex"
   text	   data	    bss	    dec	    hex	filename
   8300	     80	   1680	  10060	   274c	midterm.elf
Finished building: default.size.stdout
 
Finished building: midterm.hex
 
Finished building: midterm.list
 
00:46:57 **** Incremental Build of configuration Debug for project midterm ****
make -j4 all 
arm-none-eabi-gcc "../Core/Src/main.c" -mcpu=cortex-m3 -std=gnu11 -g3 -DDEBUG -DUSE_HAL_DRIVER -DSTM32F103x6 -c -I../Core/Inc -I../Drivers/STM32F1xx_HAL_Driver/Inc/Legacy -I../Drivers/STM32F1xx_HAL_Driver/Inc -I../Drivers/CMSIS/Device/ST/STM32F1xx/Include -I../Drivers/CMSIS/Include -O0 -ffunction-sections -fdata-sections -Wall -fstack-usage -MMD -MP -MF"Core/Src/main.d" -MT"Core/Src/main.o" --specs=nano.specs -mfloat-abi=soft -mthumb -o "Core/Src/main.o"
arm-none-eabi-gcc -o "midterm.elf" @"objects.list"   -mcpu=cortex-m3 -T"F:\UNIVERSITY\HK221\VIXULY\MIDTERM\midterm\STM32F103C6UX_FLASH.ld" --specs=nosys.specs -Wl,-Map="midterm.map" -Wl,--gc-sections -static --specs=nano.specs -mfloat-abi=soft -mthumb -Wl,--start-group -lc -lm -Wl,--end-group
Finished building target: midterm.elf
 
arm-none-eabi-size   midterm.elf 
arm-none-eabi-objdump -h -S  midterm.elf  > "midterm.list"
arm-none-eabi-objcopy  -O ihex  midterm.elf  "midterm.hex"
   text	   data	    bss	    dec	    hex	filename
   8308	     80	   1680	  10068	   2754	midterm.elf
Finished building: default.size.stdout
 
Finished building: midterm.hex
Finished building: midterm.list
 
 
00:47:29 **** Incremental Build of configuration Debug for project midterm ****
make -j4 all 
arm-none-eabi-gcc "../Core/Src/main.c" -mcpu=cortex-m3 -std=gnu11 -g3 -DDEBUG -DUSE_HAL_DRIVER -DSTM32F103x6 -c -I../Core/Inc -I../Drivers/STM32F1xx_HAL_Driver/Inc/Legacy -I../Drivers/STM32F1xx_HAL_Driver/Inc -I../Drivers/CMSIS/Device/ST/STM32F1xx/Include -I../Drivers/CMSIS/Include -O0 -ffunction-sections -fdata-sections -Wall -fstack-usage -MMD -MP -MF"Core/Src/main.d" -MT"Core/Src/main.o" --specs=nano.specs -mfloat-abi=soft -mthumb -o "Core/Src/main.o"
arm-none-eabi-gcc -o "midterm.elf" @"objects.list"   -mcpu=cortex-m3 -T"F:\UNIVERSITY\HK221\VIXULY\MIDTERM\midterm\STM32F103C6UX_FLASH.ld" --specs=nosys.specs -Wl,-Map="midterm.map" -Wl,--gc-sections -static --specs=nano.specs -mfloat-abi=soft -mthumb -Wl,--start-group -lc -lm -Wl,--end-group
Finished building target: midterm.elf
 
arm-none-eabi-size   midterm.elf 
arm-none-eabi-objdump -h -S  midterm.elf  > "midterm.list"
arm-none-eabi-objcopy  -O ihex  midterm.elf  "midterm.hex"
   text	   data	    bss	    dec	    hex	filename
   8300	     80	   1680	  10060	   274c	midterm.elf
Finished building: default.size.stdout
 
Finished building: midterm.hex
 
Finished building: midterm.list
 
00:52:42 **** Incremental Build of configuration Debug for project midterm ****
make -j4 all 
arm-none-eabi-gcc "../Core/Src/button.c" -mcpu=cortex-m3 -std=gnu11 -g3 -DDEBUG -DUSE_HAL_DRIVER -DSTM32F103x6 -c -I../Core/Inc -I../Drivers/STM32F1xx_HAL_Driver/Inc/Legacy -I../Drivers/STM32F1xx_HAL_Driver/Inc -I../Drivers/CMSIS/Device/ST/STM32F1xx/Include -I../Drivers/CMSIS/Include -O0 -ffunction-sections -fdata-sections -Wall -fstack-usage -MMD -MP -MF"Core/Src/button.d" -MT"Core/Src/button.o" --specs=nano.specs -mfloat-abi=soft -mthumb -o "Core/Src/button.o"
arm-none-eabi-gcc -o "midterm.elf" @"objects.list"   -mcpu=cortex-m3 -T"F:\UNIVERSITY\HK221\VIXULY\MIDTERM\midterm\STM32F103C6UX_FLASH.ld" --specs=nosys.specs -Wl,-Map="midterm.map" -Wl,--gc-sections -static --specs=nano.specs -mfloat-abi=soft -mthumb -Wl,--start-group -lc -lm -Wl,--end-group
Finished building target: midterm.elf
 
arm-none-eabi-size   midterm.elf 
arm-none-eabi-objdump -h -S  midterm.elf  > "midterm.list"
arm-none-eabi-objcopy  -O ihex  midterm.elf  "midterm.hex"
   text	   data	    bss	    dec	    hex	filename
   8300	     80	   1680	  10060	   274c	midterm.elf
Finished building: default.size.stdout
 
Finished building: midterm.hex
 
Finished building: midterm.list
 
00:53:35 **** Incremental Build of configuration Debug for project midterm ****
make -j4 all 
arm-none-eabi-gcc "../Core/Src/button.c" -mcpu=cortex-m3 -std=gnu11 -g3 -DDEBUG -DUSE_HAL_DRIVER -DSTM32F103x6 -c -I../Core/Inc -I../Drivers/STM32F1xx_HAL_Driver/Inc/Legacy -I../Drivers/STM32F1xx_HAL_Driver/Inc -I../Drivers/CMSIS/Device/ST/STM32F1xx/Include -I../Drivers/CMSIS/Include -O0 -ffunction-sections -fdata-sections -Wall -fstack-usage -MMD -MP -MF"Core/Src/button.d" -MT"Core/Src/button.o" --specs=nano.specs -mfloat-abi=soft -mthumb -o "Core/Src/button.o"
arm-none-eabi-gcc -o "midterm.elf" @"objects.list"   -mcpu=cortex-m3 -T"F:\UNIVERSITY\HK221\VIXULY\MIDTERM\midterm\STM32F103C6UX_FLASH.ld" --specs=nosys.specs -Wl,-Map="midterm.map" -Wl,--gc-sections -static --specs=nano.specs -mfloat-abi=soft -mthumb -Wl,--start-group -lc -lm -Wl,--end-group
Finished building target: midterm.elf
 
arm-none-eabi-size   midterm.elf 
arm-none-eabi-objdump -h -S  midterm.elf  > "midterm.list"
arm-none-eabi-objcopy  -O ihex  midterm.elf  "midterm.hex"
   text	   data	    bss	    dec	    hex	filename
   8288	     80	   1680	  10048	   2740	midterm.elf
Finished building: default.size.stdout
 
Finished building: midterm.hex
Finished building: midterm.list
 
 
00:54:36 **** Incremental Build of configuration Debug for project midterm ****
make -j4 all 
arm-none-eabi-gcc "../Core/Src/main.c" -mcpu=cortex-m3 -std=gnu11 -g3 -DDEBUG -DUSE_HAL_DRIVER -DSTM32F103x6 -c -I../Core/Inc -I../Drivers/STM32F1xx_HAL_Driver/Inc/Legacy -I../Drivers/STM32F1xx_HAL_Driver/Inc -I../Drivers/CMSIS/Device/ST/STM32F1xx/Include -I../Drivers/CMSIS/Include -O0 -ffunction-sections -fdata-sections -Wall -fstack-usage -MMD -MP -MF"Core/Src/main.d" -MT"Core/Src/main.o" --specs=nano.specs -mfloat-abi=soft -mthumb -o "Core/Src/main.o"
arm-none-eabi-gcc -o "midterm.elf" @"objects.list"   -mcpu=cortex-m3 -T"F:\UNIVERSITY\HK221\VIXULY\MIDTERM\midterm\STM32F103C6UX_FLASH.ld" --specs=nosys.specs -Wl,-Map="midterm.map" -Wl,--gc-sections -static --specs=nano.specs -mfloat-abi=soft -mthumb -Wl,--start-group -lc -lm -Wl,--end-group
Finished building target: midterm.elf
 
arm-none-eabi-size   midterm.elf 
arm-none-eabi-objdump -h -S  midterm.elf  > "midterm.list"
arm-none-eabi-objcopy  -O ihex  midterm.elf  "midterm.hex"
   text	   data	    bss	    dec	    hex	filename
   8216	     80	   1680	   9976	   26f8	midterm.elf
Finished building: default.size.stdout
 
Finished building: midterm.hex
 
Finished building: midterm.list
 
00:57:03 **** Incremental Build of configuration Debug for project midterm ****
make -j4 all 
arm-none-eabi-gcc "../Core/Src/button.c" -mcpu=cortex-m3 -std=gnu11 -g3 -DDEBUG -DUSE_HAL_DRIVER -DSTM32F103x6 -c -I../Core/Inc -I../Drivers/STM32F1xx_HAL_Driver/Inc/Legacy -I../Drivers/STM32F1xx_HAL_Driver/Inc -I../Drivers/CMSIS/Device/ST/STM32F1xx/Include -I../Drivers/CMSIS/Include -O0 -ffunction-sections -fdata-sections -Wall -fstack-usage -MMD -MP -MF"Core/Src/button.d" -MT"Core/Src/button.o" --specs=nano.specs -mfloat-abi=soft -mthumb -o "Core/Src/button.o"
arm-none-eabi-gcc -o "midterm.elf" @"objects.list"   -mcpu=cortex-m3 -T"F:\UNIVERSITY\HK221\VIXULY\MIDTERM\midterm\STM32F103C6UX_FLASH.ld" --specs=nosys.specs -Wl,-Map="midterm.map" -Wl,--gc-sections -static --specs=nano.specs -mfloat-abi=soft -mthumb -Wl,--start-group -lc -lm -Wl,--end-group
Finished building target: midterm.elf
 
arm-none-eabi-size   midterm.elf 
arm-none-eabi-objdump -h -S  midterm.elf  > "midterm.list"
arm-none-eabi-objcopy  -O ihex  midterm.elf  "midterm.hex"
   text	   data	    bss	    dec	    hex	filename
   8228	     80	   1680	   9988	   2704	midterm.elf
Finished building: default.size.stdout
 
Finished building: midterm.hex
Finished building: midterm.list
 
 
00:57:16 **** Incremental Build of configuration Debug for project midterm ****
make -j4 all 
arm-none-eabi-gcc "../Core/Src/main.c" -mcpu=cortex-m3 -std=gnu11 -g3 -DDEBUG -DUSE_HAL_DRIVER -DSTM32F103x6 -c -I../Core/Inc -I../Drivers/STM32F1xx_HAL_Driver/Inc/Legacy -I../Drivers/STM32F1xx_HAL_Driver/Inc -I../Drivers/CMSIS/Device/ST/STM32F1xx/Include -I../Drivers/CMSIS/Include -O0 -ffunction-sections -fdata-sections -Wall -fstack-usage -MMD -MP -MF"Core/Src/main.d" -MT"Core/Src/main.o" --specs=nano.specs -mfloat-abi=soft -mthumb -o "Core/Src/main.o"
arm-none-eabi-gcc -o "midterm.elf" @"objects.list"   -mcpu=cortex-m3 -T"F:\UNIVERSITY\HK221\VIXULY\MIDTERM\midterm\STM32F103C6UX_FLASH.ld" --specs=nosys.specs -Wl,-Map="midterm.map" -Wl,--gc-sections -static --specs=nano.specs -mfloat-abi=soft -mthumb -Wl,--start-group -lc -lm -Wl,--end-group
Finished building target: midterm.elf
 
arm-none-eabi-size   midterm.elf 
arm-none-eabi-objdump -h -S  midterm.elf  > "midterm.list"
arm-none-eabi-objcopy  -O ihex  midterm.elf  "midterm.hex"
   text	   data	    bss	    dec	    hex	filename
   8236	     80	   1680	   9996	   270c	midterm.elf
Finished building: default.size.stdout
 
Finished building: midterm.hex
 
Finished building: midterm.list
 
01:02:32 **** Incremental Build of configuration Debug for project midterm ****
make -j4 all 
arm-none-eabi-gcc "../Core/Src/button.c" -mcpu=cortex-m3 -std=gnu11 -g3 -DDEBUG -DUSE_HAL_DRIVER -DSTM32F103x6 -c -I../Core/Inc -I../Drivers/STM32F1xx_HAL_Driver/Inc/Legacy -I../Drivers/STM32F1xx_HAL_Driver/Inc -I../Drivers/CMSIS/Device/ST/STM32F1xx/Include -I../Drivers/CMSIS/Include -O0 -ffunction-sections -fdata-sections -Wall -fstack-usage -MMD -MP -MF"Core/Src/button.d" -MT"Core/Src/button.o" --specs=nano.specs -mfloat-abi=soft -mthumb -o "Core/Src/button.o"
arm-none-eabi-gcc -o "midterm.elf" @"objects.list"   -mcpu=cortex-m3 -T"F:\UNIVERSITY\HK221\VIXULY\MIDTERM\midterm\STM32F103C6UX_FLASH.ld" --specs=nosys.specs -Wl,-Map="midterm.map" -Wl,--gc-sections -static --specs=nano.specs -mfloat-abi=soft -mthumb -Wl,--start-group -lc -lm -Wl,--end-group
Finished building target: midterm.elf
 
arm-none-eabi-size   midterm.elf 
arm-none-eabi-objdump -h -S  midterm.elf  > "midterm.list"
arm-none-eabi-objcopy  -O ihex  midterm.elf  "midterm.hex"
   text	   data	    bss	    dec	    hex	filename
   8248	     80	   1680	  10008	   2718	midterm.elf
Finished building: default.size.stdout
 
Finished building: midterm.hex
Finished building: midterm.list
 
 
01:20:06 **** Incremental Build of configuration Debug for project midterm ****
make -j4 all 
arm-none-eabi-gcc "../Core/Src/button.c" -mcpu=cortex-m3 -std=gnu11 -g3 -DDEBUG -DUSE_HAL_DRIVER -DSTM32F103x6 -c -I../Core/Inc -I../Drivers/STM32F1xx_HAL_Driver/Inc/Legacy -I../Drivers/STM32F1xx_HAL_Driver/Inc -I../Drivers/CMSIS/Device/ST/STM32F1xx/Include -I../Drivers/CMSIS/Include -O0 -ffunction-sections -fdata-sections -Wall -fstack-usage -MMD -MP -MF"Core/Src/button.d" -MT"Core/Src/button.o" --specs=nano.specs -mfloat-abi=soft -mthumb -o "Core/Src/button.o"
arm-none-eabi-gcc "../Core/Src/global.c" -mcpu=cortex-m3 -std=gnu11 -g3 -DDEBUG -DUSE_HAL_DRIVER -DSTM32F103x6 -c -I../Core/Inc -I../Drivers/STM32F1xx_HAL_Driver/Inc/Legacy -I../Drivers/STM32F1xx_HAL_Driver/Inc -I../Drivers/CMSIS/Device/ST/STM32F1xx/Include -I../Drivers/CMSIS/Include -O0 -ffunction-sections -fdata-sections -Wall -fstack-usage -MMD -MP -MF"Core/Src/global.d" -MT"Core/Src/global.o" --specs=nano.specs -mfloat-abi=soft -mthumb -o "Core/Src/global.o"
arm-none-eabi-gcc "../Core/Src/led_display.c" -mcpu=cortex-m3 -std=gnu11 -g3 -DDEBUG -DUSE_HAL_DRIVER -DSTM32F103x6 -c -I../Core/Inc -I../Drivers/STM32F1xx_HAL_Driver/Inc/Legacy -I../Drivers/STM32F1xx_HAL_Driver/Inc -I../Drivers/CMSIS/Device/ST/STM32F1xx/Include -I../Drivers/CMSIS/Include -O0 -ffunction-sections -fdata-sections -Wall -fstack-usage -MMD -MP -MF"Core/Src/led_display.d" -MT"Core/Src/led_display.o" --specs=nano.specs -mfloat-abi=soft -mthumb -o "Core/Src/led_display.o"
arm-none-eabi-gcc "../Core/Src/main.c" -mcpu=cortex-m3 -std=gnu11 -g3 -DDEBUG -DUSE_HAL_DRIVER -DSTM32F103x6 -c -I../Core/Inc -I../Drivers/STM32F1xx_HAL_Driver/Inc/Legacy -I../Drivers/STM32F1xx_HAL_Driver/Inc -I../Drivers/CMSIS/Device/ST/STM32F1xx/Include -I../Drivers/CMSIS/Include -O0 -ffunction-sections -fdata-sections -Wall -fstack-usage -MMD -MP -MF"Core/Src/main.d" -MT"Core/Src/main.o" --specs=nano.specs -mfloat-abi=soft -mthumb -o "Core/Src/main.o"
../Core/Src/button.c: In function 'getKeyInput':
../Core/Src/button.c:65:6: error: 'TimeOutForDoubleClick' undeclared (first use in this function)
   65 |      TimeOutForDoubleClick[i] --;
      |      ^~~~~~~~~~~~~~~~~~~~~
../Core/Src/button.c:65:6: note: each undeclared identifier is reported only once for each function it appears in
../Core/Src/button.c:71:39: error: 'DURATION_FOR_DOUBLE_CLICK' undeclared (first use in this function)
   71 |       else TimeOutForDoubleClick[i] = DURATION_FOR_DOUBLE_CLICK;
      |                                       ^~~~~~~~~~~~~~~~~~~~~~~~~
../Core/Src/button.c: In function 'isButtonDoubleClickPressed':
../Core/Src/button.c:38:1: warning: control reaches end of non-void function [-Wreturn-type]
   38 | }
      | ^
make: *** [Core/Src/subdir.mk:46: Core/Src/button.o] Error 1
make: *** Waiting for unfinished jobs....
"make -j4 all" terminated with exit code 2. Build might be incomplete.
01:21:58 **** Incremental Build of configuration Debug for project midterm ****
make -j4 all 
arm-none-eabi-gcc "../Core/Src/button.c" -mcpu=cortex-m3 -std=gnu11 -g3 -DDEBUG -DUSE_HAL_DRIVER -DSTM32F103x6 -c -I../Core/Inc -I../Drivers/STM32F1xx_HAL_Driver/Inc/Legacy -I../Drivers/STM32F1xx_HAL_Driver/Inc -I../Drivers/CMSIS/Device/ST/STM32F1xx/Include -I../Drivers/CMSIS/Include -O0 -ffunction-sections -fdata-sections -Wall -fstack-usage -MMD -MP -MF"Core/Src/button.d" -MT"Core/Src/button.o" --specs=nano.specs -mfloat-abi=soft -mthumb -o "Core/Src/button.o"
arm-none-eabi-gcc "../Core/Src/global.c" -mcpu=cortex-m3 -std=gnu11 -g3 -DDEBUG -DUSE_HAL_DRIVER -DSTM32F103x6 -c -I../Core/Inc -I../Drivers/STM32F1xx_HAL_Driver/Inc/Legacy -I../Drivers/STM32F1xx_HAL_Driver/Inc -I../Drivers/CMSIS/Device/ST/STM32F1xx/Include -I../Drivers/CMSIS/Include -O0 -ffunction-sections -fdata-sections -Wall -fstack-usage -MMD -MP -MF"Core/Src/global.d" -MT"Core/Src/global.o" --specs=nano.specs -mfloat-abi=soft -mthumb -o "Core/Src/global.o"
arm-none-eabi-gcc "../Core/Src/led_display.c" -mcpu=cortex-m3 -std=gnu11 -g3 -DDEBUG -DUSE_HAL_DRIVER -DSTM32F103x6 -c -I../Core/Inc -I../Drivers/STM32F1xx_HAL_Driver/Inc/Legacy -I../Drivers/STM32F1xx_HAL_Driver/Inc -I../Drivers/CMSIS/Device/ST/STM32F1xx/Include -I../Drivers/CMSIS/Include -O0 -ffunction-sections -fdata-sections -Wall -fstack-usage -MMD -MP -MF"Core/Src/led_display.d" -MT"Core/Src/led_display.o" --specs=nano.specs -mfloat-abi=soft -mthumb -o "Core/Src/led_display.o"
arm-none-eabi-gcc "../Core/Src/main.c" -mcpu=cortex-m3 -std=gnu11 -g3 -DDEBUG -DUSE_HAL_DRIVER -DSTM32F103x6 -c -I../Core/Inc -I../Drivers/STM32F1xx_HAL_Driver/Inc/Legacy -I../Drivers/STM32F1xx_HAL_Driver/Inc -I../Drivers/CMSIS/Device/ST/STM32F1xx/Include -I../Drivers/CMSIS/Include -O0 -ffunction-sections -fdata-sections -Wall -fstack-usage -MMD -MP -MF"Core/Src/main.d" -MT"Core/Src/main.o" --specs=nano.specs -mfloat-abi=soft -mthumb -o "Core/Src/main.o"
../Core/Src/button.c: In function 'isButtonDoubleClickPressed':
../Core/Src/button.c:39:1: warning: control reaches end of non-void function [-Wreturn-type]
   39 | }
      | ^
arm-none-eabi-gcc "../Core/Src/timer.c" -mcpu=cortex-m3 -std=gnu11 -g3 -DDEBUG -DUSE_HAL_DRIVER -DSTM32F103x6 -c -I../Core/Inc -I../Drivers/STM32F1xx_HAL_Driver/Inc/Legacy -I../Drivers/STM32F1xx_HAL_Driver/Inc -I../Drivers/CMSIS/Device/ST/STM32F1xx/Include -I../Drivers/CMSIS/Include -O0 -ffunction-sections -fdata-sections -Wall -fstack-usage -MMD -MP -MF"Core/Src/timer.d" -MT"Core/Src/timer.o" --specs=nano.specs -mfloat-abi=soft -mthumb -o "Core/Src/timer.o"
arm-none-eabi-gcc -o "midterm.elf" @"objects.list"   -mcpu=cortex-m3 -T"F:\UNIVERSITY\HK221\VIXULY\MIDTERM\midterm\STM32F103C6UX_FLASH.ld" --specs=nosys.specs -Wl,-Map="midterm.map" -Wl,--gc-sections -static --specs=nano.specs -mfloat-abi=soft -mthumb -Wl,--start-group -lc -lm -Wl,--end-group
Finished building target: midterm.elf
 
arm-none-eabi-size   midterm.elf 
arm-none-eabi-objdump -h -S  midterm.elf  > "midterm.list"
arm-none-eabi-objcopy  -O ihex  midterm.elf  "midterm.hex"
   text	   data	    bss	    dec	    hex	filename
   8320	     92	   1692	  10104	   2778	midterm.elf
Finished building: default.size.stdout
 
Finished building: midterm.hex
 
Finished building: midterm.list
 
01:22:30 **** Incremental Build of configuration Debug for project midterm ****
make -j4 all 
arm-none-eabi-gcc "../Core/Src/button.c" -mcpu=cortex-m3 -std=gnu11 -g3 -DDEBUG -DUSE_HAL_DRIVER -DSTM32F103x6 -c -I../Core/Inc -I../Drivers/STM32F1xx_HAL_Driver/Inc/Legacy -I../Drivers/STM32F1xx_HAL_Driver/Inc -I../Drivers/CMSIS/Device/ST/STM32F1xx/Include -I../Drivers/CMSIS/Include -O0 -ffunction-sections -fdata-sections -Wall -fstack-usage -MMD -MP -MF"Core/Src/button.d" -MT"Core/Src/button.o" --specs=nano.specs -mfloat-abi=soft -mthumb -o "Core/Src/button.o"
arm-none-eabi-gcc -o "midterm.elf" @"objects.list"   -mcpu=cortex-m3 -T"F:\UNIVERSITY\HK221\VIXULY\MIDTERM\midterm\STM32F103C6UX_FLASH.ld" --specs=nosys.specs -Wl,-Map="midterm.map" -Wl,--gc-sections -static --specs=nano.specs -mfloat-abi=soft -mthumb -Wl,--start-group -lc -lm -Wl,--end-group
Finished building target: midterm.elf
 
arm-none-eabi-size   midterm.elf 
arm-none-eabi-objdump -h -S  midterm.elf  > "midterm.list"
arm-none-eabi-objcopy  -O ihex  midterm.elf  "midterm.hex"
   text	   data	    bss	    dec	    hex	filename
   8320	     92	   1692	  10104	   2778	midterm.elf
Finished building: default.size.stdout
 
Finished building: midterm.hex
Finished building: midterm.list
 
 
01:24:32 **** Incremental Build of configuration Debug for project midterm ****
make -j4 all 
arm-none-eabi-gcc "../Core/Src/button.c" -mcpu=cortex-m3 -std=gnu11 -g3 -DDEBUG -DUSE_HAL_DRIVER -DSTM32F103x6 -c -I../Core/Inc -I../Drivers/STM32F1xx_HAL_Driver/Inc/Legacy -I../Drivers/STM32F1xx_HAL_Driver/Inc -I../Drivers/CMSIS/Device/ST/STM32F1xx/Include -I../Drivers/CMSIS/Include -O0 -ffunction-sections -fdata-sections -Wall -fstack-usage -MMD -MP -MF"Core/Src/button.d" -MT"Core/Src/button.o" --specs=nano.specs -mfloat-abi=soft -mthumb -o "Core/Src/button.o"
arm-none-eabi-gcc "../Core/Src/main.c" -mcpu=cortex-m3 -std=gnu11 -g3 -DDEBUG -DUSE_HAL_DRIVER -DSTM32F103x6 -c -I../Core/Inc -I../Drivers/STM32F1xx_HAL_Driver/Inc/Legacy -I../Drivers/STM32F1xx_HAL_Driver/Inc -I../Drivers/CMSIS/Device/ST/STM32F1xx/Include -I../Drivers/CMSIS/Include -O0 -ffunction-sections -fdata-sections -Wall -fstack-usage -MMD -MP -MF"Core/Src/main.d" -MT"Core/Src/main.o" --specs=nano.specs -mfloat-abi=soft -mthumb -o "Core/Src/main.o"
../Core/Src/main.c: In function 'main':
../Core/Src/main.c:100:10: warning: implicit declaration of function 'isButtonDoublePressed'; did you mean 'isButtonDoubleClickPressed'? [-Wimplicit-function-declaration]
  100 |      if (isButtonDoublePressed(0) == 1) {
      |          ^~~~~~~~~~~~~~~~~~~~~
      |          isButtonDoubleClickPressed
../Core/Src/main.c:106:15: warning: implicit declaration of function 'sButtonPressed'; did you mean 'isButtonPressed'? [-Wimplicit-function-declaration]
  106 |      else if (sButtonPressed(0) == 1) {
      |               ^~~~~~~~~~~~~~
      |               isButtonPressed
arm-none-eabi-gcc -o "midterm.elf" @"objects.list"   -mcpu=cortex-m3 -T"F:\UNIVERSITY\HK221\VIXULY\MIDTERM\midterm\STM32F103C6UX_FLASH.ld" --specs=nosys.specs -Wl,-Map="midterm.map" -Wl,--gc-sections -static --specs=nano.specs -mfloat-abi=soft -mthumb -Wl,--start-group -lc -lm -Wl,--end-group
c:\st\stm32cubeide_1.7.0\stm32cubeide\plugins\com.st.stm32cube.ide.mcu.externaltools.gnu-tools-for-stm32.10.3-2021.10.win32_1.0.0.202111181127\tools\arm-none-eabi\bin\ld.exe: ./Core/Src/main.o: in function `main':
F:/UNIVERSITY/HK221/VIXULY/MIDTERM/midterm/Debug/../Core/Src/main.c:106: undefined reference to `sButtonPressed'
collect2.exe: error: ld returned 1 exit status
make: *** [makefile:67: midterm.elf] Error 1
"make -j4 all" terminated with exit code 2. Build might be incomplete.
01:24:41 **** Incremental Build of configuration Debug for project midterm ****
make -j4 all 
arm-none-eabi-gcc "../Core/Src/main.c" -mcpu=cortex-m3 -std=gnu11 -g3 -DDEBUG -DUSE_HAL_DRIVER -DSTM32F103x6 -c -I../Core/Inc -I../Drivers/STM32F1xx_HAL_Driver/Inc/Legacy -I../Drivers/STM32F1xx_HAL_Driver/Inc -I../Drivers/CMSIS/Device/ST/STM32F1xx/Include -I../Drivers/CMSIS/Include -O0 -ffunction-sections -fdata-sections -Wall -fstack-usage -MMD -MP -MF"Core/Src/main.d" -MT"Core/Src/main.o" --specs=nano.specs -mfloat-abi=soft -mthumb -o "Core/Src/main.o"
../Core/Src/main.c: In function 'main':
../Core/Src/main.c:100:10: warning: implicit declaration of function 'isButtonDoublePressed'; did you mean 'isButtonDoubleClickPressed'? [-Wimplicit-function-declaration]
  100 |      if (isButtonDoublePressed(0) == 1) {
      |          ^~~~~~~~~~~~~~~~~~~~~
      |          isButtonDoubleClickPressed
arm-none-eabi-gcc -o "midterm.elf" @"objects.list"   -mcpu=cortex-m3 -T"F:\UNIVERSITY\HK221\VIXULY\MIDTERM\midterm\STM32F103C6UX_FLASH.ld" --specs=nosys.specs -Wl,-Map="midterm.map" -Wl,--gc-sections -static --specs=nano.specs -mfloat-abi=soft -mthumb -Wl,--start-group -lc -lm -Wl,--end-group
Finished building target: midterm.elf
 
arm-none-eabi-size   midterm.elf 
arm-none-eabi-objdump -h -S  midterm.elf  > "midterm.list"
arm-none-eabi-objcopy  -O ihex  midterm.elf  "midterm.hex"
   text	   data	    bss	    dec	    hex	filename
   8452	     92	   1692	  10236	   27fc	midterm.elf
Finished building: default.size.stdout
 
Finished building: midterm.hex
 
Finished building: midterm.list
 
01:24:53 **** Incremental Build of configuration Debug for project midterm ****
make -j4 all 
arm-none-eabi-size   midterm.elf 
   text	   data	    bss	    dec	    hex	filename
   8452	     92	   1692	  10236	   27fc	midterm.elf
Finished building: default.size.stdout
 
01:26:20 **** Incremental Build of configuration Debug for project midterm ****
make -j4 all 
arm-none-eabi-gcc "../Core/Src/button.c" -mcpu=cortex-m3 -std=gnu11 -g3 -DDEBUG -DUSE_HAL_DRIVER -DSTM32F103x6 -c -I../Core/Inc -I../Drivers/STM32F1xx_HAL_Driver/Inc/Legacy -I../Drivers/STM32F1xx_HAL_Driver/Inc -I../Drivers/CMSIS/Device/ST/STM32F1xx/Include -I../Drivers/CMSIS/Include -O0 -ffunction-sections -fdata-sections -Wall -fstack-usage -MMD -MP -MF"Core/Src/button.d" -MT"Core/Src/button.o" --specs=nano.specs -mfloat-abi=soft -mthumb -o "Core/Src/button.o"
arm-none-eabi-gcc -o "midterm.elf" @"objects.list"   -mcpu=cortex-m3 -T"F:\UNIVERSITY\HK221\VIXULY\MIDTERM\midterm\STM32F103C6UX_FLASH.ld" --specs=nosys.specs -Wl,-Map="midterm.map" -Wl,--gc-sections -static --specs=nano.specs -mfloat-abi=soft -mthumb -Wl,--start-group -lc -lm -Wl,--end-group
Finished building target: midterm.elf
 
arm-none-eabi-size   midterm.elf 
arm-none-eabi-objdump -h -S  midterm.elf  > "midterm.list"
arm-none-eabi-objcopy  -O ihex  midterm.elf  "midterm.hex"
   text	   data	    bss	    dec	    hex	filename
   8460	     92	   1692	  10244	   2804	midterm.elf
Finished building: default.size.stdout
 
Finished building: midterm.hex
 
Finished building: midterm.list
 
01:28:49 **** Incremental Build of configuration Debug for project midterm ****
make -j4 all 
arm-none-eabi-gcc "../Core/Src/button.c" -mcpu=cortex-m3 -std=gnu11 -g3 -DDEBUG -DUSE_HAL_DRIVER -DSTM32F103x6 -c -I../Core/Inc -I../Drivers/STM32F1xx_HAL_Driver/Inc/Legacy -I../Drivers/STM32F1xx_HAL_Driver/Inc -I../Drivers/CMSIS/Device/ST/STM32F1xx/Include -I../Drivers/CMSIS/Include -O0 -ffunction-sections -fdata-sections -Wall -fstack-usage -MMD -MP -MF"Core/Src/button.d" -MT"Core/Src/button.o" --specs=nano.specs -mfloat-abi=soft -mthumb -o "Core/Src/button.o"
arm-none-eabi-gcc -o "midterm.elf" @"objects.list"   -mcpu=cortex-m3 -T"F:\UNIVERSITY\HK221\VIXULY\MIDTERM\midterm\STM32F103C6UX_FLASH.ld" --specs=nosys.specs -Wl,-Map="midterm.map" -Wl,--gc-sections -static --specs=nano.specs -mfloat-abi=soft -mthumb -Wl,--start-group -lc -lm -Wl,--end-group
Finished building target: midterm.elf
 
arm-none-eabi-size   midterm.elf 
arm-none-eabi-objdump -h -S  midterm.elf  > "midterm.list"
arm-none-eabi-objcopy  -O ihex  midterm.elf  "midterm.hex"
   text	   data	    bss	    dec	    hex	filename
   8460	     80	   1704	  10244	   2804	midterm.elf
Finished building: default.size.stdout
 
Finished building: midterm.hex
 
Finished building: midterm.list
 
01:34:52 **** Incremental Build of configuration Debug for project midterm ****
make -j4 all 
arm-none-eabi-gcc "../Core/Src/main.c" -mcpu=cortex-m3 -std=gnu11 -g3 -DDEBUG -DUSE_HAL_DRIVER -DSTM32F103x6 -c -I../Core/Inc -I../Drivers/STM32F1xx_HAL_Driver/Inc/Legacy -I../Drivers/STM32F1xx_HAL_Driver/Inc -I../Drivers/CMSIS/Device/ST/STM32F1xx/Include -I../Drivers/CMSIS/Include -O0 -ffunction-sections -fdata-sections -Wall -fstack-usage -MMD -MP -MF"Core/Src/main.d" -MT"Core/Src/main.o" --specs=nano.specs -mfloat-abi=soft -mthumb -o "Core/Src/main.o"
../Core/Src/main.c: In function 'main':
../Core/Src/main.c:101:10: warning: implicit declaration of function 'isButtonDoublePressed'; did you mean 'isButtonDoubleClickPressed'? [-Wimplicit-function-declaration]
  101 |      if (isButtonDoublePressed(0) == 1) {
      |          ^~~~~~~~~~~~~~~~~~~~~
      |          isButtonDoubleClickPressed
arm-none-eabi-gcc -o "midterm.elf" @"objects.list"   -mcpu=cortex-m3 -T"F:\UNIVERSITY\HK221\VIXULY\MIDTERM\midterm\STM32F103C6UX_FLASH.ld" --specs=nosys.specs -Wl,-Map="midterm.map" -Wl,--gc-sections -static --specs=nano.specs -mfloat-abi=soft -mthumb -Wl,--start-group -lc -lm -Wl,--end-group
Finished building target: midterm.elf
 
arm-none-eabi-size   midterm.elf 
arm-none-eabi-objdump -h -S  midterm.elf  > "midterm.list"
arm-none-eabi-objcopy  -O ihex  midterm.elf  "midterm.hex"
   text	   data	    bss	    dec	    hex	filename
   8452	     80	   1704	  10236	   27fc	midterm.elf
Finished building: default.size.stdout
 
Finished building: midterm.hex
 
Finished building: midterm.list
 
01:35:06 **** Incremental Build of configuration Debug for project midterm ****
make -j4 all 
arm-none-eabi-gcc "../Core/Src/button.c" -mcpu=cortex-m3 -std=gnu11 -g3 -DDEBUG -DUSE_HAL_DRIVER -DSTM32F103x6 -c -I../Core/Inc -I../Drivers/STM32F1xx_HAL_Driver/Inc/Legacy -I../Drivers/STM32F1xx_HAL_Driver/Inc -I../Drivers/CMSIS/Device/ST/STM32F1xx/Include -I../Drivers/CMSIS/Include -O0 -ffunction-sections -fdata-sections -Wall -fstack-usage -MMD -MP -MF"Core/Src/button.d" -MT"Core/Src/button.o" --specs=nano.specs -mfloat-abi=soft -mthumb -o "Core/Src/button.o"
arm-none-eabi-gcc "../Core/Src/global.c" -mcpu=cortex-m3 -std=gnu11 -g3 -DDEBUG -DUSE_HAL_DRIVER -DSTM32F103x6 -c -I../Core/Inc -I../Drivers/STM32F1xx_HAL_Driver/Inc/Legacy -I../Drivers/STM32F1xx_HAL_Driver/Inc -I../Drivers/CMSIS/Device/ST/STM32F1xx/Include -I../Drivers/CMSIS/Include -O0 -ffunction-sections -fdata-sections -Wall -fstack-usage -MMD -MP -MF"Core/Src/global.d" -MT"Core/Src/global.o" --specs=nano.specs -mfloat-abi=soft -mthumb -o "Core/Src/global.o"
arm-none-eabi-gcc "../Core/Src/led_display.c" -mcpu=cortex-m3 -std=gnu11 -g3 -DDEBUG -DUSE_HAL_DRIVER -DSTM32F103x6 -c -I../Core/Inc -I../Drivers/STM32F1xx_HAL_Driver/Inc/Legacy -I../Drivers/STM32F1xx_HAL_Driver/Inc -I../Drivers/CMSIS/Device/ST/STM32F1xx/Include -I../Drivers/CMSIS/Include -O0 -ffunction-sections -fdata-sections -Wall -fstack-usage -MMD -MP -MF"Core/Src/led_display.d" -MT"Core/Src/led_display.o" --specs=nano.specs -mfloat-abi=soft -mthumb -o "Core/Src/led_display.o"
arm-none-eabi-gcc "../Core/Src/main.c" -mcpu=cortex-m3 -std=gnu11 -g3 -DDEBUG -DUSE_HAL_DRIVER -DSTM32F103x6 -c -I../Core/Inc -I../Drivers/STM32F1xx_HAL_Driver/Inc/Legacy -I../Drivers/STM32F1xx_HAL_Driver/Inc -I../Drivers/CMSIS/Device/ST/STM32F1xx/Include -I../Drivers/CMSIS/Include -O0 -ffunction-sections -fdata-sections -Wall -fstack-usage -MMD -MP -MF"Core/Src/main.d" -MT"Core/Src/main.o" --specs=nano.specs -mfloat-abi=soft -mthumb -o "Core/Src/main.o"
arm-none-eabi-gcc "../Core/Src/timer.c" -mcpu=cortex-m3 -std=gnu11 -g3 -DDEBUG -DUSE_HAL_DRIVER -DSTM32F103x6 -c -I../Core/Inc -I../Drivers/STM32F1xx_HAL_Driver/Inc/Legacy -I../Drivers/STM32F1xx_HAL_Driver/Inc -I../Drivers/CMSIS/Device/ST/STM32F1xx/Include -I../Drivers/CMSIS/Include -O0 -ffunction-sections -fdata-sections -Wall -fstack-usage -MMD -MP -MF"Core/Src/timer.d" -MT"Core/Src/timer.o" --specs=nano.specs -mfloat-abi=soft -mthumb -o "Core/Src/timer.o"
arm-none-eabi-gcc -o "midterm.elf" @"objects.list"   -mcpu=cortex-m3 -T"F:\UNIVERSITY\HK221\VIXULY\MIDTERM\midterm\STM32F103C6UX_FLASH.ld" --specs=nosys.specs -Wl,-Map="midterm.map" -Wl,--gc-sections -static --specs=nano.specs -mfloat-abi=soft -mthumb -Wl,--start-group -lc -lm -Wl,--end-group
Finished building target: midterm.elf
 
arm-none-eabi-size   midterm.elf 
arm-none-eabi-objdump -h -S  midterm.elf  > "midterm.list"
arm-none-eabi-objcopy  -O ihex  midterm.elf  "midterm.hex"
   text	   data	    bss	    dec	    hex	filename
   8452	     80	   1704	  10236	   27fc	midterm.elf
Finished building: default.size.stdout
 
Finished building: midterm.hex
 
Finished building: midterm.list
 
01:37:57 **** Incremental Build of configuration Debug for project midterm ****
make -j4 all 
arm-none-eabi-gcc "../Core/Src/button.c" -mcpu=cortex-m3 -std=gnu11 -g3 -DDEBUG -DUSE_HAL_DRIVER -DSTM32F103x6 -c -I../Core/Inc -I../Drivers/STM32F1xx_HAL_Driver/Inc/Legacy -I../Drivers/STM32F1xx_HAL_Driver/Inc -I../Drivers/CMSIS/Device/ST/STM32F1xx/Include -I../Drivers/CMSIS/Include -O0 -ffunction-sections -fdata-sections -Wall -fstack-usage -MMD -MP -MF"Core/Src/button.d" -MT"Core/Src/button.o" --specs=nano.specs -mfloat-abi=soft -mthumb -o "Core/Src/button.o"
../Core/Src/button.c: In function 'subKeyProcess':
../Core/Src/button.c:46:27: error: 'i' undeclared (first use in this function)
   46 |     TimeOutForDoubleClick[i] --;
      |                           ^
../Core/Src/button.c:46:27: note: each undeclared identifier is reported only once for each function it appears in
make: *** [Core/Src/subdir.mk:46: Core/Src/button.o] Error 1
"make -j4 all" terminated with exit code 2. Build might be incomplete.
01:38:30 **** Incremental Build of configuration Debug for project midterm ****
make -j4 all 
arm-none-eabi-gcc "../Core/Src/button.c" -mcpu=cortex-m3 -std=gnu11 -g3 -DDEBUG -DUSE_HAL_DRIVER -DSTM32F103x6 -c -I../Core/Inc -I../Drivers/STM32F1xx_HAL_Driver/Inc/Legacy -I../Drivers/STM32F1xx_HAL_Driver/Inc -I../Drivers/CMSIS/Device/ST/STM32F1xx/Include -I../Drivers/CMSIS/Include -O0 -ffunction-sections -fdata-sections -Wall -fstack-usage -MMD -MP -MF"Core/Src/button.d" -MT"Core/Src/button.o" --specs=nano.specs -mfloat-abi=soft -mthumb -o "Core/Src/button.o"
../Core/Src/button.c: In function 'subKeyProcess':
../Core/Src/button.c:51:27: error: 'i' undeclared (first use in this function)
   51 |     TimeOutForDoubleClick[i] = DURATION_FOR_DOUBLE_CLICK;
      |                           ^
../Core/Src/button.c:51:27: note: each undeclared identifier is reported only once for each function it appears in
make: *** [Core/Src/subdir.mk:46: Core/Src/button.o] Error 1
"make -j4 all" terminated with exit code 2. Build might be incomplete.
01:38:37 **** Incremental Build of configuration Debug for project midterm ****
make -j4 all 
arm-none-eabi-gcc "../Core/Src/button.c" -mcpu=cortex-m3 -std=gnu11 -g3 -DDEBUG -DUSE_HAL_DRIVER -DSTM32F103x6 -c -I../Core/Inc -I../Drivers/STM32F1xx_HAL_Driver/Inc/Legacy -I../Drivers/STM32F1xx_HAL_Driver/Inc -I../Drivers/CMSIS/Device/ST/STM32F1xx/Include -I../Drivers/CMSIS/Include -O0 -ffunction-sections -fdata-sections -Wall -fstack-usage -MMD -MP -MF"Core/Src/button.d" -MT"Core/Src/button.o" --specs=nano.specs -mfloat-abi=soft -mthumb -o "Core/Src/button.o"
arm-none-eabi-gcc -o "midterm.elf" @"objects.list"   -mcpu=cortex-m3 -T"F:\UNIVERSITY\HK221\VIXULY\MIDTERM\midterm\STM32F103C6UX_FLASH.ld" --specs=nosys.specs -Wl,-Map="midterm.map" -Wl,--gc-sections -static --specs=nano.specs -mfloat-abi=soft -mthumb -Wl,--start-group -lc -lm -Wl,--end-group
Finished building target: midterm.elf
 
arm-none-eabi-size   midterm.elf 
arm-none-eabi-objdump -h -S  midterm.elf  > "midterm.list"
arm-none-eabi-objcopy  -O ihex  midterm.elf  "midterm.hex"
   text	   data	    bss	    dec	    hex	filename
   8444	     80	   1704	  10228	   27f4	midterm.elf
Finished building: default.size.stdout
 
Finished building: midterm.hex
 
Finished building: midterm.list
 
01:38:42 **** Incremental Build of configuration Debug for project midterm ****
make -j4 all 
arm-none-eabi-size   midterm.elf 
   text	   data	    bss	    dec	    hex	filename
   8444	     80	   1704	  10228	   27f4	midterm.elf
Finished building: default.size.stdout
 
01:39:26 **** Incremental Build of configuration Debug for project midterm ****
make -j4 all 
arm-none-eabi-gcc "../Core/Src/main.c" -mcpu=cortex-m3 -std=gnu11 -g3 -DDEBUG -DUSE_HAL_DRIVER -DSTM32F103x6 -c -I../Core/Inc -I../Drivers/STM32F1xx_HAL_Driver/Inc/Legacy -I../Drivers/STM32F1xx_HAL_Driver/Inc -I../Drivers/CMSIS/Device/ST/STM32F1xx/Include -I../Drivers/CMSIS/Include -O0 -ffunction-sections -fdata-sections -Wall -fstack-usage -MMD -MP -MF"Core/Src/main.d" -MT"Core/Src/main.o" --specs=nano.specs -mfloat-abi=soft -mthumb -o "Core/Src/main.o"
arm-none-eabi-gcc -o "midterm.elf" @"objects.list"   -mcpu=cortex-m3 -T"F:\UNIVERSITY\HK221\VIXULY\MIDTERM\midterm\STM32F103C6UX_FLASH.ld" --specs=nosys.specs -Wl,-Map="midterm.map" -Wl,--gc-sections -static --specs=nano.specs -mfloat-abi=soft -mthumb -Wl,--start-group -lc -lm -Wl,--end-group
Finished building target: midterm.elf
 
arm-none-eabi-size   midterm.elf 
arm-none-eabi-objdump -h -S  midterm.elf  > "midterm.list"
arm-none-eabi-objcopy  -O ihex  midterm.elf  "midterm.hex"
   text	   data	    bss	    dec	    hex	filename
   8316	     80	   1704	  10100	   2774	midterm.elf
Finished building: default.size.stdout
 
Finished building: midterm.hex
Finished building: midterm.list
 
 
01:39:33 **** Incremental Build of configuration Debug for project midterm ****
make -j4 all 
arm-none-eabi-gcc "../Core/Src/main.c" -mcpu=cortex-m3 -std=gnu11 -g3 -DDEBUG -DUSE_HAL_DRIVER -DSTM32F103x6 -c -I../Core/Inc -I../Drivers/STM32F1xx_HAL_Driver/Inc/Legacy -I../Drivers/STM32F1xx_HAL_Driver/Inc -I../Drivers/CMSIS/Device/ST/STM32F1xx/Include -I../Drivers/CMSIS/Include -O0 -ffunction-sections -fdata-sections -Wall -fstack-usage -MMD -MP -MF"Core/Src/main.d" -MT"Core/Src/main.o" --specs=nano.specs -mfloat-abi=soft -mthumb -o "Core/Src/main.o"
arm-none-eabi-gcc -o "midterm.elf" @"objects.list"   -mcpu=cortex-m3 -T"F:\UNIVERSITY\HK221\VIXULY\MIDTERM\midterm\STM32F103C6UX_FLASH.ld" --specs=nosys.specs -Wl,-Map="midterm.map" -Wl,--gc-sections -static --specs=nano.specs -mfloat-abi=soft -mthumb -Wl,--start-group -lc -lm -Wl,--end-group
Finished building target: midterm.elf
 
arm-none-eabi-size   midterm.elf 
arm-none-eabi-objdump -h -S  midterm.elf  > "midterm.list"
arm-none-eabi-objcopy  -O ihex  midterm.elf  "midterm.hex"
   text	   data	    bss	    dec	    hex	filename
   8312	     80	   1704	  10096	   2770	midterm.elf
Finished building: default.size.stdout
 
Finished building: midterm.hex
Finished building: midterm.list
 
 
01:41:05 **** Incremental Build of configuration Debug for project midterm ****
make -j4 all 
arm-none-eabi-gcc "../Core/Src/button.c" -mcpu=cortex-m3 -std=gnu11 -g3 -DDEBUG -DUSE_HAL_DRIVER -DSTM32F103x6 -c -I../Core/Inc -I../Drivers/STM32F1xx_HAL_Driver/Inc/Legacy -I../Drivers/STM32F1xx_HAL_Driver/Inc -I../Drivers/CMSIS/Device/ST/STM32F1xx/Include -I../Drivers/CMSIS/Include -O0 -ffunction-sections -fdata-sections -Wall -fstack-usage -MMD -MP -MF"Core/Src/button.d" -MT"Core/Src/button.o" --specs=nano.specs -mfloat-abi=soft -mthumb -o "Core/Src/button.o"
../Core/Src/button.c: In function 'getKeyInput':
../Core/Src/button.c:75:28: error: 'index' undeclared (first use in this function)
   75 |      TimeOutForDoubleClick[index] --;
      |                            ^~~~~
../Core/Src/button.c:75:28: note: each undeclared identifier is reported only once for each function it appears in
make: *** [Core/Src/subdir.mk:46: Core/Src/button.o] Error 1
"make -j4 all" terminated with exit code 2. Build might be incomplete.
01:41:12 **** Incremental Build of configuration Debug for project midterm ****
make -j4 all 
arm-none-eabi-gcc "../Core/Src/button.c" -mcpu=cortex-m3 -std=gnu11 -g3 -DDEBUG -DUSE_HAL_DRIVER -DSTM32F103x6 -c -I../Core/Inc -I../Drivers/STM32F1xx_HAL_Driver/Inc/Legacy -I../Drivers/STM32F1xx_HAL_Driver/Inc -I../Drivers/CMSIS/Device/ST/STM32F1xx/Include -I../Drivers/CMSIS/Include -O0 -ffunction-sections -fdata-sections -Wall -fstack-usage -MMD -MP -MF"Core/Src/button.d" -MT"Core/Src/button.o" --specs=nano.specs -mfloat-abi=soft -mthumb -o "Core/Src/button.o"
arm-none-eabi-gcc -o "midterm.elf" @"objects.list"   -mcpu=cortex-m3 -T"F:\UNIVERSITY\HK221\VIXULY\MIDTERM\midterm\STM32F103C6UX_FLASH.ld" --specs=nosys.specs -Wl,-Map="midterm.map" -Wl,--gc-sections -static --specs=nano.specs -mfloat-abi=soft -mthumb -Wl,--start-group -lc -lm -Wl,--end-group
Finished building target: midterm.elf
 
arm-none-eabi-size   midterm.elf 
arm-none-eabi-objdump -h -S  midterm.elf  > "midterm.list"
arm-none-eabi-objcopy  -O ihex  midterm.elf  "midterm.hex"
   text	   data	    bss	    dec	    hex	filename
   8312	     80	   1704	  10096	   2770	midterm.elf
Finished building: default.size.stdout
 
Finished building: midterm.hex
 
Finished building: midterm.list
 
09:56:54 **** Incremental Build of configuration Debug for project midterm ****
make -j4 all 
arm-none-eabi-gcc "../Core/Src/button.c" -mcpu=cortex-m3 -std=gnu11 -g3 -DDEBUG -DUSE_HAL_DRIVER -DSTM32F103x6 -c -I../Core/Inc -I../Drivers/STM32F1xx_HAL_Driver/Inc/Legacy -I../Drivers/STM32F1xx_HAL_Driver/Inc -I../Drivers/CMSIS/Device/ST/STM32F1xx/Include -I../Drivers/CMSIS/Include -O0 -ffunction-sections -fdata-sections -Wall -fstack-usage -MMD -MP -MF"Core/Src/button.d" -MT"Core/Src/button.o" --specs=nano.specs -mfloat-abi=soft -mthumb -o "Core/Src/button.o"
arm-none-eabi-gcc "../Core/Src/fsm_simple_button_run.c" -mcpu=cortex-m3 -std=gnu11 -g3 -DDEBUG -DUSE_HAL_DRIVER -DSTM32F103x6 -c -I../Core/Inc -I../Drivers/STM32F1xx_HAL_Driver/Inc/Legacy -I../Drivers/STM32F1xx_HAL_Driver/Inc -I../Drivers/CMSIS/Device/ST/STM32F1xx/Include -I../Drivers/CMSIS/Include -O0 -ffunction-sections -fdata-sections -Wall -fstack-usage -MMD -MP -MF"Core/Src/fsm_simple_button_run.d" -MT"Core/Src/fsm_simple_button_run.o" --specs=nano.specs -mfloat-abi=soft -mthumb -o "Core/Src/fsm_simple_button_run.o"
arm-none-eabi-gcc "../Core/Src/global.c" -mcpu=cortex-m3 -std=gnu11 -g3 -DDEBUG -DUSE_HAL_DRIVER -DSTM32F103x6 -c -I../Core/Inc -I../Drivers/STM32F1xx_HAL_Driver/Inc/Legacy -I../Drivers/STM32F1xx_HAL_Driver/Inc -I../Drivers/CMSIS/Device/ST/STM32F1xx/Include -I../Drivers/CMSIS/Include -O0 -ffunction-sections -fdata-sections -Wall -fstack-usage -MMD -MP -MF"Core/Src/global.d" -MT"Core/Src/global.o" --specs=nano.specs -mfloat-abi=soft -mthumb -o "Core/Src/global.o"
arm-none-eabi-gcc "../Core/Src/led_display.c" -mcpu=cortex-m3 -std=gnu11 -g3 -DDEBUG -DUSE_HAL_DRIVER -DSTM32F103x6 -c -I../Core/Inc -I../Drivers/STM32F1xx_HAL_Driver/Inc/Legacy -I../Drivers/STM32F1xx_HAL_Driver/Inc -I../Drivers/CMSIS/Device/ST/STM32F1xx/Include -I../Drivers/CMSIS/Include -O0 -ffunction-sections -fdata-sections -Wall -fstack-usage -MMD -MP -MF"Core/Src/led_display.d" -MT"Core/Src/led_display.o" --specs=nano.specs -mfloat-abi=soft -mthumb -o "Core/Src/led_display.o"
../Core/Src/fsm_simple_button_run.c: In function 'button_process':
../Core/Src/fsm_simple_button_run.c:9:6: warning: implicit declaration of function 'isButtonPressed' [-Wimplicit-function-declaration]
    9 |  if (isButtonPressed(0) == 1) {
      |      ^~~~~~~~~~~~~~~
../Core/Src/fsm_simple_button_run.c:10:3: error: 'status' undeclared (first use in this function)
   10 |   status = RESET;
      |   ^~~~~~
../Core/Src/fsm_simple_button_run.c:10:3: note: each undeclared identifier is reported only once for each function it appears in
../Core/Src/fsm_simple_button_run.c:10:12: error: 'RESET' undeclared (first use in this function)
   10 |   status = RESET;
      |            ^~~~~
../Core/Src/fsm_simple_button_run.c:13:3: error: 'count' undeclared (first use in this function)
   13 |   count = (count == 9) ? 0 : count+1;
      |   ^~~~~
../Core/Src/fsm_simple_button_run.c:14:12: error: 'INC' undeclared (first use in this function)
   14 |   status = INC;
      |            ^~~
../Core/Src/fsm_simple_button_run.c:15:3: warning: implicit declaration of function 'setTimer1' [-Wimplicit-function-declaration]
   15 |   setTimer1(10000);
      |   ^~~~~~~~~
../Core/Src/fsm_simple_button_run.c:19:12: error: 'DEC' undeclared (first use in this function)
   19 |   status = DEC;
      |            ^~~
../Core/Src/fsm_simple_button_run.c: In function 'fsm_simple_buttons_run':
../Core/Src/fsm_simple_button_run.c:25:10: error: 'status' undeclared (first use in this function)
   25 |  switch (status) {
      |          ^~~~~~
../Core/Src/fsm_simple_button_run.c:26:7: error: 'INIT' undeclared (first use in this function)
   26 |  case INIT:
      |       ^~~~
../Core/Src/fsm_simple_button_run.c:27:12: error: 'RESET' undeclared (first use in this function)
   27 |   status = RESET;
      |            ^~~~~
../Core/Src/fsm_simple_button_run.c:30:3: error: 'count' undeclared (first use in this function)
   30 |   count = 0;
      |   ^~~~~
../Core/Src/fsm_simple_button_run.c:31:3: warning: implicit declaration of function 'display7SEG' [-Wimplicit-function-declaration]
   31 |   display7SEG(count);
      |   ^~~~~~~~~~~
../Core/Src/fsm_simple_button_run.c:33:7: error: 'timer1_flag' undeclared (first use in this function)
   33 |   if (timer1_flag == 1) {
      |       ^~~~~~~~~~~
../Core/Src/fsm_simple_button_run.c:34:13: error: 'AUTO' undeclared (first use in this function)
   34 |    status = AUTO;
      |             ^~~~
../Core/Src/fsm_simple_button_run.c:38:7: error: 'INC' undeclared (first use in this function)
   38 |  case INC:
      |       ^~~
../Core/Src/fsm_simple_button_run.c:47:7: error: 'DEC' undeclared (first use in this function)
   47 |  case DEC:
      |       ^~~
make: *** [Core/Src/subdir.mk:49: Core/Src/fsm_simple_button_run.o] Error 1
make: *** Waiting for unfinished jobs....
"make -j4 all" terminated with exit code 2. Build might be incomplete.
09:57:34 **** Incremental Build of configuration Debug for project midterm ****
make -j4 all 
arm-none-eabi-gcc "../Core/Src/fsm_simple_button_run.c" -mcpu=cortex-m3 -std=gnu11 -g3 -DDEBUG -DUSE_HAL_DRIVER -DSTM32F103x6 -c -I../Core/Inc -I../Drivers/STM32F1xx_HAL_Driver/Inc/Legacy -I../Drivers/STM32F1xx_HAL_Driver/Inc -I../Drivers/CMSIS/Device/ST/STM32F1xx/Include -I../Drivers/CMSIS/Include -O0 -ffunction-sections -fdata-sections -Wall -fstack-usage -MMD -MP -MF"Core/Src/fsm_simple_button_run.d" -MT"Core/Src/fsm_simple_button_run.o" --specs=nano.specs -mfloat-abi=soft -mthumb -o "Core/Src/fsm_simple_button_run.o"
arm-none-eabi-gcc "../Core/Src/main.c" -mcpu=cortex-m3 -std=gnu11 -g3 -DDEBUG -DUSE_HAL_DRIVER -DSTM32F103x6 -c -I../Core/Inc -I../Drivers/STM32F1xx_HAL_Driver/Inc/Legacy -I../Drivers/STM32F1xx_HAL_Driver/Inc -I../Drivers/CMSIS/Device/ST/STM32F1xx/Include -I../Drivers/CMSIS/Include -O0 -ffunction-sections -fdata-sections -Wall -fstack-usage -MMD -MP -MF"Core/Src/main.d" -MT"Core/Src/main.o" --specs=nano.specs -mfloat-abi=soft -mthumb -o "Core/Src/main.o"
arm-none-eabi-gcc "../Core/Src/stm32f1xx_hal_msp.c" -mcpu=cortex-m3 -std=gnu11 -g3 -DDEBUG -DUSE_HAL_DRIVER -DSTM32F103x6 -c -I../Core/Inc -I../Drivers/STM32F1xx_HAL_Driver/Inc/Legacy -I../Drivers/STM32F1xx_HAL_Driver/Inc -I../Drivers/CMSIS/Device/ST/STM32F1xx/Include -I../Drivers/CMSIS/Include -O0 -ffunction-sections -fdata-sections -Wall -fstack-usage -MMD -MP -MF"Core/Src/stm32f1xx_hal_msp.d" -MT"Core/Src/stm32f1xx_hal_msp.o" --specs=nano.specs -mfloat-abi=soft -mthumb -o "Core/Src/stm32f1xx_hal_msp.o"
arm-none-eabi-gcc "../Core/Src/stm32f1xx_it.c" -mcpu=cortex-m3 -std=gnu11 -g3 -DDEBUG -DUSE_HAL_DRIVER -DSTM32F103x6 -c -I../Core/Inc -I../Drivers/STM32F1xx_HAL_Driver/Inc/Legacy -I../Drivers/STM32F1xx_HAL_Driver/Inc -I../Drivers/CMSIS/Device/ST/STM32F1xx/Include -I../Drivers/CMSIS/Include -O0 -ffunction-sections -fdata-sections -Wall -fstack-usage -MMD -MP -MF"Core/Src/stm32f1xx_it.d" -MT"Core/Src/stm32f1xx_it.o" --specs=nano.specs -mfloat-abi=soft -mthumb -o "Core/Src/stm32f1xx_it.o"
../Core/Src/fsm_simple_button_run.c: In function 'button_process':
../Core/Src/fsm_simple_button_run.c:9:6: warning: implicit declaration of function 'isButtonPressed' [-Wimplicit-function-declaration]
    9 |  if (isButtonPressed(0) == 1) {
      |      ^~~~~~~~~~~~~~~
../Core/Src/fsm_simple_button_run.c:10:3: error: 'status' undeclared (first use in this function)
   10 |   status = RESET;
      |   ^~~~~~
../Core/Src/fsm_simple_button_run.c:10:3: note: each undeclared identifier is reported only once for each function it appears in
../Core/Src/fsm_simple_button_run.c:10:12: error: 'RESET' undeclared (first use in this function)
   10 |   status = RESET;
      |            ^~~~~
../Core/Src/fsm_simple_button_run.c:13:3: error: 'count' undeclared (first use in this function)
   13 |   count = (count == 9) ? 0 : count+1;
      |   ^~~~~
../Core/Src/fsm_simple_button_run.c:14:12: error: 'INC' undeclared (first use in this function)
   14 |   status = INC;
      |            ^~~
../Core/Src/fsm_simple_button_run.c:15:3: warning: implicit declaration of function 'setTimer1' [-Wimplicit-function-declaration]
   15 |   setTimer1(10000);
      |   ^~~~~~~~~
../Core/Src/fsm_simple_button_run.c:19:12: error: 'DEC' undeclared (first use in this function)
   19 |   status = DEC;
      |            ^~~
../Core/Src/fsm_simple_button_run.c: In function 'fsm_simple_buttons_run':
../Core/Src/fsm_simple_button_run.c:25:10: error: 'status' undeclared (first use in this function)
   25 |  switch (status) {
      |          ^~~~~~
../Core/Src/fsm_simple_button_run.c:26:7: error: 'INIT' undeclared (first use in this function)
   26 |  case INIT:
      |       ^~~~
../Core/Src/fsm_simple_button_run.c:27:12: error: 'RESET' undeclared (first use in this function)
   27 |   status = RESET;
      |            ^~~~~
../Core/Src/fsm_simple_button_run.c:30:3: error: 'count' undeclared (first use in this function)
   30 |   count = 0;
      |   ^~~~~
../Core/Src/fsm_simple_button_run.c:31:3: warning: implicit declaration of function 'display7SEG' [-Wimplicit-function-declaration]
   31 |   display7SEG(count);
      |   ^~~~~~~~~~~
../Core/Src/fsm_simple_button_run.c:33:7: error: 'timer1_flag' undeclared (first use in this function)
   33 |   if (timer1_flag == 1) {
      |       ^~~~~~~~~~~
[...]
Finished building target: midterm.elf
 
arm-none-eabi-size   midterm.elf 
arm-none-eabi-objdump -h -S  midterm.elf  > "midterm.list"
arm-none-eabi-objcopy  -O ihex  midterm.elf  "midterm.hex"
   text	   data	    bss	    dec	    hex	filename
   9776	     84	   1724	  11584	   2d40	midterm.elf
Finished building: default.size.stdout
 
Finished building: midterm.hex
Finished building: midterm.list
 
 
16:26:40 **** Incremental Build of configuration Debug for project midterm ****
make -j4 all 
arm-none-eabi-size   midterm.elf 
   text	   data	    bss	    dec	    hex	filename
   9776	     84	   1724	  11584	   2d40	midterm.elf
Finished building: default.size.stdout
 
16:37:19 **** Incremental Build of configuration Debug for project midterm ****
make -j4 all 
arm-none-eabi-gcc "../Core/Src/fsm_simple_button_run.c" -mcpu=cortex-m3 -std=gnu11 -g3 -DDEBUG -DUSE_HAL_DRIVER -DSTM32F103x6 -c -I../Core/Inc -I../Drivers/STM32F1xx_HAL_Driver/Inc/Legacy -I../Drivers/STM32F1xx_HAL_Driver/Inc -I../Drivers/CMSIS/Device/ST/STM32F1xx/Include -I../Drivers/CMSIS/Include -O0 -ffunction-sections -fdata-sections -Wall -fstack-usage -MMD -MP -MF"Core/Src/fsm_simple_button_run.d" -MT"Core/Src/fsm_simple_button_run.o" --specs=nano.specs -mfloat-abi=soft -mthumb -o "Core/Src/fsm_simple_button_run.o"
arm-none-eabi-gcc -o "midterm.elf" @"objects.list"   -mcpu=cortex-m3 -T"F:\UNIVERSITY\HK221\VIXULY\MIDTERM\midterm\STM32F103C6UX_FLASH.ld" --specs=nosys.specs -Wl,-Map="midterm.map" -Wl,--gc-sections -static --specs=nano.specs -mfloat-abi=soft -mthumb -Wl,--start-group -lc -lm -Wl,--end-group
Finished building target: midterm.elf
 
arm-none-eabi-size   midterm.elf 
arm-none-eabi-objdump -h -S  midterm.elf  > "midterm.list"
arm-none-eabi-objcopy  -O ihex  midterm.elf  "midterm.hex"
   text	   data	    bss	    dec	    hex	filename
   9764	     84	   1724	  11572	   2d34	midterm.elf
Finished building: default.size.stdout
 
Finished building: midterm.hex
 
Finished building: midterm.list
 
16:41:24 **** Incremental Build of configuration Debug for project midterm ****
make -j4 all 
arm-none-eabi-gcc "../Core/Src/fsm_simple_button_run.c" -mcpu=cortex-m3 -std=gnu11 -g3 -DDEBUG -DUSE_HAL_DRIVER -DSTM32F103x6 -c -I../Core/Inc -I../Drivers/STM32F1xx_HAL_Driver/Inc/Legacy -I../Drivers/STM32F1xx_HAL_Driver/Inc -I../Drivers/CMSIS/Device/ST/STM32F1xx/Include -I../Drivers/CMSIS/Include -O0 -ffunction-sections -fdata-sections -Wall -fstack-usage -MMD -MP -MF"Core/Src/fsm_simple_button_run.d" -MT"Core/Src/fsm_simple_button_run.o" --specs=nano.specs -mfloat-abi=soft -mthumb -o "Core/Src/fsm_simple_button_run.o"
arm-none-eabi-gcc -o "midterm.elf" @"objects.list"   -mcpu=cortex-m3 -T"F:\UNIVERSITY\HK221\VIXULY\MIDTERM\midterm\STM32F103C6UX_FLASH.ld" --specs=nosys.specs -Wl,-Map="midterm.map" -Wl,--gc-sections -static --specs=nano.specs -mfloat-abi=soft -mthumb -Wl,--start-group -lc -lm -Wl,--end-group
Finished building target: midterm.elf
 
arm-none-eabi-size   midterm.elf 
arm-none-eabi-objdump -h -S  midterm.elf  > "midterm.list"
arm-none-eabi-objcopy  -O ihex  midterm.elf  "midterm.hex"
   text	   data	    bss	    dec	    hex	filename
   9764	     84	   1724	  11572	   2d34	midterm.elf
Finished building: default.size.stdout
 
Finished building: midterm.hex
 
Finished building: midterm.list
 
16:43:41 **** Incremental Build of configuration Debug for project midterm ****
make -j4 all 
arm-none-eabi-gcc "../Core/Src/fsm_simple_button_run.c" -mcpu=cortex-m3 -std=gnu11 -g3 -DDEBUG -DUSE_HAL_DRIVER -DSTM32F103x6 -c -I../Core/Inc -I../Drivers/STM32F1xx_HAL_Driver/Inc/Legacy -I../Drivers/STM32F1xx_HAL_Driver/Inc -I../Drivers/CMSIS/Device/ST/STM32F1xx/Include -I../Drivers/CMSIS/Include -O0 -ffunction-sections -fdata-sections -Wall -fstack-usage -MMD -MP -MF"Core/Src/fsm_simple_button_run.d" -MT"Core/Src/fsm_simple_button_run.o" --specs=nano.specs -mfloat-abi=soft -mthumb -o "Core/Src/fsm_simple_button_run.o"
arm-none-eabi-gcc -o "midterm.elf" @"objects.list"   -mcpu=cortex-m3 -T"F:\UNIVERSITY\HK221\VIXULY\MIDTERM\midterm\STM32F103C6UX_FLASH.ld" --specs=nosys.specs -Wl,-Map="midterm.map" -Wl,--gc-sections -static --specs=nano.specs -mfloat-abi=soft -mthumb -Wl,--start-group -lc -lm -Wl,--end-group
Finished building target: midterm.elf
 
arm-none-eabi-size   midterm.elf 
arm-none-eabi-objdump -h -S  midterm.elf  > "midterm.list"
arm-none-eabi-objcopy  -O ihex  midterm.elf  "midterm.hex"
   text	   data	    bss	    dec	    hex	filename
   9764	     84	   1724	  11572	   2d34	midterm.elf
Finished building: default.size.stdout
 
Finished building: midterm.hex
Finished building: midterm.list
 
 
16:44:08 **** Incremental Build of configuration Debug for project midterm ****
make -j4 all 
arm-none-eabi-gcc "../Core/Src/fsm_simple_button_run.c" -mcpu=cortex-m3 -std=gnu11 -g3 -DDEBUG -DUSE_HAL_DRIVER -DSTM32F103x6 -c -I../Core/Inc -I../Drivers/STM32F1xx_HAL_Driver/Inc/Legacy -I../Drivers/STM32F1xx_HAL_Driver/Inc -I../Drivers/CMSIS/Device/ST/STM32F1xx/Include -I../Drivers/CMSIS/Include -O0 -ffunction-sections -fdata-sections -Wall -fstack-usage -MMD -MP -MF"Core/Src/fsm_simple_button_run.d" -MT"Core/Src/fsm_simple_button_run.o" --specs=nano.specs -mfloat-abi=soft -mthumb -o "Core/Src/fsm_simple_button_run.o"
arm-none-eabi-gcc -o "midterm.elf" @"objects.list"   -mcpu=cortex-m3 -T"F:\UNIVERSITY\HK221\VIXULY\MIDTERM\midterm\STM32F103C6UX_FLASH.ld" --specs=nosys.specs -Wl,-Map="midterm.map" -Wl,--gc-sections -static --specs=nano.specs -mfloat-abi=soft -mthumb -Wl,--start-group -lc -lm -Wl,--end-group
Finished building target: midterm.elf
 
arm-none-eabi-size   midterm.elf 
arm-none-eabi-objdump -h -S  midterm.elf  > "midterm.list"
arm-none-eabi-objcopy  -O ihex  midterm.elf  "midterm.hex"
   text	   data	    bss	    dec	    hex	filename
   9764	     84	   1724	  11572	   2d34	midterm.elf
Finished building: default.size.stdout
 
Finished building: midterm.hex
 
Finished building: midterm.list
 
16:45:42 **** Incremental Build of configuration Debug for project midterm ****
make -j4 all 
arm-none-eabi-gcc "../Core/Src/fsm_simple_button_run.c" -mcpu=cortex-m3 -std=gnu11 -g3 -DDEBUG -DUSE_HAL_DRIVER -DSTM32F103x6 -c -I../Core/Inc -I../Drivers/STM32F1xx_HAL_Driver/Inc/Legacy -I../Drivers/STM32F1xx_HAL_Driver/Inc -I../Drivers/CMSIS/Device/ST/STM32F1xx/Include -I../Drivers/CMSIS/Include -O0 -ffunction-sections -fdata-sections -Wall -fstack-usage -MMD -MP -MF"Core/Src/fsm_simple_button_run.d" -MT"Core/Src/fsm_simple_button_run.o" --specs=nano.specs -mfloat-abi=soft -mthumb -o "Core/Src/fsm_simple_button_run.o"
arm-none-eabi-gcc -o "midterm.elf" @"objects.list"   -mcpu=cortex-m3 -T"F:\UNIVERSITY\HK221\VIXULY\MIDTERM\midterm\STM32F103C6UX_FLASH.ld" --specs=nosys.specs -Wl,-Map="midterm.map" -Wl,--gc-sections -static --specs=nano.specs -mfloat-abi=soft -mthumb -Wl,--start-group -lc -lm -Wl,--end-group
Finished building target: midterm.elf
 
arm-none-eabi-size   midterm.elf 
arm-none-eabi-objdump -h -S  midterm.elf  > "midterm.list"
arm-none-eabi-objcopy  -O ihex  midterm.elf  "midterm.hex"
   text	   data	    bss	    dec	    hex	filename
   9740	     84	   1724	  11548	   2d1c	midterm.elf
Finished building: default.size.stdout
 
Finished building: midterm.hex
 
Finished building: midterm.list
 
16:46:32 **** Incremental Build of configuration Debug for project midterm ****
make -j4 all 
arm-none-eabi-gcc "../Core/Src/fsm_simple_button_run.c" -mcpu=cortex-m3 -std=gnu11 -g3 -DDEBUG -DUSE_HAL_DRIVER -DSTM32F103x6 -c -I../Core/Inc -I../Drivers/STM32F1xx_HAL_Driver/Inc/Legacy -I../Drivers/STM32F1xx_HAL_Driver/Inc -I../Drivers/CMSIS/Device/ST/STM32F1xx/Include -I../Drivers/CMSIS/Include -O0 -ffunction-sections -fdata-sections -Wall -fstack-usage -MMD -MP -MF"Core/Src/fsm_simple_button_run.d" -MT"Core/Src/fsm_simple_button_run.o" --specs=nano.specs -mfloat-abi=soft -mthumb -o "Core/Src/fsm_simple_button_run.o"
arm-none-eabi-gcc -o "midterm.elf" @"objects.list"   -mcpu=cortex-m3 -T"F:\UNIVERSITY\HK221\VIXULY\MIDTERM\midterm\STM32F103C6UX_FLASH.ld" --specs=nosys.specs -Wl,-Map="midterm.map" -Wl,--gc-sections -static --specs=nano.specs -mfloat-abi=soft -mthumb -Wl,--start-group -lc -lm -Wl,--end-group
Finished building target: midterm.elf
 
arm-none-eabi-size   midterm.elf 
arm-none-eabi-objdump -h -S  midterm.elf  > "midterm.list"
arm-none-eabi-objcopy  -O ihex  midterm.elf  "midterm.hex"
   text	   data	    bss	    dec	    hex	filename
   9760	     84	   1724	  11568	   2d30	midterm.elf
Finished building: default.size.stdout
 
Finished building: midterm.hex
 
Finished building: midterm.list
 
19:32:08 **** Incremental Build of configuration Debug for project midterm ****
make -j4 all 
arm-none-eabi-gcc "../Core/Src/fsm_simple_button_run.c" -mcpu=cortex-m3 -std=gnu11 -g3 -DDEBUG -DUSE_HAL_DRIVER -DSTM32F103x6 -c -I../Core/Inc -I../Drivers/STM32F1xx_HAL_Driver/Inc/Legacy -I../Drivers/STM32F1xx_HAL_Driver/Inc -I../Drivers/CMSIS/Device/ST/STM32F1xx/Include -I../Drivers/CMSIS/Include -O0 -ffunction-sections -fdata-sections -Wall -fstack-usage -MMD -MP -MF"Core/Src/fsm_simple_button_run.d" -MT"Core/Src/fsm_simple_button_run.o" --specs=nano.specs -mfloat-abi=soft -mthumb -o "Core/Src/fsm_simple_button_run.o"
arm-none-eabi-gcc -o "midterm.elf" @"objects.list"   -mcpu=cortex-m3 -T"F:\UNIVERSITY\HK221\VIXULY\MIDTERM\midterm\STM32F103C6UX_FLASH.ld" --specs=nosys.specs -Wl,-Map="midterm.map" -Wl,--gc-sections -static --specs=nano.specs -mfloat-abi=soft -mthumb -Wl,--start-group -lc -lm -Wl,--end-group
Finished building target: midterm.elf
 
arm-none-eabi-size   midterm.elf 
arm-none-eabi-objdump -h -S  midterm.elf  > "midterm.list"
arm-none-eabi-objcopy  -O ihex  midterm.elf  "midterm.hex"
   text	   data	    bss	    dec	    hex	filename
   9804	     84	   1724	  11612	   2d5c	midterm.elf
Finished building: default.size.stdout
 
Finished building: midterm.hex
 
Finished building: midterm.list
 
19:32:14 **** Incremental Build of configuration Debug for project midterm ****
make -j4 all 
arm-none-eabi-size   midterm.elf 
   text	   data	    bss	    dec	    hex	filename
   9804	     84	   1724	  11612	   2d5c	midterm.elf
Finished building: default.size.stdout
 
19:33:10 **** Incremental Build of configuration Debug for project midterm ****
make -j4 all 
arm-none-eabi-gcc "../Core/Src/fsm_simple_button_run.c" -mcpu=cortex-m3 -std=gnu11 -g3 -DDEBUG -DUSE_HAL_DRIVER -DSTM32F103x6 -c -I../Core/Inc -I../Drivers/STM32F1xx_HAL_Driver/Inc/Legacy -I../Drivers/STM32F1xx_HAL_Driver/Inc -I../Drivers/CMSIS/Device/ST/STM32F1xx/Include -I../Drivers/CMSIS/Include -O0 -ffunction-sections -fdata-sections -Wall -fstack-usage -MMD -MP -MF"Core/Src/fsm_simple_button_run.d" -MT"Core/Src/fsm_simple_button_run.o" --specs=nano.specs -mfloat-abi=soft -mthumb -o "Core/Src/fsm_simple_button_run.o"
arm-none-eabi-gcc -o "midterm.elf" @"objects.list"   -mcpu=cortex-m3 -T"F:\UNIVERSITY\HK221\VIXULY\MIDTERM\midterm\STM32F103C6UX_FLASH.ld" --specs=nosys.specs -Wl,-Map="midterm.map" -Wl,--gc-sections -static --specs=nano.specs -mfloat-abi=soft -mthumb -Wl,--start-group -lc -lm -Wl,--end-group
Finished building target: midterm.elf
 
arm-none-eabi-size   midterm.elf 
arm-none-eabi-objdump -h -S  midterm.elf  > "midterm.list"
arm-none-eabi-objcopy  -O ihex  midterm.elf  "midterm.hex"
   text	   data	    bss	    dec	    hex	filename
   9812	     84	   1724	  11620	   2d64	midterm.elf
Finished building: default.size.stdout
 
Finished building: midterm.hex
 
Finished building: midterm.list
 
19:34:13 **** Incremental Build of configuration Debug for project midterm ****
make -j4 all 
arm-none-eabi-gcc "../Core/Src/fsm_simple_button_run.c" -mcpu=cortex-m3 -std=gnu11 -g3 -DDEBUG -DUSE_HAL_DRIVER -DSTM32F103x6 -c -I../Core/Inc -I../Drivers/STM32F1xx_HAL_Driver/Inc/Legacy -I../Drivers/STM32F1xx_HAL_Driver/Inc -I../Drivers/CMSIS/Device/ST/STM32F1xx/Include -I../Drivers/CMSIS/Include -O0 -ffunction-sections -fdata-sections -Wall -fstack-usage -MMD -MP -MF"Core/Src/fsm_simple_button_run.d" -MT"Core/Src/fsm_simple_button_run.o" --specs=nano.specs -mfloat-abi=soft -mthumb -o "Core/Src/fsm_simple_button_run.o"
arm-none-eabi-gcc -o "midterm.elf" @"objects.list"   -mcpu=cortex-m3 -T"F:\UNIVERSITY\HK221\VIXULY\MIDTERM\midterm\STM32F103C6UX_FLASH.ld" --specs=nosys.specs -Wl,-Map="midterm.map" -Wl,--gc-sections -static --specs=nano.specs -mfloat-abi=soft -mthumb -Wl,--start-group -lc -lm -Wl,--end-group
Finished building target: midterm.elf
 
arm-none-eabi-size   midterm.elf 
arm-none-eabi-objdump -h -S  midterm.elf  > "midterm.list"
arm-none-eabi-objcopy  -O ihex  midterm.elf  "midterm.hex"
   text	   data	    bss	    dec	    hex	filename
   9812	     84	   1724	  11620	   2d64	midterm.elf
Finished building: default.size.stdout
 
Finished building: midterm.hex
Finished building: midterm.list
 
 
19:34:18 **** Incremental Build of configuration Debug for project midterm ****
make -j4 all 
arm-none-eabi-size   midterm.elf 
   text	   data	    bss	    dec	    hex	filename
   9812	     84	   1724	  11620	   2d64	midterm.elf
Finished building: default.size.stdout
 
19:36:55 **** Incremental Build of configuration Debug for project midterm ****
make -j4 all 
arm-none-eabi-gcc "../Core/Src/fsm_simple_button_run.c" -mcpu=cortex-m3 -std=gnu11 -g3 -DDEBUG -DUSE_HAL_DRIVER -DSTM32F103x6 -c -I../Core/Inc -I../Drivers/STM32F1xx_HAL_Driver/Inc/Legacy -I../Drivers/STM32F1xx_HAL_Driver/Inc -I../Drivers/CMSIS/Device/ST/STM32F1xx/Include -I../Drivers/CMSIS/Include -O0 -ffunction-sections -fdata-sections -Wall -fstack-usage -MMD -MP -MF"Core/Src/fsm_simple_button_run.d" -MT"Core/Src/fsm_simple_button_run.o" --specs=nano.specs -mfloat-abi=soft -mthumb -o "Core/Src/fsm_simple_button_run.o"
arm-none-eabi-gcc -o "midterm.elf" @"objects.list"   -mcpu=cortex-m3 -T"F:\UNIVERSITY\HK221\VIXULY\MIDTERM\midterm\STM32F103C6UX_FLASH.ld" --specs=nosys.specs -Wl,-Map="midterm.map" -Wl,--gc-sections -static --specs=nano.specs -mfloat-abi=soft -mthumb -Wl,--start-group -lc -lm -Wl,--end-group
Finished building target: midterm.elf
 
arm-none-eabi-size   midterm.elf 
arm-none-eabi-objdump -h -S  midterm.elf  > "midterm.list"
arm-none-eabi-objcopy  -O ihex  midterm.elf  "midterm.hex"
   text	   data	    bss	    dec	    hex	filename
   9812	     84	   1724	  11620	   2d64	midterm.elf
Finished building: default.size.stdout
 
Finished building: midterm.hex
Finished building: midterm.list
 
 
19:37:02 **** Incremental Build of configuration Debug for project midterm ****
make -j4 all 
arm-none-eabi-size   midterm.elf 
   text	   data	    bss	    dec	    hex	filename
   9812	     84	   1724	  11620	   2d64	midterm.elf
Finished building: default.size.stdout
 
19:42:14 **** Incremental Build of configuration Debug for project midterm ****
make -j4 all 
arm-none-eabi-gcc "../Core/Src/button.c" -mcpu=cortex-m3 -std=gnu11 -g3 -DDEBUG -DUSE_HAL_DRIVER -DSTM32F103x6 -c -I../Core/Inc -I../Drivers/STM32F1xx_HAL_Driver/Inc/Legacy -I../Drivers/STM32F1xx_HAL_Driver/Inc -I../Drivers/CMSIS/Device/ST/STM32F1xx/Include -I../Drivers/CMSIS/Include -O0 -ffunction-sections -fdata-sections -Wall -fstack-usage -MMD -MP -MF"Core/Src/button.d" -MT"Core/Src/button.o" --specs=nano.specs -mfloat-abi=soft -mthumb -o "Core/Src/button.o"
arm-none-eabi-gcc "../Core/Src/fsm_simple_button_run.c" -mcpu=cortex-m3 -std=gnu11 -g3 -DDEBUG -DUSE_HAL_DRIVER -DSTM32F103x6 -c -I../Core/Inc -I../Drivers/STM32F1xx_HAL_Driver/Inc/Legacy -I../Drivers/STM32F1xx_HAL_Driver/Inc -I../Drivers/CMSIS/Device/ST/STM32F1xx/Include -I../Drivers/CMSIS/Include -O0 -ffunction-sections -fdata-sections -Wall -fstack-usage -MMD -MP -MF"Core/Src/fsm_simple_button_run.d" -MT"Core/Src/fsm_simple_button_run.o" --specs=nano.specs -mfloat-abi=soft -mthumb -o "Core/Src/fsm_simple_button_run.o"
arm-none-eabi-gcc "../Core/Src/global.c" -mcpu=cortex-m3 -std=gnu11 -g3 -DDEBUG -DUSE_HAL_DRIVER -DSTM32F103x6 -c -I../Core/Inc -I../Drivers/STM32F1xx_HAL_Driver/Inc/Legacy -I../Drivers/STM32F1xx_HAL_Driver/Inc -I../Drivers/CMSIS/Device/ST/STM32F1xx/Include -I../Drivers/CMSIS/Include -O0 -ffunction-sections -fdata-sections -Wall -fstack-usage -MMD -MP -MF"Core/Src/global.d" -MT"Core/Src/global.o" --specs=nano.specs -mfloat-abi=soft -mthumb -o "Core/Src/global.o"
arm-none-eabi-gcc "../Core/Src/led_display.c" -mcpu=cortex-m3 -std=gnu11 -g3 -DDEBUG -DUSE_HAL_DRIVER -DSTM32F103x6 -c -I../Core/Inc -I../Drivers/STM32F1xx_HAL_Driver/Inc/Legacy -I../Drivers/STM32F1xx_HAL_Driver/Inc -I../Drivers/CMSIS/Device/ST/STM32F1xx/Include -I../Drivers/CMSIS/Include -O0 -ffunction-sections -fdata-sections -Wall -fstack-usage -MMD -MP -MF"Core/Src/led_display.d" -MT"Core/Src/led_display.o" --specs=nano.specs -mfloat-abi=soft -mthumb -o "Core/Src/led_display.o"
../Core/Src/button.c: In function 'subKeyProcess':
../Core/Src/button.c:46:6: error: 'TimeOutForDoubleClick' undeclared (first use in this function)
   46 |  if (TimeOutForDoubleClick[index] > 0) {
      |      ^~~~~~~~~~~~~~~~~~~~~
../Core/Src/button.c:46:6: note: each undeclared identifier is reported only once for each function it appears in
../Core/Src/button.c:47:6: error: 'button_flag_doublepressed' undeclared (first use in this function); did you mean 'button_flag_longpressed'?
   47 |      button_flag_doublepressed[index] = 1;
      |      ^~~~~~~~~~~~~~~~~~~~~~~~~
      |      button_flag_longpressed
make: *** [Core/Src/subdir.mk:49: Core/Src/button.o] Error 1
make: *** Waiting for unfinished jobs....
"make -j4 all" terminated with exit code 2. Build might be incomplete.
19:42:35 **** Incremental Build of configuration Debug for project midterm ****
make -j4 all 
arm-none-eabi-gcc "../Core/Src/button.c" -mcpu=cortex-m3 -std=gnu11 -g3 -DDEBUG -DUSE_HAL_DRIVER -DSTM32F103x6 -c -I../Core/Inc -I../Drivers/STM32F1xx_HAL_Driver/Inc/Legacy -I../Drivers/STM32F1xx_HAL_Driver/Inc -I../Drivers/CMSIS/Device/ST/STM32F1xx/Include -I../Drivers/CMSIS/Include -O0 -ffunction-sections -fdata-sections -Wall -fstack-usage -MMD -MP -MF"Core/Src/button.d" -MT"Core/Src/button.o" --specs=nano.specs -mfloat-abi=soft -mthumb -o "Core/Src/button.o"
arm-none-eabi-gcc "../Core/Src/main.c" -mcpu=cortex-m3 -std=gnu11 -g3 -DDEBUG -DUSE_HAL_DRIVER -DSTM32F103x6 -c -I../Core/Inc -I../Drivers/STM32F1xx_HAL_Driver/Inc/Legacy -I../Drivers/STM32F1xx_HAL_Driver/Inc -I../Drivers/CMSIS/Device/ST/STM32F1xx/Include -I../Drivers/CMSIS/Include -O0 -ffunction-sections -fdata-sections -Wall -fstack-usage -MMD -MP -MF"Core/Src/main.d" -MT"Core/Src/main.o" --specs=nano.specs -mfloat-abi=soft -mthumb -o "Core/Src/main.o"
arm-none-eabi-gcc "../Core/Src/timer.c" -mcpu=cortex-m3 -std=gnu11 -g3 -DDEBUG -DUSE_HAL_DRIVER -DSTM32F103x6 -c -I../Core/Inc -I../Drivers/STM32F1xx_HAL_Driver/Inc/Legacy -I../Drivers/STM32F1xx_HAL_Driver/Inc -I../Drivers/CMSIS/Device/ST/STM32F1xx/Include -I../Drivers/CMSIS/Include -O0 -ffunction-sections -fdata-sections -Wall -fstack-usage -MMD -MP -MF"Core/Src/timer.d" -MT"Core/Src/timer.o" --specs=nano.specs -mfloat-abi=soft -mthumb -o "Core/Src/timer.o"
arm-none-eabi-gcc -o "midterm.elf" @"objects.list"   -mcpu=cortex-m3 -T"F:\UNIVERSITY\HK221\VIXULY\MIDTERM\midterm\STM32F103C6UX_FLASH.ld" --specs=nosys.specs -Wl,-Map="midterm.map" -Wl,--gc-sections -static --specs=nano.specs -mfloat-abi=soft -mthumb -Wl,--start-group -lc -lm -Wl,--end-group
Finished building target: midterm.elf
 
arm-none-eabi-size   midterm.elf 
arm-none-eabi-objdump -h -S  midterm.elf  > "midterm.list"
arm-none-eabi-objcopy  -O ihex  midterm.elf  "midterm.hex"
   text	   data	    bss	    dec	    hex	filename
   9700	     84	   1692	  11476	   2cd4	midterm.elf
Finished building: default.size.stdout
 
Finished building: midterm.hex
 
Finished building: midterm.list
 
19:42:41 **** Incremental Build of configuration Debug for project midterm ****
make -j4 all 
arm-none-eabi-size   midterm.elf 
   text	   data	    bss	    dec	    hex	filename
   9700	     84	   1692	  11476	   2cd4	midterm.elf
Finished building: default.size.stdout
 
