Archive member included to satisfy reference by file (symbol)

c:/st/stm32cubeide_1.7.0/stm32cubeide/plugins/com.st.stm32cube.ide.mcu.externaltools.gnu-tools-for-stm32.10.3-2021.10.win32_1.0.0.202111181127/tools/bin/../lib/gcc/arm-none-eabi/10.3.1/../../../../arm-none-eabi/lib/thumb/v7-m/nofp\libc_nano.a(lib_a-errno.o)
                              ./Core/Src/syscalls.o (__errno)
c:/st/stm32cubeide_1.7.0/stm32cubeide/plugins/com.st.stm32cube.ide.mcu.externaltools.gnu-tools-for-stm32.10.3-2021.10.win32_1.0.0.202111181127/tools/bin/../lib/gcc/arm-none-eabi/10.3.1/../../../../arm-none-eabi/lib/thumb/v7-m/nofp\libc_nano.a(lib_a-exit.o)
                              c:/st/stm32cubeide_1.7.0/stm32cubeide/plugins/com.st.stm32cube.ide.mcu.externaltools.gnu-tools-for-stm32.10.3-2021.10.win32_1.0.0.202111181127/tools/bin/../lib/gcc/arm-none-eabi/10.3.1/../../../../arm-none-eabi/lib/thumb/v7-m/nofp/crt0.o (exit)
c:/st/stm32cubeide_1.7.0/stm32cubeide/plugins/com.st.stm32cube.ide.mcu.externaltools.gnu-tools-for-stm32.10.3-2021.10.win32_1.0.0.202111181127/tools/bin/../lib/gcc/arm-none-eabi/10.3.1/../../../../arm-none-eabi/lib/thumb/v7-m/nofp\libc_nano.a(lib_a-impure.o)
                              c:/st/stm32cubeide_1.7.0/stm32cubeide/plugins/com.st.stm32cube.ide.mcu.externaltools.gnu-tools-for-stm32.10.3-2021.10.win32_1.0.0.202111181127/tools/bin/../lib/gcc/arm-none-eabi/10.3.1/../../../../arm-none-eabi/lib/thumb/v7-m/nofp\libc_nano.a(lib_a-exit.o) (_global_impure_ptr)
c:/st/stm32cubeide_1.7.0/stm32cubeide/plugins/com.st.stm32cube.ide.mcu.externaltools.gnu-tools-for-stm32.10.3-2021.10.win32_1.0.0.202111181127/tools/bin/../lib/gcc/arm-none-eabi/10.3.1/../../../../arm-none-eabi/lib/thumb/v7-m/nofp\libc_nano.a(lib_a-init.o)
                              c:/st/stm32cubeide_1.7.0/stm32cubeide/plugins/com.st.stm32cube.ide.mcu.externaltools.gnu-tools-for-stm32.10.3-2021.10.win32_1.0.0.202111181127/tools/bin/../lib/gcc/arm-none-eabi/10.3.1/../../../../arm-none-eabi/lib/thumb/v7-m/nofp/crt0.o (__libc_init_array)
c:/st/stm32cubeide_1.7.0/stm32cubeide/plugins/com.st.stm32cube.ide.mcu.externaltools.gnu-tools-for-stm32.10.3-2021.10.win32_1.0.0.202111181127/tools/bin/../lib/gcc/arm-none-eabi/10.3.1/../../../../arm-none-eabi/lib/thumb/v7-m/nofp\libc_nano.a(lib_a-memset.o)
                              c:/st/stm32cubeide_1.7.0/stm32cubeide/plugins/com.st.stm32cube.ide.mcu.externaltools.gnu-tools-for-stm32.10.3-2021.10.win32_1.0.0.202111181127/tools/bin/../lib/gcc/arm-none-eabi/10.3.1/../../../../arm-none-eabi/lib/thumb/v7-m/nofp/crt0.o (memset)

Discarded input sections

 .text          0x0000000000000000        0x0 c:/st/stm32cubeide_1.7.0/stm32cubeide/plugins/com.st.stm32cube.ide.mcu.externaltools.gnu-tools-for-stm32.10.3-2021.10.win32_1.0.0.202111181127/tools/bin/../lib/gcc/arm-none-eabi/10.3.1/thumb/v7-m/nofp/crti.o
 .data          0x0000000000000000        0x0 c:/st/stm32cubeide_1.7.0/stm32cubeide/plugins/com.st.stm32cube.ide.mcu.externaltools.gnu-tools-for-stm32.10.3-2021.10.win32_1.0.0.202111181127/tools/bin/../lib/gcc/arm-none-eabi/10.3.1/thumb/v7-m/nofp/crti.o
 .bss           0x0000000000000000        0x0 c:/st/stm32cubeide_1.7.0/stm32cubeide/plugins/com.st.stm32cube.ide.mcu.externaltools.gnu-tools-for-stm32.10.3-2021.10.win32_1.0.0.202111181127/tools/bin/../lib/gcc/arm-none-eabi/10.3.1/thumb/v7-m/nofp/crti.o
 .data          0x0000000000000000        0x4 c:/st/stm32cubeide_1.7.0/stm32cubeide/plugins/com.st.stm32cube.ide.mcu.externaltools.gnu-tools-for-stm32.10.3-2021.10.win32_1.0.0.202111181127/tools/bin/../lib/gcc/arm-none-eabi/10.3.1/thumb/v7-m/nofp/crtbegin.o
 .rodata        0x0000000000000000       0x24 c:/st/stm32cubeide_1.7.0/stm32cubeide/plugins/com.st.stm32cube.ide.mcu.externaltools.gnu-tools-for-stm32.10.3-2021.10.win32_1.0.0.202111181127/tools/bin/../lib/gcc/arm-none-eabi/10.3.1/thumb/v7-m/nofp/crtbegin.o
 .text          0x0000000000000000       0x7c c:/st/stm32cubeide_1.7.0/stm32cubeide/plugins/com.st.stm32cube.ide.mcu.externaltools.gnu-tools-for-stm32.10.3-2021.10.win32_1.0.0.202111181127/tools/bin/../lib/gcc/arm-none-eabi/10.3.1/../../../../arm-none-eabi/lib/thumb/v7-m/nofp/crt0.o
 .data          0x0000000000000000        0x0 c:/st/stm32cubeide_1.7.0/stm32cubeide/plugins/com.st.stm32cube.ide.mcu.externaltools.gnu-tools-for-stm32.10.3-2021.10.win32_1.0.0.202111181127/tools/bin/../lib/gcc/arm-none-eabi/10.3.1/../../../../arm-none-eabi/lib/thumb/v7-m/nofp/crt0.o
 .bss           0x0000000000000000        0x0 c:/st/stm32cubeide_1.7.0/stm32cubeide/plugins/com.st.stm32cube.ide.mcu.externaltools.gnu-tools-for-stm32.10.3-2021.10.win32_1.0.0.202111181127/tools/bin/../lib/gcc/arm-none-eabi/10.3.1/../../../../arm-none-eabi/lib/thumb/v7-m/nofp/crt0.o
[...]
Memory Configuration

Name             Origin             Length             Attributes
RAM              0x0000000020000000 0x0000000000002800 xrw
FLASH            0x0000000008000000 0x0000000000008000 xr
*default*        0x0000000000000000 0xffffffffffffffff

Linker script and memory map

LOAD c:/st/stm32cubeide_1.7.0/stm32cubeide/plugins/com.st.stm32cube.ide.mcu.externaltools.gnu-tools-for-stm32.10.3-2021.10.win32_1.0.0.202111181127/tools/bin/../lib/gcc/arm-none-eabi/10.3.1/thumb/v7-m/nofp/crti.o
LOAD c:/st/stm32cubeide_1.7.0/stm32cubeide/plugins/com.st.stm32cube.ide.mcu.externaltools.gnu-tools-for-stm32.10.3-2021.10.win32_1.0.0.202111181127/tools/bin/../lib/gcc/arm-none-eabi/10.3.1/thumb/v7-m/nofp/crtbegin.o
LOAD c:/st/stm32cubeide_1.7.0/stm32cubeide/plugins/com.st.stm32cube.ide.mcu.externaltools.gnu-tools-for-stm32.10.3-2021.10.win32_1.0.0.202111181127/tools/bin/../lib/gcc/arm-none-eabi/10.3.1/../../../../arm-none-eabi/lib/thumb/v7-m/nofp/crt0.o
LOAD ./Core/Src/button.o
LOAD ./Core/Src/fsm_simple_button_run.o
LOAD ./Core/Src/global.o
LOAD ./Core/Src/led_display.o
LOAD ./Core/Src/main.o
LOAD ./Core/Src/stm32f1xx_hal_msp.o
LOAD ./Core/Src/stm32f1xx_it.o
LOAD ./Core/Src/syscalls.o
LOAD ./Core/Src/sysmem.o
LOAD ./Core/Src/system_stm32f1xx.o
LOAD ./Core/Src/timer.o
LOAD ./Core/Startup/startup_stm32f103c6ux.o
LOAD ./Drivers/STM32F1xx_HAL_Driver/Src/stm32f1xx_hal.o
LOAD ./Drivers/STM32F1xx_HAL_Driver/Src/stm32f1xx_hal_cortex.o
LOAD ./Drivers/STM32F1xx_HAL_Driver/Src/stm32f1xx_hal_dma.o
LOAD ./Drivers/STM32F1xx_HAL_Driver/Src/stm32f1xx_hal_exti.o
LOAD ./Drivers/STM32F1xx_HAL_Driver/Src/stm32f1xx_hal_flash.o
LOAD ./Drivers/STM32F1xx_HAL_Driver/Src/stm32f1xx_hal_flash_ex.o
LOAD ./Drivers/STM32F1xx_HAL_Driver/Src/stm32f1xx_hal_gpio.o
LOAD ./Drivers/STM32F1xx_HAL_Driver/Src/stm32f1xx_hal_gpio_ex.o
LOAD ./Drivers/STM32F1xx_HAL_Driver/Src/stm32f1xx_hal_pwr.o
LOAD ./Drivers/STM32F1xx_HAL_Driver/Src/stm32f1xx_hal_rcc.o
LOAD ./Drivers/STM32F1xx_HAL_Driver/Src/stm32f1xx_hal_rcc_ex.o
LOAD ./Drivers/STM32F1xx_HAL_Driver/Src/stm32f1xx_hal_tim.o
LOAD ./Drivers/STM32F1xx_HAL_Driver/Src/stm32f1xx_hal_tim_ex.o
START GROUP
LOAD c:/st/stm32cubeide_1.7.0/stm32cubeide/plugins/com.st.stm32cube.ide.mcu.externaltools.gnu-tools-for-stm32.10.3-2021.10.win32_1.0.0.202111181127/tools/bin/../lib/gcc/arm-none-eabi/10.3.1/../../../../arm-none-eabi/lib/thumb/v7-m/nofp\libc_nano.a
LOAD c:/st/stm32cubeide_1.7.0/stm32cubeide/plugins/com.st.stm32cube.ide.mcu.externaltools.gnu-tools-for-stm32.10.3-2021.10.win32_1.0.0.202111181127/tools/bin/../lib/gcc/arm-none-eabi/10.3.1/../../../../arm-none-eabi/lib/thumb/v7-m/nofp\libm.a
END GROUP
START GROUP
LOAD c:/st/stm32cubeide_1.7.0/stm32cubeide/plugins/com.st.stm32cube.ide.mcu.externaltools.gnu-tools-for-stm32.10.3-2021.10.win32_1.0.0.202111181127/tools/bin/../lib/gcc/arm-none-eabi/10.3.1/thumb/v7-m/nofp\libgcc.a
LOAD c:/st/stm32cubeide_1.7.0/stm32cubeide/plugins/com.st.stm32cube.ide.mcu.externaltools.gnu-tools-for-stm32.10.3-2021.10.win32_1.0.0.202111181127/tools/bin/../lib/gcc/arm-none-eabi/10.3.1/../../../../arm-none-eabi/lib/thumb/v7-m/nofp\libc_nano.a
END GROUP
START GROUP
LOAD c:/st/stm32cubeide_1.7.0/stm32cubeide/plugins/com.st.stm32cube.ide.mcu.externaltools.gnu-tools-for-stm32.10.3-2021.10.win32_1.0.0.202111181127/tools/bin/../lib/gcc/arm-none-eabi/10.3.1/thumb/v7-m/nofp\libgcc.a
LOAD c:/st/stm32cubeide_1.7.0/stm32cubeide/plugins/com.st.stm32cube.ide.mcu.externaltools.gnu-tools-for-stm32.10.3-2021.10.win32_1.0.0.202111181127/tools/bin/../lib/gcc/arm-none-eabi/10.3.1/../../../../arm-none-eabi/lib/thumb/v7-m/nofp\libc_nano.a
LOAD c:/st/stm32cubeide_1.7.0/stm32cubeide/plugins/com.st.stm32cube.ide.mcu.externaltools.gnu-tools-for-stm32.10.3-2021.10.win32_1.0.0.202111181127/tools/bin/../lib/gcc/arm-none-eabi/10.3.1/../../../../arm-none-eabi/lib/thumb/v7-m/nofp\libnosys.a
END GROUP
START GROUP
LOAD c:/st/stm32cubeide_1.7.0/stm32cubeide/plugins/com.st.stm32cube.ide.mcu.externaltools.gnu-tools-for-stm32.10.3-2021.10.win32_1.0.0.202111181127/tools/bin/../lib/gcc/arm-none-eabi/10.3.1/thumb/v7-m/nofp\libgcc.a
LOAD c:/st/stm32cubeide_1.7.0/stm32cubeide/plugins/com.st.stm32cube.ide.mcu.externaltools.gnu-tools-for-stm32.10.3-2021.10.win32_1.0.0.202111181127/tools/bin/../lib/gcc/arm-none-eabi/10.3.1/../../../../arm-none-eabi/lib/thumb/v7-m/nofp\libc_nano.a
LOAD c:/st/stm32cubeide_1.7.0/stm32cubeide/plugins/com.st.stm32cube.ide.mcu.externaltools.gnu-tools-for-stm32.10.3-2021.10.win32_1.0.0.202111181127/tools/bin/../lib/gcc/arm-none-eabi/10.3.1/../../../../arm-none-eabi/lib/thumb/v7-m/nofp\libnosys.a
END GROUP
LOAD c:/st/stm32cubeide_1.7.0/stm32cubeide/plugins/com.st.stm32cube.ide.mcu.externaltools.gnu-tools-for-stm32.10.3-2021.10.win32_1.0.0.202111181127/tools/bin/../lib/gcc/arm-none-eabi/10.3.1/thumb/v7-m/nofp/crtend.o
LOAD c:/st/stm32cubeide_1.7.0/stm32cubeide/plugins/com.st.stm32cube.ide.mcu.externaltools.gnu-tools-for-stm32.10.3-2021.10.win32_1.0.0.202111181127/tools/bin/../lib/gcc/arm-none-eabi/10.3.1/thumb/v7-m/nofp/crtn.o
                0x0000000020002800                _estack = (ORIGIN (RAM) + LENGTH (RAM))
                0x0000000000000200                _Min_Heap_Size = 0x200
                0x0000000000000400                _Min_Stack_Size = 0x400

.isr_vector     0x0000000008000000      0x10c
                0x0000000008000000                . = ALIGN (0x4)
 *(.isr_vector)
 .isr_vector    0x0000000008000000      0x10c ./Core/Startup/startup_stm32f103c6ux.o
                0x0000000008000000                g_pfnVectors
                0x000000000800010c                . = ALIGN (0x4)

.text           0x000000000800010c     0x24b8
                0x000000000800010c                . = ALIGN (0x4)
 *(.text)
 .text          0x000000000800010c       0x40 c:/st/stm32cubeide_1.7.0/stm32cubeide/plugins/com.st.stm32cube.ide.mcu.externaltools.gnu-tools-for-stm32.10.3-2021.10.win32_1.0.0.202111181127/tools/bin/../lib/gcc/arm-none-eabi/10.3.1/thumb/v7-m/nofp/crtbegin.o
 *(.text*)
 .text.isButtonPressed
                0x000000000800014c       0x34 ./Core/Src/button.o
                0x000000000800014c                isButtonPressed
 .text.isButtonLongPressed
                0x0000000008000180       0x28 ./Core/Src/button.o
                0x0000000008000180                isButtonLongPressed
 .text.subKeyProcess
                0x00000000080001a8       0x20 ./Core/Src/button.o
                0x00000000080001a8                subKeyProcess
 .text.getKeyInput
                0x00000000080001c8      0x174 ./Core/Src/button.o
                0x00000000080001c8                getKeyInput
 .text.fsm_simple_buttons_run
                0x000000000800033c      0x48c ./Core/Src/fsm_simple_button_run.o
                0x000000000800033c                fsm_simple_buttons_run
 .text.display7SEG
                0x00000000080007c8      0x31c ./Core/Src/led_display.o
                0x00000000080007c8                display7SEG
 .text.led_blinky
                0x0000000008000ae4       0x28 ./Core/Src/led_display.o
                0x0000000008000ae4                led_blinky
 .text.main     0x0000000008000b0c       0x3c ./Core/Src/main.o
                0x0000000008000b0c                main
 .text.SystemClock_Config
                0x0000000008000b48       0x76 ./Core/Src/main.o
                0x0000000008000b48                SystemClock_Config
 *fill*         0x0000000008000bbe        0x2 
 .text.MX_TIM2_Init
                0x0000000008000bc0       0x98 ./Core/Src/main.o
 .text.MX_GPIO_Init
                0x0000000008000c58       0xc0 ./Core/Src/main.o
 .text.Error_Handler
                0x0000000008000d18        0xa ./Core/Src/main.o
                0x0000000008000d18                Error_Handler
 *fill*         0x0000000008000d22        0x2 
 .text.HAL_MspInit
                0x0000000008000d24       0x44 ./Core/Src/stm32f1xx_hal_msp.o
                0x0000000008000d24                HAL_MspInit
 .text.HAL_TIM_Base_MspInit
                0x0000000008000d68       0x48 ./Core/Src/stm32f1xx_hal_msp.o
                0x0000000008000d68                HAL_TIM_Base_MspInit
 .text.NMI_Handler
                0x0000000008000db0        0x6 ./Core/Src/stm32f1xx_it.o
                0x0000000008000db0                NMI_Handler
 .text.HardFault_Handler
                0x0000000008000db6        0x6 ./Core/Src/stm32f1xx_it.o
                0x0000000008000db6                HardFault_Handler
 .text.MemManage_Handler
                0x0000000008000dbc        0x6 ./Core/Src/stm32f1xx_it.o
                0x0000000008000dbc                MemManage_Handler
 .text.BusFault_Handler
                0x0000000008000dc2        0x6 ./Core/Src/stm32f1xx_it.o
                0x0000000008000dc2                BusFault_Handler
 .text.UsageFault_Handler
                0x0000000008000dc8        0x6 ./Core/Src/stm32f1xx_it.o
                0x0000000008000dc8                UsageFault_Handler
 .text.SVC_Handler
                0x0000000008000dce        0xc ./Core/Src/stm32f1xx_it.o
                0x0000000008000dce                SVC_Handler
 .text.DebugMon_Handler
                0x0000000008000dda        0xc ./Core/Src/stm32f1xx_it.o
                0x0000000008000dda                DebugMon_Handler
 .text.PendSV_Handler
                0x0000000008000de6        0xc ./Core/Src/stm32f1xx_it.o
                0x0000000008000de6                PendSV_Handler
 .text.SysTick_Handler
                0x0000000008000df2        0xc ./Core/Src/stm32f1xx_it.o
                0x0000000008000df2                SysTick_Handler
 *fill*         0x0000000008000dfe        0x2 
 .text.TIM2_IRQHandler
                0x0000000008000e00       0x14 ./Core/Src/stm32f1xx_it.o
                0x0000000008000e00                TIM2_IRQHandler
 .text.SystemInit
                0x0000000008000e14        0xc ./Core/Src/system_stm32f1xx.o
                0x0000000008000e14                SystemInit
 .text.setTimer1
                0x0000000008000e20       0x34 ./Core/Src/timer.o
                0x0000000008000e20                setTimer1
 .text.setTimer2
                0x0000000008000e54       0x34 ./Core/Src/timer.o
                0x0000000008000e54                setTimer2
 .text.timerRun
                0x0000000008000e88       0x5c ./Core/Src/timer.o
                0x0000000008000e88                timerRun
 .text.HAL_TIM_PeriodElapsedCallback
                0x0000000008000ee4       0x22 ./Core/Src/timer.o
                0x0000000008000ee4                HAL_TIM_PeriodElapsedCallback
 *fill*         0x0000000008000f06        0x2 
 .text.Reset_Handler
                0x0000000008000f08       0x48 ./Core/Startup/startup_stm32f103c6ux.o
                0x0000000008000f08                Reset_Handler
 .text.Default_Handler
                0x0000000008000f50        0x2 ./Core/Startup/startup_stm32f103c6ux.o
                0x0000000008000f50                RTC_Alarm_IRQHandler
                0x0000000008000f50                EXTI2_IRQHandler
                0x0000000008000f50                TIM1_CC_IRQHandler
                0x0000000008000f50                PVD_IRQHandler
                0x0000000008000f50                EXTI3_IRQHandler
                0x0000000008000f50                EXTI0_IRQHandler
                0x0000000008000f50                ADC1_2_IRQHandler
                0x0000000008000f50                SPI1_IRQHandler
                0x0000000008000f50                TAMPER_IRQHandler
                0x0000000008000f50                DMA1_Channel4_IRQHandler
                0x0000000008000f50                RTC_IRQHandler
                0x0000000008000f50                DMA1_Channel7_IRQHandler
                0x0000000008000f50                CAN1_RX1_IRQHandler
                0x0000000008000f50                I2C1_EV_IRQHandler
                0x0000000008000f50                DMA1_Channel6_IRQHandler
                0x0000000008000f50                TIM3_IRQHandler
                0x0000000008000f50                RCC_IRQHandler
                0x0000000008000f50                TIM1_TRG_COM_IRQHandler
                0x0000000008000f50                DMA1_Channel1_IRQHandler
                0x0000000008000f50                Default_Handler
                0x0000000008000f50                EXTI15_10_IRQHandler
                0x0000000008000f50                EXTI9_5_IRQHandler
                0x0000000008000f50                DMA1_Channel5_IRQHandler
                0x0000000008000f50                EXTI4_IRQHandler
                0x0000000008000f50                USB_LP_CAN1_RX0_IRQHandler
                0x0000000008000f50                USB_HP_CAN1_TX_IRQHandler
                0x0000000008000f50                DMA1_Channel3_IRQHandler
                0x0000000008000f50                TIM1_UP_IRQHandler
                0x0000000008000f50                WWDG_IRQHandler
                0x0000000008000f50                TIM1_BRK_IRQHandler
                0x0000000008000f50                EXTI1_IRQHandler
                0x0000000008000f50                USART2_IRQHandler
                0x0000000008000f50                DMA1_Channel2_IRQHandler
                0x0000000008000f50                CAN1_SCE_IRQHandler
                0x0000000008000f50                FLASH_IRQHandler
                0x0000000008000f50                USART1_IRQHandler
                0x0000000008000f50                I2C1_ER_IRQHandler
                0x0000000008000f50                USBWakeUp_IRQHandler
 *fill*         0x0000000008000f52        0x2 
 .text.HAL_Init
                0x0000000008000f54       0x2c ./Drivers/STM32F1xx_HAL_Driver/Src/stm32f1xx_hal.o
                0x0000000008000f54                HAL_Init
 .text.HAL_InitTick
                0x0000000008000f80       0x60 ./Drivers/STM32F1xx_HAL_Driver/Src/stm32f1xx_hal.o
                0x0000000008000f80                HAL_InitTick
 .text.HAL_IncTick
                0x0000000008000fe0       0x24 ./Drivers/STM32F1xx_HAL_Driver/Src/stm32f1xx_hal.o
                0x0000000008000fe0                HAL_IncTick
 .text.HAL_GetTick
                0x0000000008001004       0x14 ./Drivers/STM32F1xx_HAL_Driver/Src/stm32f1xx_hal.o
                0x0000000008001004                HAL_GetTick
 .text.__NVIC_SetPriorityGrouping
                0x0000000008001018       0x48 ./Drivers/STM32F1xx_HAL_Driver/Src/stm32f1xx_hal_cortex.o
 .text.__NVIC_GetPriorityGrouping
                0x0000000008001060       0x1c ./Drivers/STM32F1xx_HAL_Driver/Src/stm32f1xx_hal_cortex.o
 .text.__NVIC_EnableIRQ
                0x000000000800107c       0x38 ./Drivers/STM32F1xx_HAL_Driver/Src/stm32f1xx_hal_cortex.o
 .text.__NVIC_SetPriority
                0x00000000080010b4       0x54 ./Drivers/STM32F1xx_HAL_Driver/Src/stm32f1xx_hal_cortex.o
 .text.NVIC_EncodePriority
                0x0000000008001108       0x64 ./Drivers/STM32F1xx_HAL_Driver/Src/stm32f1xx_hal_cortex.o
 .text.SysTick_Config
                0x000000000800116c       0x44 ./Drivers/STM32F1xx_HAL_Driver/Src/stm32f1xx_hal_cortex.o
 .text.HAL_NVIC_SetPriorityGrouping
                0x00000000080011b0       0x16 ./Drivers/STM32F1xx_HAL_Driver/Src/stm32f1xx_hal_cortex.o
                0x00000000080011b0                HAL_NVIC_SetPriorityGrouping
 .text.HAL_NVIC_SetPriority
                0x00000000080011c6       0x38 ./Drivers/STM32F1xx_HAL_Driver/Src/stm32f1xx_hal_cortex.o
                0x00000000080011c6                HAL_NVIC_SetPriority
 .text.HAL_NVIC_EnableIRQ
                0x00000000080011fe       0x1c ./Drivers/STM32F1xx_HAL_Driver/Src/stm32f1xx_hal_cortex.o
                0x00000000080011fe                HAL_NVIC_EnableIRQ
 .text.HAL_SYSTICK_Config
                0x000000000800121a       0x18 ./Drivers/STM32F1xx_HAL_Driver/Src/stm32f1xx_hal_cortex.o
                0x000000000800121a                HAL_SYSTICK_Config
 *fill*         0x0000000008001232        0x2 
 .text.HAL_GPIO_Init
                0x0000000008001234      0x2f8 ./Drivers/STM32F1xx_HAL_Driver/Src/stm32f1xx_hal_gpio.o
                0x0000000008001234                HAL_GPIO_Init
 .text.HAL_GPIO_ReadPin
                0x000000000800152c       0x2e ./Drivers/STM32F1xx_HAL_Driver/Src/stm32f1xx_hal_gpio.o
                0x000000000800152c                HAL_GPIO_ReadPin
 .text.HAL_GPIO_WritePin
                0x000000000800155a       0x30 ./Drivers/STM32F1xx_HAL_Driver/Src/stm32f1xx_hal_gpio.o
                0x000000000800155a                HAL_GPIO_WritePin
 .text.HAL_GPIO_TogglePin
                0x000000000800158a       0x32 ./Drivers/STM32F1xx_HAL_Driver/Src/stm32f1xx_hal_gpio.o
                0x000000000800158a                HAL_GPIO_TogglePin
 .text.HAL_RCC_OscConfig
                0x00000000080015bc      0x504 ./Drivers/STM32F1xx_HAL_Driver/Src/stm32f1xx_hal_rcc.o
                0x00000000080015bc                HAL_RCC_OscConfig
 .text.HAL_RCC_ClockConfig
                0x0000000008001ac0      0x1d4 ./Drivers/STM32F1xx_HAL_Driver/Src/stm32f1xx_hal_rcc.o
                0x0000000008001ac0                HAL_RCC_ClockConfig
 .text.HAL_RCC_GetSysClockFreq
                0x0000000008001c94       0xbc ./Drivers/STM32F1xx_HAL_Driver/Src/stm32f1xx_hal_rcc.o
                0x0000000008001c94                HAL_RCC_GetSysClockFreq
 .text.RCC_Delay
                0x0000000008001d50       0x3c ./Drivers/STM32F1xx_HAL_Driver/Src/stm32f1xx_hal_rcc.o
 .text.HAL_TIM_Base_Init
                0x0000000008001d8c       0x9e ./Drivers/STM32F1xx_HAL_Driver/Src/stm32f1xx_hal_tim.o
                0x0000000008001d8c                HAL_TIM_Base_Init
 *fill*         0x0000000008001e2a        0x2 
 .text.HAL_TIM_Base_Start_IT
                0x0000000008001e2c       0x98 ./Drivers/STM32F1xx_HAL_Driver/Src/stm32f1xx_hal_tim.o
                0x0000000008001e2c                HAL_TIM_Base_Start_IT
 .text.HAL_TIM_IRQHandler
                0x0000000008001ec4      0x210 ./Drivers/STM32F1xx_HAL_Driver/Src/stm32f1xx_hal_tim.o
                0x0000000008001ec4                HAL_TIM_IRQHandler
 .text.HAL_TIM_ConfigClockSource
                0x00000000080020d4      0x188 ./Drivers/STM32F1xx_HAL_Driver/Src/stm32f1xx_hal_tim.o
                0x00000000080020d4                HAL_TIM_ConfigClockSource
 .text.HAL_TIM_OC_DelayElapsedCallback
                0x000000000800225c       0x12 ./Drivers/STM32F1xx_HAL_Driver/Src/stm32f1xx_hal_tim.o
                0x000000000800225c                HAL_TIM_OC_DelayElapsedCallback
 .text.HAL_TIM_IC_CaptureCallback
                0x000000000800226e       0x12 ./Drivers/STM32F1xx_HAL_Driver/Src/stm32f1xx_hal_tim.o
                0x000000000800226e                HAL_TIM_IC_CaptureCallback
 .text.HAL_TIM_PWM_PulseFinishedCallback
                0x0000000008002280       0x12 ./Drivers/STM32F1xx_HAL_Driver/Src/stm32f1xx_hal_tim.o
                0x0000000008002280                HAL_TIM_PWM_PulseFinishedCallback
 .text.HAL_TIM_TriggerCallback
                0x0000000008002292       0x12 ./Drivers/STM32F1xx_HAL_Driver/Src/stm32f1xx_hal_tim.o
                0x0000000008002292                HAL_TIM_TriggerCallback
 .text.TIM_Base_SetConfig
                0x00000000080022a4       0xb0 ./Drivers/STM32F1xx_HAL_Driver/Src/stm32f1xx_hal_tim.o
                0x00000000080022a4                TIM_Base_SetConfig
 .text.TIM_TI1_ConfigInputStage
                0x0000000008002354       0x5c ./Drivers/STM32F1xx_HAL_Driver/Src/stm32f1xx_hal_tim.o
 .text.TIM_TI2_ConfigInputStage
                0x00000000080023b0       0x5e ./Drivers/STM32F1xx_HAL_Driver/Src/stm32f1xx_hal_tim.o
 .text.TIM_ITRx_SetConfig
                0x000000000800240e       0x34 ./Drivers/STM32F1xx_HAL_Driver/Src/stm32f1xx_hal_tim.o
 .text.TIM_ETR_SetConfig
                0x0000000008002442       0x3e ./Drivers/STM32F1xx_HAL_Driver/Src/stm32f1xx_hal_tim.o
                0x0000000008002442                TIM_ETR_SetConfig
 .text.HAL_TIMEx_MasterConfigSynchronization
                0x0000000008002480       0xb0 ./Drivers/STM32F1xx_HAL_Driver/Src/stm32f1xx_hal_tim_ex.o
                0x0000000008002480                HAL_TIMEx_MasterConfigSynchronization
 .text.HAL_TIMEx_CommutCallback
                0x0000000008002530       0x12 ./Drivers/STM32F1xx_HAL_Driver/Src/stm32f1xx_hal_tim_ex.o
                0x0000000008002530                HAL_TIMEx_CommutCallback
 .text.HAL_TIMEx_BreakCallback
                0x0000000008002542       0x12 ./Drivers/STM32F1xx_HAL_Driver/Src/stm32f1xx_hal_tim_ex.o
                0x0000000008002542                HAL_TIMEx_BreakCallback
 .text.__libc_init_array
                0x0000000008002554       0x48 c:/st/stm32cubeide_1.7.0/stm32cubeide/plugins/com.st.stm32cube.ide.mcu.externaltools.gnu-tools-for-stm32.10.3-2021.10.win32_1.0.0.202111181127/tools/bin/../lib/gcc/arm-none-eabi/10.3.1/../../../../arm-none-eabi/lib/thumb/v7-m/nofp\libc_nano.a(lib_a-init.o)
                0x0000000008002554                __libc_init_array
 .text.memset   0x000000000800259c       0x10 c:/st/stm32cubeide_1.7.0/stm32cubeide/plugins/com.st.stm32cube.ide.mcu.externaltools.gnu-tools-for-stm32.10.3-2021.10.win32_1.0.0.202111181127/tools/bin/../lib/gcc/arm-none-eabi/10.3.1/../../../../arm-none-eabi/lib/thumb/v7-m/nofp\libc_nano.a(lib_a-memset.o)
                0x000000000800259c                memset
 *(.glue_7)
 .glue_7        0x00000000080025ac        0x0 linker stubs
 *(.glue_7t)
 .glue_7t       0x00000000080025ac        0x0 linker stubs
 *(.eh_frame)
 .eh_frame      0x00000000080025ac        0x0 c:/st/stm32cubeide_1.7.0/stm32cubeide/plugins/com.st.stm32cube.ide.mcu.externaltools.gnu-tools-for-stm32.10.3-2021.10.win32_1.0.0.202111181127/tools/bin/../lib/gcc/arm-none-eabi/10.3.1/thumb/v7-m/nofp/crtbegin.o
 *(.init)
 .init          0x00000000080025ac        0x4 c:/st/stm32cubeide_1.7.0/stm32cubeide/plugins/com.st.stm32cube.ide.mcu.externaltools.gnu-tools-for-stm32.10.3-2021.10.win32_1.0.0.202111181127/tools/bin/../lib/gcc/arm-none-eabi/10.3.1/thumb/v7-m/nofp/crti.o
                0x00000000080025ac                _init
 .init          0x00000000080025b0        0x8 c:/st/stm32cubeide_1.7.0/stm32cubeide/plugins/com.st.stm32cube.ide.mcu.externaltools.gnu-tools-for-stm32.10.3-2021.10.win32_1.0.0.202111181127/tools/bin/../lib/gcc/arm-none-eabi/10.3.1/thumb/v7-m/nofp/crtn.o
 *(.fini)
 .fini          0x00000000080025b8        0x4 c:/st/stm32cubeide_1.7.0/stm32cubeide/plugins/com.st.stm32cube.ide.mcu.externaltools.gnu-tools-for-stm32.10.3-2021.10.win32_1.0.0.202111181127/tools/bin/../lib/gcc/arm-none-eabi/10.3.1/thumb/v7-m/nofp/crti.o
                0x00000000080025b8                _fini
 .fini          0x00000000080025bc        0x8 c:/st/stm32cubeide_1.7.0/stm32cubeide/plugins/com.st.stm32cube.ide.mcu.externaltools.gnu-tools-for-stm32.10.3-2021.10.win32_1.0.0.202111181127/tools/bin/../lib/gcc/arm-none-eabi/10.3.1/thumb/v7-m/nofp/crtn.o
                0x00000000080025c4                . = ALIGN (0x4)
                0x00000000080025c4                _etext = .

.vfp11_veneer   0x00000000080025c4        0x0
 .vfp11_veneer  0x00000000080025c4        0x0 linker stubs

.v4_bx          0x00000000080025c4        0x0
 .v4_bx         0x00000000080025c4        0x0 linker stubs

.iplt           0x00000000080025c4        0x0
 .iplt          0x00000000080025c4        0x0 c:/st/stm32cubeide_1.7.0/stm32cubeide/plugins/com.st.stm32cube.ide.mcu.externaltools.gnu-tools-for-stm32.10.3-2021.10.win32_1.0.0.202111181127/tools/bin/../lib/gcc/arm-none-eabi/10.3.1/thumb/v7-m/nofp/crtbegin.o

.rodata         0x00000000080025c4       0x20
                0x00000000080025c4                . = ALIGN (0x4)
 *(.rodata)
 .rodata        0x00000000080025c4       0x10 ./Drivers/STM32F1xx_HAL_Driver/Src/stm32f1xx_hal_rcc.o
 *(.rodata*)
 .rodata.AHBPrescTable
                0x00000000080025d4       0x10 ./Core/Src/system_stm32f1xx.o
                0x00000000080025d4                AHBPrescTable
                0x00000000080025e4                . = ALIGN (0x4)

.rel.dyn        0x00000000080025e4        0x0
 .rel.iplt      0x00000000080025e4        0x0 c:/st/stm32cubeide_1.7.0/stm32cubeide/plugins/com.st.stm32cube.ide.mcu.externaltools.gnu-tools-for-stm32.10.3-2021.10.win32_1.0.0.202111181127/tools/bin/../lib/gcc/arm-none-eabi/10.3.1/thumb/v7-m/nofp/crtbegin.o

.ARM.extab      0x00000000080025e4        0x0
                0x00000000080025e4                . = ALIGN (0x4)
 *(.ARM.extab* .gnu.linkonce.armextab.*)
                0x00000000080025e4                . = ALIGN (0x4)

.ARM            0x00000000080025e4        0x0
                0x00000000080025e4                . = ALIGN (0x4)
                0x00000000080025e4                __exidx_start = .
 *(.ARM.exidx*)
                0x00000000080025e4                __exidx_end = .
                0x00000000080025e4                . = ALIGN (0x4)

.preinit_array  0x00000000080025e4        0x0
                0x00000000080025e4                . = ALIGN (0x4)
                0x00000000080025e4                PROVIDE (__preinit_array_start = .)
 *(.preinit_array*)
                0x00000000080025e4                PROVIDE (__preinit_array_end = .)
                0x00000000080025e4                . = ALIGN (0x4)

.init_array     0x00000000080025e4        0x4
                0x00000000080025e4                . = ALIGN (0x4)
                0x00000000080025e4                PROVIDE (__init_array_start = .)
 *(SORT_BY_NAME(.init_array.*))
 *(.init_array*)
 .init_array    0x00000000080025e4        0x4 c:/st/stm32cubeide_1.7.0/stm32cubeide/plugins/com.st.stm32cube.ide.mcu.externaltools.gnu-tools-for-stm32.10.3-2021.10.win32_1.0.0.202111181127/tools/bin/../lib/gcc/arm-none-eabi/10.3.1/thumb/v7-m/nofp/crtbegin.o
                0x00000000080025e8                PROVIDE (__init_array_end = .)
                0x00000000080025e8                . = ALIGN (0x4)

.fini_array     0x00000000080025e8        0x4
                0x00000000080025e8                . = ALIGN (0x4)
                [!provide]                        PROVIDE (__fini_array_start = .)
 *(SORT_BY_NAME(.fini_array.*))
 *(.fini_array*)
 .fini_array    0x00000000080025e8        0x4 c:/st/stm32cubeide_1.7.0/stm32cubeide/plugins/com.st.stm32cube.ide.mcu.externaltools.gnu-tools-for-stm32.10.3-2021.10.win32_1.0.0.202111181127/tools/bin/../lib/gcc/arm-none-eabi/10.3.1/thumb/v7-m/nofp/crtbegin.o
                [!provide]                        PROVIDE (__fini_array_end = .)
                0x00000000080025ec                . = ALIGN (0x4)
                0x00000000080025ec                _sidata = LOADADDR (.data)

.data           0x0000000020000000       0x4c load address 0x00000000080025ec
                0x0000000020000000                . = ALIGN (0x4)
                0x0000000020000000                _sdata = .
 *(.data)
 *(.data*)
 .data.TimeOutForKeyPress
                0x0000000020000000        0xc ./Core/Src/button.o
                0x0000000020000000                TimeOutForKeyPress
 .data.KeyReg0  0x000000002000000c        0xc ./Core/Src/button.o
                0x000000002000000c                KeyReg0
 .data.KeyReg1  0x0000000020000018        0xc ./Core/Src/button.o
                0x0000000020000018                KeyReg1
 .data.KeyReg2  0x0000000020000024        0xc ./Core/Src/button.o
                0x0000000020000024                KeyReg2
 .data.KeyReg3  0x0000000020000030        0xc ./Core/Src/button.o
                0x0000000020000030                KeyReg3
 .data.SystemCoreClock
                0x000000002000003c        0x4 ./Core/Src/system_stm32f1xx.o
                0x000000002000003c                SystemCoreClock
 .data.tick     0x0000000020000040        0x4 ./Core/Src/timer.o
                0x0000000020000040                tick
 .data.uwTickPrio
                0x0000000020000044        0x4 ./Drivers/STM32F1xx_HAL_Driver/Src/stm32f1xx_hal.o
                0x0000000020000044                uwTickPrio
 .data.uwTickFreq
                0x0000000020000048        0x1 ./Drivers/STM32F1xx_HAL_Driver/Src/stm32f1xx_hal.o
                0x0000000020000048                uwTickFreq
 *(.RamFunc)
 *(.RamFunc*)
                0x000000002000004c                . = ALIGN (0x4)
 *fill*         0x0000000020000049        0x3 
                0x000000002000004c                _edata = .

.igot.plt       0x000000002000004c        0x0 load address 0x0000000008002638
 .igot.plt      0x000000002000004c        0x0 c:/st/stm32cubeide_1.7.0/stm32cubeide/plugins/com.st.stm32cube.ide.mcu.externaltools.gnu-tools-for-stm32.10.3-2021.10.win32_1.0.0.202111181127/tools/bin/../lib/gcc/arm-none-eabi/10.3.1/thumb/v7-m/nofp/crtbegin.o
                0x000000002000004c                . = ALIGN (0x4)

.bss            0x000000002000004c       0x9c load address 0x0000000008002638
                0x000000002000004c                _sbss = .
                0x000000002000004c                __bss_start__ = _sbss
 *(.bss)
 .bss           0x000000002000004c       0x1c c:/st/stm32cubeide_1.7.0/stm32cubeide/plugins/com.st.stm32cube.ide.mcu.externaltools.gnu-tools-for-stm32.10.3-2021.10.win32_1.0.0.202111181127/tools/bin/../lib/gcc/arm-none-eabi/10.3.1/thumb/v7-m/nofp/crtbegin.o
 *(.bss*)
 .bss.button_flag
                0x0000000020000068        0xc ./Core/Src/button.o
                0x0000000020000068                button_flag
 .bss.button_flag_longpressed
                0x0000000020000074        0xc ./Core/Src/button.o
                0x0000000020000074                button_flag_longpressed
 .bss.status    0x0000000020000080        0x4 ./Core/Src/global.o
                0x0000000020000080                status
 .bss.count     0x0000000020000084        0x4 ./Core/Src/global.o
                0x0000000020000084                count
 .bss.count_long_pressed
                0x0000000020000088        0x4 ./Core/Src/global.o
                0x0000000020000088                count_long_pressed
 .bss.htim2     0x000000002000008c       0x48 ./Core/Src/main.o
                0x000000002000008c                htim2
 .bss.timer1_counter
                0x00000000200000d4        0x4 ./Core/Src/timer.o
                0x00000000200000d4                timer1_counter
 .bss.timer1_flag
                0x00000000200000d8        0x4 ./Core/Src/timer.o
                0x00000000200000d8                timer1_flag
 .bss.timer2_counter
                0x00000000200000dc        0x4 ./Core/Src/timer.o
                0x00000000200000dc                timer2_counter
 .bss.timer2_flag
                0x00000000200000e0        0x4 ./Core/Src/timer.o
                0x00000000200000e0                timer2_flag
 .bss.uwTick    0x00000000200000e4        0x4 ./Drivers/STM32F1xx_HAL_Driver/Src/stm32f1xx_hal.o
                0x00000000200000e4                uwTick
 *(COMMON)
                0x00000000200000e8                . = ALIGN (0x4)
                0x00000000200000e8                _ebss = .
                0x00000000200000e8                __bss_end__ = _ebss

._user_heap_stack
                0x00000000200000e8      0x600 load address 0x0000000008002638
                0x00000000200000e8                . = ALIGN (0x8)
                [!provide]                        PROVIDE (end = .)
                0x00000000200000e8                PROVIDE (_end = .)
                0x00000000200002e8                . = (. + _Min_Heap_Size)
 *fill*         0x00000000200000e8      0x200 
                0x00000000200006e8                . = (. + _Min_Stack_Size)
 *fill*         0x00000000200002e8      0x400 
                0x00000000200006e8                . = ALIGN (0x8)

/DISCARD/
 libc.a(*)
 libm.a(*)
 libgcc.a(*)

.ARM.attributes
                0x0000000000000000       0x29
 *(.ARM.attributes)
 .ARM.attributes
                0x0000000000000000       0x1d c:/st/stm32cubeide_1.7.0/stm32cubeide/plugins/com.st.stm32cube.ide.mcu.externaltools.gnu-tools-for-stm32.10.3-2021.10.win32_1.0.0.202111181127/tools/bin/../lib/gcc/arm-none-eabi/10.3.1/thumb/v7-m/nofp/crti.o
 .ARM.attributes
                0x000000000000001d       0x2d c:/st/stm32cubeide_1.7.0/stm32cubeide/plugins/com.st.stm32cube.ide.mcu.externaltools.gnu-tools-for-stm32.10.3-2021.10.win32_1.0.0.202111181127/tools/bin/../lib/gcc/arm-none-eabi/10.3.1/thumb/v7-m/nofp/crtbegin.o
 .ARM.attributes
                0x000000000000004a       0x2d ./Core/Src/button.o
 .ARM.attributes
                0x0000000000000077       0x2d ./Core/Src/fsm_simple_button_run.o
 .ARM.attributes
                0x00000000000000a4       0x2d ./Core/Src/global.o
 .ARM.attributes
                0x00000000000000d1       0x2d ./Core/Src/led_display.o
 .ARM.attributes
                0x00000000000000fe       0x2d ./Core/Src/main.o
 .ARM.attributes
                0x000000000000012b       0x2d ./Core/Src/stm32f1xx_hal_msp.o
 .ARM.attributes
                0x0000000000000158       0x2d ./Core/Src/stm32f1xx_it.o
 .ARM.attributes
                0x0000000000000185       0x2d ./Core/Src/system_stm32f1xx.o
 .ARM.attributes
                0x00000000000001b2       0x2d ./Core/Src/timer.o
 .ARM.attributes
                0x00000000000001df       0x21 ./Core/Startup/startup_stm32f103c6ux.o
 .ARM.attributes
                0x0000000000000200       0x2d ./Drivers/STM32F1xx_HAL_Driver/Src/stm32f1xx_hal.o
 .ARM.attributes
                0x000000000000022d       0x2d ./Drivers/STM32F1xx_HAL_Driver/Src/stm32f1xx_hal_cortex.o
 .ARM.attributes
                0x000000000000025a       0x2d ./Drivers/STM32F1xx_HAL_Driver/Src/stm32f1xx_hal_gpio.o
 .ARM.attributes
                0x0000000000000287       0x2d ./Drivers/STM32F1xx_HAL_Driver/Src/stm32f1xx_hal_rcc.o
 .ARM.attributes
                0x00000000000002b4       0x2d ./Drivers/STM32F1xx_HAL_Driver/Src/stm32f1xx_hal_tim.o
 .ARM.attributes
                0x00000000000002e1       0x2d ./Drivers/STM32F1xx_HAL_Driver/Src/stm32f1xx_hal_tim_ex.o
 .ARM.attributes
                0x000000000000030e       0x2d c:/st/stm32cubeide_1.7.0/stm32cubeide/plugins/com.st.stm32cube.ide.mcu.externaltools.gnu-tools-for-stm32.10.3-2021.10.win32_1.0.0.202111181127/tools/bin/../lib/gcc/arm-none-eabi/10.3.1/../../../../arm-none-eabi/lib/thumb/v7-m/nofp\libc_nano.a(lib_a-init.o)
 .ARM.attributes
                0x000000000000033b       0x2d c:/st/stm32cubeide_1.7.0/stm32cubeide/plugins/com.st.stm32cube.ide.mcu.externaltools.gnu-tools-for-stm32.10.3-2021.10.win32_1.0.0.202111181127/tools/bin/../lib/gcc/arm-none-eabi/10.3.1/../../../../arm-none-eabi/lib/thumb/v7-m/nofp\libc_nano.a(lib_a-memset.o)
 .ARM.attributes
                0x0000000000000368       0x1d c:/st/stm32cubeide_1.7.0/stm32cubeide/plugins/com.st.stm32cube.ide.mcu.externaltools.gnu-tools-for-stm32.10.3-2021.10.win32_1.0.0.202111181127/tools/bin/../lib/gcc/arm-none-eabi/10.3.1/thumb/v7-m/nofp/crtn.o
OUTPUT(midterm.elf elf32-littlearm)
LOAD linker stubs
LOAD c:/st/stm32cubeide_1.7.0/stm32cubeide/plugins/com.st.stm32cube.ide.mcu.externaltools.gnu-tools-for-stm32.10.3-2021.10.win32_1.0.0.202111181127/tools/bin/../lib/gcc/arm-none-eabi/10.3.1/../../../../arm-none-eabi/lib/thumb/v7-m/nofp\libc.a
LOAD c:/st/stm32cubeide_1.7.0/stm32cubeide/plugins/com.st.stm32cube.ide.mcu.externaltools.gnu-tools-for-stm32.10.3-2021.10.win32_1.0.0.202111181127/tools/bin/../lib/gcc/arm-none-eabi/10.3.1/../../../../arm-none-eabi/lib/thumb/v7-m/nofp\libm.a
LOAD c:/st/stm32cubeide_1.7.0/stm32cubeide/plugins/com.st.stm32cube.ide.mcu.externaltools.gnu-tools-for-stm32.10.3-2021.10.win32_1.0.0.202111181127/tools/bin/../lib/gcc/arm-none-eabi/10.3.1/thumb/v7-m/nofp\libgcc.a

.debug_info     0x0000000000000000     0x8afa
 .debug_info    0x0000000000000000      0x2cb ./Core/Src/button.o
 .debug_info    0x00000000000002cb      0x109 ./Core/Src/fsm_simple_button_run.o
 .debug_info    0x00000000000003d4       0xbd ./Core/Src/global.o
 .debug_info    0x0000000000000491      0x1f3 ./Core/Src/led_display.o
 .debug_info    0x0000000000000684      0xbca ./Core/Src/main.o
 .debug_info    0x000000000000124e      0x8d7 ./Core/Src/stm32f1xx_hal_msp.o
 .debug_info    0x0000000000001b25      0x6ea ./Core/Src/stm32f1xx_it.o
 .debug_info    0x000000000000220f      0x23d ./Core/Src/system_stm32f1xx.o
 .debug_info    0x000000000000244c      0x70e ./Core/Src/timer.o
 .debug_info    0x0000000000002b5a       0x22 ./Core/Startup/startup_stm32f103c6ux.o
 .debug_info    0x0000000000002b7c      0x716 ./Drivers/STM32F1xx_HAL_Driver/Src/stm32f1xx_hal.o
 .debug_info    0x0000000000003292      0xb02 ./Drivers/STM32F1xx_HAL_Driver/Src/stm32f1xx_hal_cortex.o
 .debug_info    0x0000000000003d94      0x615 ./Drivers/STM32F1xx_HAL_Driver/Src/stm32f1xx_hal_gpio.o
 .debug_info    0x00000000000043a9      0x860 ./Drivers/STM32F1xx_HAL_Driver/Src/stm32f1xx_hal_rcc.o
 .debug_info    0x0000000000004c09     0x29de ./Drivers/STM32F1xx_HAL_Driver/Src/stm32f1xx_hal_tim.o
 .debug_info    0x00000000000075e7     0x1513 ./Drivers/STM32F1xx_HAL_Driver/Src/stm32f1xx_hal_tim_ex.o

.debug_abbrev   0x0000000000000000     0x1a75
 .debug_abbrev  0x0000000000000000      0x1b1 ./Core/Src/button.o
 .debug_abbrev  0x00000000000001b1       0x8b ./Core/Src/fsm_simple_button_run.o
 .debug_abbrev  0x000000000000023c       0x4b ./Core/Src/global.o
 .debug_abbrev  0x0000000000000287      0x123 ./Core/Src/led_display.o
 .debug_abbrev  0x00000000000003aa      0x271 ./Core/Src/main.o
 .debug_abbrev  0x000000000000061b      0x19f ./Core/Src/stm32f1xx_hal_msp.o
 .debug_abbrev  0x00000000000007ba      0x184 ./Core/Src/stm32f1xx_it.o
 .debug_abbrev  0x000000000000093e      0x13b ./Core/Src/system_stm32f1xx.o
 .debug_abbrev  0x0000000000000a79      0x1dd ./Core/Src/timer.o
 .debug_abbrev  0x0000000000000c56       0x12 ./Core/Startup/startup_stm32f103c6ux.o
 .debug_abbrev  0x0000000000000c68      0x1fb ./Drivers/STM32F1xx_HAL_Driver/Src/stm32f1xx_hal.o
 .debug_abbrev  0x0000000000000e63      0x2ed ./Drivers/STM32F1xx_HAL_Driver/Src/stm32f1xx_hal_cortex.o
 .debug_abbrev  0x0000000000001150      0x1bb ./Drivers/STM32F1xx_HAL_Driver/Src/stm32f1xx_hal_gpio.o
 .debug_abbrev  0x000000000000130b      0x2a8 ./Drivers/STM32F1xx_HAL_Driver/Src/stm32f1xx_hal_rcc.o
 .debug_abbrev  0x00000000000015b3      0x25d ./Drivers/STM32F1xx_HAL_Driver/Src/stm32f1xx_hal_tim.o
 .debug_abbrev  0x0000000000001810      0x265 ./Drivers/STM32F1xx_HAL_Driver/Src/stm32f1xx_hal_tim_ex.o

.debug_aranges  0x0000000000000000      0x9f8
 .debug_aranges
                0x0000000000000000       0x38 ./Core/Src/button.o
 .debug_aranges
                0x0000000000000038       0x20 ./Core/Src/fsm_simple_button_run.o
 .debug_aranges
                0x0000000000000058       0x18 ./Core/Src/global.o
 .debug_aranges
                0x0000000000000070       0x28 ./Core/Src/led_display.o
 .debug_aranges
                0x0000000000000098       0x40 ./Core/Src/main.o
 .debug_aranges
                0x00000000000000d8       0x30 ./Core/Src/stm32f1xx_hal_msp.o
 .debug_aranges
                0x0000000000000108       0x68 ./Core/Src/stm32f1xx_it.o
 .debug_aranges
                0x0000000000000170       0x28 ./Core/Src/system_stm32f1xx.o
 .debug_aranges
                0x0000000000000198       0x38 ./Core/Src/timer.o
 .debug_aranges
                0x00000000000001d0       0x28 ./Core/Startup/startup_stm32f103c6ux.o
 .debug_aranges
                0x00000000000001f8       0xe0 ./Drivers/STM32F1xx_HAL_Driver/Src/stm32f1xx_hal.o
 .debug_aranges
                0x00000000000002d8      0x100 ./Drivers/STM32F1xx_HAL_Driver/Src/stm32f1xx_hal_cortex.o
 .debug_aranges
                0x00000000000003d8       0x58 ./Drivers/STM32F1xx_HAL_Driver/Src/stm32f1xx_hal_gpio.o
 .debug_aranges
                0x0000000000000430       0x90 ./Drivers/STM32F1xx_HAL_Driver/Src/stm32f1xx_hal_rcc.o
 .debug_aranges
                0x00000000000004c0      0x3d0 ./Drivers/STM32F1xx_HAL_Driver/Src/stm32f1xx_hal_tim.o
 .debug_aranges
                0x0000000000000890      0x168 ./Drivers/STM32F1xx_HAL_Driver/Src/stm32f1xx_hal_tim_ex.o

.debug_ranges   0x0000000000000000      0x8f8
 .debug_ranges  0x0000000000000000       0x28 ./Core/Src/button.o
 .debug_ranges  0x0000000000000028       0x10 ./Core/Src/fsm_simple_button_run.o
 .debug_ranges  0x0000000000000038       0x18 ./Core/Src/led_display.o
 .debug_ranges  0x0000000000000050       0x30 ./Core/Src/main.o
 .debug_ranges  0x0000000000000080       0x20 ./Core/Src/stm32f1xx_hal_msp.o
 .debug_ranges  0x00000000000000a0       0x58 ./Core/Src/stm32f1xx_it.o
 .debug_ranges  0x00000000000000f8       0x18 ./Core/Src/system_stm32f1xx.o
 .debug_ranges  0x0000000000000110       0x28 ./Core/Src/timer.o
 .debug_ranges  0x0000000000000138       0x20 ./Core/Startup/startup_stm32f103c6ux.o
 .debug_ranges  0x0000000000000158       0xd0 ./Drivers/STM32F1xx_HAL_Driver/Src/stm32f1xx_hal.o
 .debug_ranges  0x0000000000000228       0xf0 ./Drivers/STM32F1xx_HAL_Driver/Src/stm32f1xx_hal_cortex.o
 .debug_ranges  0x0000000000000318       0x48 ./Drivers/STM32F1xx_HAL_Driver/Src/stm32f1xx_hal_gpio.o
 .debug_ranges  0x0000000000000360       0x80 ./Drivers/STM32F1xx_HAL_Driver/Src/stm32f1xx_hal_rcc.o
 .debug_ranges  0x00000000000003e0      0x3c0 ./Drivers/STM32F1xx_HAL_Driver/Src/stm32f1xx_hal_tim.o
 .debug_ranges  0x00000000000007a0      0x158 ./Drivers/STM32F1xx_HAL_Driver/Src/stm32f1xx_hal_tim_ex.o

.debug_macro    0x0000000000000000    0x16c0a
 .debug_macro   0x0000000000000000      0x1dc ./Core/Src/button.o
 .debug_macro   0x00000000000001dc      0xa6c ./Core/Src/button.o
 .debug_macro   0x0000000000000c48      0x215 ./Core/Src/button.o
 .debug_macro   0x0000000000000e5d       0x2e ./Core/Src/button.o
 .debug_macro   0x0000000000000e8b       0x22 ./Core/Src/button.o
 .debug_macro   0x0000000000000ead       0x22 ./Core/Src/button.o
 .debug_macro   0x0000000000000ecf       0x8e ./Core/Src/button.o
 .debug_macro   0x0000000000000f5d       0x51 ./Core/Src/button.o
 .debug_macro   0x0000000000000fae      0x103 ./Core/Src/button.o
 .debug_macro   0x00000000000010b1       0x6a ./Core/Src/button.o
 .debug_macro   0x000000000000111b      0x1df ./Core/Src/button.o
 .debug_macro   0x00000000000012fa       0x1c ./Core/Src/button.o
 .debug_macro   0x0000000000001316       0x22 ./Core/Src/button.o
 .debug_macro   0x0000000000001338       0xbd ./Core/Src/button.o
 .debug_macro   0x00000000000013f5      0xd23 ./Core/Src/button.o
 .debug_macro   0x0000000000002118     0xde75 ./Core/Src/button.o
 .debug_macro   0x000000000000ff8d       0x6d ./Core/Src/button.o
 .debug_macro   0x000000000000fffa     0x3468 ./Core/Src/button.o
 .debug_macro   0x0000000000013462      0x174 ./Core/Src/button.o
 .debug_macro   0x00000000000135d6       0x5c ./Core/Src/button.o
 .debug_macro   0x0000000000013632      0x5be ./Core/Src/button.o
 .debug_macro   0x0000000000013bf0      0x1b7 ./Core/Src/button.o
 .debug_macro   0x0000000000013da7      0x1cb ./Core/Src/button.o
 .debug_macro   0x0000000000013f72      0x114 ./Core/Src/button.o
 .debug_macro   0x0000000000014086      0x1b2 ./Core/Src/button.o
 .debug_macro   0x0000000000014238       0x27 ./Core/Src/button.o
 .debug_macro   0x000000000001425f      0x12f ./Core/Src/button.o
 .debug_macro   0x000000000001438e      0x1bc ./Core/Src/button.o
 .debug_macro   0x000000000001454a       0x34 ./Core/Src/button.o
 .debug_macro   0x000000000001457e       0x3c ./Core/Src/button.o
 .debug_macro   0x00000000000145ba       0x57 ./Core/Src/button.o
 .debug_macro   0x0000000000014611       0x88 ./Core/Src/button.o
 .debug_macro   0x0000000000014699      0x183 ./Core/Src/button.o
 .debug_macro   0x000000000001481c      0x141 ./Core/Src/button.o
 .debug_macro   0x000000000001495d      0x8d1 ./Core/Src/button.o
 .debug_macro   0x000000000001522e       0x69 ./Core/Src/button.o
 .debug_macro   0x0000000000015297       0x88 ./Core/Src/button.o
 .debug_macro   0x000000000001531f       0x2e ./Core/Src/button.o
 .debug_macro   0x000000000001534d       0x10 ./Core/Src/button.o
 .debug_macro   0x000000000001535d       0x1c ./Core/Src/button.o
 .debug_macro   0x0000000000015379      0x1e6 ./Core/Src/fsm_simple_button_run.o
 .debug_macro   0x000000000001555f      0x1dc ./Core/Src/global.o
 .debug_macro   0x000000000001573b      0x1e7 ./Core/Src/led_display.o
 .debug_macro   0x0000000000015922      0x1ea ./Core/Src/main.o
 .debug_macro   0x0000000000015b0c      0x1a7 ./Core/Src/stm32f1xx_hal_msp.o
 .debug_macro   0x0000000000015cb3      0x1b1 ./Core/Src/stm32f1xx_it.o
 .debug_macro   0x0000000000015e64      0x198 ./Core/Src/system_stm32f1xx.o
 .debug_macro   0x0000000000015ffc      0x1dc ./Core/Src/timer.o
 .debug_macro   0x00000000000161d8      0x1bc ./Drivers/STM32F1xx_HAL_Driver/Src/stm32f1xx_hal.o
 .debug_macro   0x0000000000016394      0x198 ./Drivers/STM32F1xx_HAL_Driver/Src/stm32f1xx_hal_cortex.o
 .debug_macro   0x000000000001652c      0x203 ./Drivers/STM32F1xx_HAL_Driver/Src/stm32f1xx_hal_gpio.o
 .debug_macro   0x000000000001672f      0x1aa ./Drivers/STM32F1xx_HAL_Driver/Src/stm32f1xx_hal_rcc.o
 .debug_macro   0x00000000000168d9      0x199 ./Drivers/STM32F1xx_HAL_Driver/Src/stm32f1xx_hal_tim.o
 .debug_macro   0x0000000000016a72      0x198 ./Drivers/STM32F1xx_HAL_Driver/Src/stm32f1xx_hal_tim_ex.o

.debug_line     0x0000000000000000     0xb7a8
 .debug_line    0x0000000000000000      0x764 ./Core/Src/button.o
 .debug_line    0x0000000000000764      0xa45 ./Core/Src/fsm_simple_button_run.o
 .debug_line    0x00000000000011a9      0x666 ./Core/Src/global.o
 .debug_line    0x000000000000180f      0x6f4 ./Core/Src/led_display.o
 .debug_line    0x0000000000001f03      0x7b3 ./Core/Src/main.o
 .debug_line    0x00000000000026b6      0x690 ./Core/Src/stm32f1xx_hal_msp.o
 .debug_line    0x0000000000002d46      0x730 ./Core/Src/stm32f1xx_it.o
 .debug_line    0x0000000000003476      0x6d4 ./Core/Src/system_stm32f1xx.o
 .debug_line    0x0000000000003b4a      0x6f7 ./Core/Src/timer.o
 .debug_line    0x0000000000004241       0x87 ./Core/Startup/startup_stm32f103c6ux.o
 .debug_line    0x00000000000042c8      0x901 ./Drivers/STM32F1xx_HAL_Driver/Src/stm32f1xx_hal.o
 .debug_line    0x0000000000004bc9      0xae9 ./Drivers/STM32F1xx_HAL_Driver/Src/stm32f1xx_hal_cortex.o
 .debug_line    0x00000000000056b2      0x983 ./Drivers/STM32F1xx_HAL_Driver/Src/stm32f1xx_hal_gpio.o
 .debug_line    0x0000000000006035      0xd0f ./Drivers/STM32F1xx_HAL_Driver/Src/stm32f1xx_hal_rcc.o
 .debug_line    0x0000000000006d44     0x326d ./Drivers/STM32F1xx_HAL_Driver/Src/stm32f1xx_hal_tim.o
 .debug_line    0x0000000000009fb1     0x17f7 ./Drivers/STM32F1xx_HAL_Driver/Src/stm32f1xx_hal_tim_ex.o

.debug_str      0x0000000000000000    0x81e6e
 .debug_str     0x0000000000000000    0x7f35c ./Core/Src/button.o
                                      0x7f689 (size before relaxing)
 .debug_str     0x000000000007f35c       0x94 ./Core/Src/fsm_simple_button_run.o
                                      0x7f618 (size before relaxing)
 .debug_str     0x000000000007f3f0       0x15 ./Core/Src/global.o
                                      0x7f58e (size before relaxing)
 .debug_str     0x000000000007f405       0x60 ./Core/Src/led_display.o
                                      0x7f634 (size before relaxing)
 .debug_str     0x000000000007f465      0x773 ./Core/Src/main.o
                                      0x7fe48 (size before relaxing)
 .debug_str     0x000000000007fbd8      0x2d2 ./Core/Src/stm32f1xx_hal_msp.o
                                      0x7fcb6 (size before relaxing)
 .debug_str     0x000000000007feaa       0xec ./Core/Src/stm32f1xx_it.o
                                      0x7fa1f (size before relaxing)
 .debug_str     0x000000000007ff96       0x88 ./Core/Src/system_stm32f1xx.o
                                      0x7f369 (size before relaxing)
 .debug_str     0x000000000008001e       0x6c ./Core/Src/timer.o
                                      0x7fac5 (size before relaxing)
 .debug_str     0x000000000008008a       0x36 ./Core/Startup/startup_stm32f103c6ux.o
                                         0x67 (size before relaxing)
 .debug_str     0x00000000000800c0      0x38e ./Drivers/STM32F1xx_HAL_Driver/Src/stm32f1xx_hal.o
                                      0x7fa62 (size before relaxing)
 .debug_str     0x000000000008044e      0x29e ./Drivers/STM32F1xx_HAL_Driver/Src/stm32f1xx_hal_cortex.o
                                      0x7f9ae (size before relaxing)
 .debug_str     0x00000000000806ec      0x2f6 ./Drivers/STM32F1xx_HAL_Driver/Src/stm32f1xx_hal_gpio.o
                                      0x7f6ef (size before relaxing)
 .debug_str     0x00000000000809e2      0x229 ./Drivers/STM32F1xx_HAL_Driver/Src/stm32f1xx_hal_rcc.o
                                      0x7f798 (size before relaxing)
 .debug_str     0x0000000000080c0b      0xdd0 ./Drivers/STM32F1xx_HAL_Driver/Src/stm32f1xx_hal_tim.o
                                      0x80783 (size before relaxing)
 .debug_str     0x00000000000819db      0x493 ./Drivers/STM32F1xx_HAL_Driver/Src/stm32f1xx_hal_tim_ex.o
                                      0x7ff9f (size before relaxing)

.comment        0x0000000000000000       0x50
 .comment       0x0000000000000000       0x50 ./Core/Src/button.o
                                         0x51 (size before relaxing)
 .comment       0x0000000000000050       0x51 ./Core/Src/fsm_simple_button_run.o
 .comment       0x0000000000000050       0x51 ./Core/Src/global.o
 .comment       0x0000000000000050       0x51 ./Core/Src/led_display.o
 .comment       0x0000000000000050       0x51 ./Core/Src/main.o
 .comment       0x0000000000000050       0x51 ./Core/Src/stm32f1xx_hal_msp.o
 .comment       0x0000000000000050       0x51 ./Core/Src/stm32f1xx_it.o
 .comment       0x0000000000000050       0x51 ./Core/Src/system_stm32f1xx.o
 .comment       0x0000000000000050       0x51 ./Core/Src/timer.o
 .comment       0x0000000000000050       0x51 ./Drivers/STM32F1xx_HAL_Driver/Src/stm32f1xx_hal.o
 .comment       0x0000000000000050       0x51 ./Drivers/STM32F1xx_HAL_Driver/Src/stm32f1xx_hal_cortex.o
 .comment       0x0000000000000050       0x51 ./Drivers/STM32F1xx_HAL_Driver/Src/stm32f1xx_hal_gpio.o
 .comment       0x0000000000000050       0x51 ./Drivers/STM32F1xx_HAL_Driver/Src/stm32f1xx_hal_rcc.o
 .comment       0x0000000000000050       0x51 ./Drivers/STM32F1xx_HAL_Driver/Src/stm32f1xx_hal_tim.o
 .comment       0x0000000000000050       0x51 ./Drivers/STM32F1xx_HAL_Driver/Src/stm32f1xx_hal_tim_ex.o

.debug_frame    0x0000000000000000     0x2778
 .debug_frame   0x0000000000000000       0xac ./Core/Src/button.o
 .debug_frame   0x00000000000000ac       0x2c ./Core/Src/fsm_simple_button_run.o
 .debug_frame   0x00000000000000d8       0x54 ./Core/Src/led_display.o
 .debug_frame   0x000000000000012c       0xb0 ./Core/Src/main.o
 .debug_frame   0x00000000000001dc       0x80 ./Core/Src/stm32f1xx_hal_msp.o
 .debug_frame   0x000000000000025c      0x120 ./Core/Src/stm32f1xx_it.o
 .debug_frame   0x000000000000037c       0x58 ./Core/Src/system_stm32f1xx.o
 .debug_frame   0x00000000000003d4       0xa4 ./Core/Src/timer.o
 .debug_frame   0x0000000000000478      0x334 ./Drivers/STM32F1xx_HAL_Driver/Src/stm32f1xx_hal.o
 .debug_frame   0x00000000000007ac      0x428 ./Drivers/STM32F1xx_HAL_Driver/Src/stm32f1xx_hal_cortex.o
 .debug_frame   0x0000000000000bd4      0x14c ./Drivers/STM32F1xx_HAL_Driver/Src/stm32f1xx_hal_gpio.o
 .debug_frame   0x0000000000000d20      0x21c ./Drivers/STM32F1xx_HAL_Driver/Src/stm32f1xx_hal_rcc.o
 .debug_frame   0x0000000000000f3c     0x11b8 ./Drivers/STM32F1xx_HAL_Driver/Src/stm32f1xx_hal_tim.o
 .debug_frame   0x00000000000020f4      0x638 ./Drivers/STM32F1xx_HAL_Driver/Src/stm32f1xx_hal_tim_ex.o
 .debug_frame   0x000000000000272c       0x2c c:/st/stm32cubeide_1.7.0/stm32cubeide/plugins/com.st.stm32cube.ide.mcu.externaltools.gnu-tools-for-stm32.10.3-2021.10.win32_1.0.0.202111181127/tools/bin/../lib/gcc/arm-none-eabi/10.3.1/../../../../arm-none-eabi/lib/thumb/v7-m/nofp\libc_nano.a(lib_a-init.o)
 .debug_frame   0x0000000000002758       0x20 c:/st/stm32cubeide_1.7.0/stm32cubeide/plugins/com.st.stm32cube.ide.mcu.externaltools.gnu-tools-for-stm32.10.3-2021.10.win32_1.0.0.202111181127/tools/bin/../lib/gcc/arm-none-eabi/10.3.1/../../../../arm-none-eabi/lib/thumb/v7-m/nofp\libc_nano.a(lib_a-memset.o)
